Archive member included to satisfy reference by file (symbol)

f:/tools/bin/altera/15.1/nios2eds/bin/gnu/h-x86_64-mingw32/bin/../lib/gcc/nios2-elf/4.9.2\libgcc.a(lib2-divmod.o)
                              obj/default/ink_ctrl.o (__divsi3)
f:/tools/bin/altera/15.1/nios2eds/bin/gnu/h-x86_64-mingw32/bin/../lib/gcc/nios2-elf/4.9.2\libgcc.a(adddf3.o)
                              obj/default/pid.o (__adddf3)
f:/tools/bin/altera/15.1/nios2eds/bin/gnu/h-x86_64-mingw32/bin/../lib/gcc/nios2-elf/4.9.2\libgcc.a(muldf3.o)
                              obj/default/pid.o (__muldf3)
f:/tools/bin/altera/15.1/nios2eds/bin/gnu/h-x86_64-mingw32/bin/../lib/gcc/nios2-elf/4.9.2\libgcc.a(fixdfsi.o)
                              obj/default/pid.o (__fixdfsi)
f:/tools/bin/altera/15.1/nios2eds/bin/gnu/h-x86_64-mingw32/bin/../lib/gcc/nios2-elf/4.9.2\libgcc.a(floatsidf.o)
                              obj/default/pid.o (__floatsidf)
f:/tools/bin/altera/15.1/nios2eds/bin/gnu/h-x86_64-mingw32/bin/../lib/gcc/nios2-elf/4.9.2\libgcc.a(_clzsi2.o)
                              f:/tools/bin/altera/15.1/nios2eds/bin/gnu/h-x86_64-mingw32/bin/../lib/gcc/nios2-elf/4.9.2\libgcc.a(adddf3.o) (__clzsi2)
f:/tools/bin/altera/15.1/nios2eds/bin/gnu/h-x86_64-mingw32/bin/../lib/gcc/nios2-elf/4.9.2\libgcc.a(_clz.o)
                              f:/tools/bin/altera/15.1/nios2eds/bin/gnu/h-x86_64-mingw32/bin/../lib/gcc/nios2-elf/4.9.2\libgcc.a(_clzsi2.o) (__clz_tab)
f:/tools/bin/altera/15.1/nios2eds/bin/gnu/h-x86_64-mingw32/bin/../lib/gcc/nios2-elf/4.9.2/../../../../../H-x86_64-mingw32/nios2-elf/lib\libsmallc.a(lib_a-memset.o)
                              obj/default/ink_ctrl.o (memset)
f:/tools/bin/altera/15.1/nios2eds/bin/gnu/h-x86_64-mingw32/bin/../lib/gcc/nios2-elf/4.9.2/../../../../../H-x86_64-mingw32/nios2-elf/lib\libsmallc.a(lib_a-sprintf.o)
                              obj/default/log.o (sprintf)
f:/tools/bin/altera/15.1/nios2eds/bin/gnu/h-x86_64-mingw32/bin/../lib/gcc/nios2-elf/4.9.2/../../../../../H-x86_64-mingw32/nios2-elf/lib\libsmallc.a(lib_a-svfprintf.o)
                              f:/tools/bin/altera/15.1/nios2eds/bin/gnu/h-x86_64-mingw32/bin/../lib/gcc/nios2-elf/4.9.2/../../../../../H-x86_64-mingw32/nios2-elf/lib\libsmallc.a(lib_a-sprintf.o) (___svfprintf_internal_r)
f:/tools/bin/altera/15.1/nios2eds/bin/gnu/h-x86_64-mingw32/bin/../lib/gcc/nios2-elf/4.9.2/../../../../../H-x86_64-mingw32/nios2-elf/lib\libsmallc.a(lib_a-fvwrite_small_str.o)
                              f:/tools/bin/altera/15.1/nios2eds/bin/gnu/h-x86_64-mingw32/bin/../lib/gcc/nios2-elf/4.9.2/../../../../../H-x86_64-mingw32/nios2-elf/lib\libsmallc.a(lib_a-sprintf.o) (__sfvwrite_small_str)
f:/tools/bin/altera/15.1/nios2eds/bin/gnu/h-x86_64-mingw32/bin/../lib/gcc/nios2-elf/4.9.2/../../../../../H-x86_64-mingw32/nios2-elf/lib\libsmallc.a(lib_a-impure.o)
                              f:/tools/bin/altera/15.1/nios2eds/bin/gnu/h-x86_64-mingw32/bin/../lib/gcc/nios2-elf/4.9.2/../../../../../H-x86_64-mingw32/nios2-elf/lib\libsmallc.a(lib_a-sprintf.o) (_impure_ptr)
f:/tools/bin/altera/15.1/nios2eds/bin/gnu/h-x86_64-mingw32/bin/../lib/gcc/nios2-elf/4.9.2/../../../../../H-x86_64-mingw32/nios2-elf/lib\libsmallc.a(lib_a-memmove.o)
                              f:/tools/bin/altera/15.1/nios2eds/bin/gnu/h-x86_64-mingw32/bin/../lib/gcc/nios2-elf/4.9.2/../../../../../H-x86_64-mingw32/nios2-elf/lib\libsmallc.a(lib_a-fvwrite_small_str.o) (memmove)
f:/tools/bin/altera/15.1/nios2eds/bin/gnu/h-x86_64-mingw32/bin/../lib/gcc/nios2-elf/4.9.2/../../../../../H-x86_64-mingw32/nios2-elf/lib\libsmallc.a(lib_a-strlen.o)
                              f:/tools/bin/altera/15.1/nios2eds/bin/gnu/h-x86_64-mingw32/bin/../lib/gcc/nios2-elf/4.9.2/../../../../../H-x86_64-mingw32/nios2-elf/lib\libsmallc.a(lib_a-svfprintf.o) (strlen)
../rx_fluid_nios_bsp/\libhal_bsp.a(alt_irq_register.o)
                              obj/default/timer.o (alt_irq_register)
../rx_fluid_nios_bsp/\libhal_bsp.a(alt_irq_vars.o)
                              ../rx_fluid_nios_bsp/\libhal_bsp.a(alt_irq_register.o) (alt_irq_active)
../rx_fluid_nios_bsp/\libhal_bsp.a(alt_load.o)
                              ../rx_fluid_nios_bsp//obj/HAL/src/crt0.o (alt_load)
../rx_fluid_nios_bsp/\libhal_bsp.a(alt_main.o)
                              ../rx_fluid_nios_bsp//obj/HAL/src/crt0.o (alt_main)
../rx_fluid_nios_bsp/\libhal_bsp.a(alt_sys_init.o)
                              ../rx_fluid_nios_bsp/\libhal_bsp.a(alt_main.o) (alt_irq_init)
../rx_fluid_nios_bsp/\libhal_bsp.a(altera_avalon_jtag_uart_init.o)
                              ../rx_fluid_nios_bsp/\libhal_bsp.a(alt_sys_init.o) (altera_avalon_jtag_uart_init)
../rx_fluid_nios_bsp/\libhal_bsp.a(altera_avalon_sysid_qsys.o)
                              obj/default/main.o (alt_avalon_sysid_qsys_test)
../rx_fluid_nios_bsp/\libhal_bsp.a(altera_avalon_timer_sc.o)
                              ../rx_fluid_nios_bsp/\libhal_bsp.a(alt_sys_init.o) (alt_avalon_timer_sc_init)
../rx_fluid_nios_bsp/\libhal_bsp.a(i2c_master.o)
                              obj/default/i2c.o (I2C_init)
../rx_fluid_nios_bsp/\libhal_bsp.a(alt_alarm_start.o)
                              ../rx_fluid_nios_bsp/\libhal_bsp.a(altera_avalon_jtag_uart_init.o) (alt_alarm_start)
../rx_fluid_nios_bsp/\libhal_bsp.a(alt_dcache_flush_all.o)
                              ../rx_fluid_nios_bsp/\libhal_bsp.a(alt_load.o) (alt_dcache_flush_all)
../rx_fluid_nios_bsp/\libhal_bsp.a(alt_icache_flush_all.o)
                              ../rx_fluid_nios_bsp/\libhal_bsp.a(alt_load.o) (alt_icache_flush_all)
../rx_fluid_nios_bsp/\libhal_bsp.a(alt_iic.o)
                              ../rx_fluid_nios_bsp/\libhal_bsp.a(altera_avalon_jtag_uart_init.o) (alt_ic_isr_register)
../rx_fluid_nios_bsp/\libhal_bsp.a(alt_iic_isr_register.o)
                              ../rx_fluid_nios_bsp/\libhal_bsp.a(alt_iic.o) (alt_iic_isr_register)
../rx_fluid_nios_bsp/\libhal_bsp.a(alt_irq_entry.o)
                              ../rx_fluid_nios_bsp/\libhal_bsp.a(alt_irq_register.o) (alt_irq_entry)
../rx_fluid_nios_bsp/\libhal_bsp.a(alt_irq_handler.o)
                              ../rx_fluid_nios_bsp/\libhal_bsp.a(alt_irq_register.o) (alt_irq_handler)
../rx_fluid_nios_bsp/\libhal_bsp.a(alt_tick.o)
                              ../rx_fluid_nios_bsp/\libhal_bsp.a(altera_avalon_timer_sc.o) (alt_tick)
../rx_fluid_nios_bsp/\libhal_bsp.a(altera_nios2_gen2_irq.o)
                              ../rx_fluid_nios_bsp/\libhal_bsp.a(alt_sys_init.o) (altera_nios2_gen2_irq_init)
../rx_fluid_nios_bsp/\libhal_bsp.a(alt_exception_entry.o)
                              ../rx_fluid_nios_bsp/\libhal_bsp.a(alt_irq_entry.o) (alt_exception)
../rx_fluid_nios_bsp/\libhal_bsp.a(alt_icache_flush.o)
                              ../rx_fluid_nios_bsp/\libhal_bsp.a(alt_icache_flush_all.o) (alt_icache_flush)
../rx_fluid_nios_bsp/\libhal_bsp.a(alt_instruction_exception_entry.o)
                              ../rx_fluid_nios_bsp/\libhal_bsp.a(alt_exception_entry.o) (alt_instruction_exception_entry)

Allocating common symbols
Common symbol       size              file

alt_irq             0x100             ../rx_fluid_nios_bsp/\libhal_bsp.a(alt_irq_handler.o)
_Sensor             0x214             obj/default/pres.o
arm_ptr             0x4               obj/default/main.o
pRX_Status          0x4               obj/default/main.o
pRX_Config          0x4               obj/default/main.o

Memory Configuration

Name             Origin             Length             Attributes
reset            0x0000000000010000 0x0000000000000020
onchip_memory_nios_cpu 0x0000000000010020 0x000000000000ffe0
onchip_memory_nios_arm 0x0000000000050000 0x0000000000008000
*default*        0x0000000000000000 0xffffffffffffffff

Linker script and memory map

LOAD ../rx_fluid_nios_bsp//obj/HAL/src/crt0.o
LOAD obj/default/AMC7891.o
LOAD obj/default/MAX31865.o
LOAD obj/default/adc_thermistor.o
LOAD obj/default/heater.o
LOAD obj/default/i2c.o
LOAD obj/default/ink_ctrl.o
LOAD obj/default/log.o
LOAD obj/default/main.o
LOAD obj/default/pid.o
LOAD obj/default/pres.o
LOAD obj/default/rx_ink_common.o
LOAD obj/default/timer.o
LOAD obj/default/version.o
LOAD f:/tools/bin/altera/15.1/nios2eds/bin/gnu/h-x86_64-mingw32/bin/../lib/gcc/nios2-elf/4.9.2/../../../../../H-x86_64-mingw32/nios2-elf/lib\libstdc++.a
LOAD f:/tools/bin/altera/15.1/nios2eds/bin/gnu/h-x86_64-mingw32/bin/../lib/gcc/nios2-elf/4.9.2/../../../../../H-x86_64-mingw32/nios2-elf/lib\libm.a
LOAD f:/tools/bin/altera/15.1/nios2eds/bin/gnu/h-x86_64-mingw32/bin/../lib/gcc/nios2-elf/4.9.2\libgcc.a
START GROUP
LOAD f:/tools/bin/altera/15.1/nios2eds/bin/gnu/h-x86_64-mingw32/bin/../lib/gcc/nios2-elf/4.9.2/../../../../../H-x86_64-mingw32/nios2-elf/lib\libsmallc.a
LOAD f:/tools/bin/altera/15.1/nios2eds/bin/gnu/h-x86_64-mingw32/bin/../lib/gcc/nios2-elf/4.9.2\libgcc.a
LOAD ../rx_fluid_nios_bsp/\libhal_bsp.a
LOAD f:/tools/bin/altera/15.1/nios2eds/bin/gnu/h-x86_64-mingw32/bin/../lib/gcc/nios2-elf/4.9.2/../../../../../H-x86_64-mingw32/nios2-elf/lib\libm.a
END GROUP
LOAD f:/tools/bin/altera/15.1/nios2eds/bin/gnu/h-x86_64-mingw32/bin/../lib/gcc/nios2-elf/4.9.2\libgcc.a
                0x0000000000010000                __alt_mem_onchip_memory_nios_cpu = 0x10000
                0x0000000000050000                __alt_mem_onchip_memory_nios_arm = 0x50000

.entry          0x0000000000010000       0x20
 *(.entry)
 .entry         0x0000000000010000       0x20 ../rx_fluid_nios_bsp//obj/HAL/src/crt0.o
                0x0000000000010000                __reset
                0x000000000001001c                _exit

.exceptions     0x0000000000010020      0x16c
                0x0000000000010020                PROVIDE (__ram_exceptions_start, ABSOLUTE (.))
                0x0000000000010020                . = ALIGN (0x20)
 *(.irq)
 *(.exceptions.entry.label)
 .exceptions.entry.label
                0x0000000000010020        0x0 ../rx_fluid_nios_bsp/\libhal_bsp.a(alt_irq_entry.o)
                0x0000000000010020                alt_irq_entry
 .exceptions.entry.label
                0x0000000000010020        0x0 ../rx_fluid_nios_bsp/\libhal_bsp.a(alt_exception_entry.o)
                0x0000000000010020                alt_exception
 *(.exceptions.entry.user)
 *(.exceptions.entry.ecc_fatal)
 *(.exceptions.entry)
 .exceptions.entry
                0x0000000000010020       0x54 ../rx_fluid_nios_bsp/\libhal_bsp.a(alt_exception_entry.o)
 *(.exceptions.irqtest.user)
 *(.exceptions.irqtest)
 .exceptions.irqtest
                0x0000000000010074       0x10 ../rx_fluid_nios_bsp/\libhal_bsp.a(alt_irq_entry.o)
 *(.exceptions.irqhandler.user)
 *(.exceptions.irqhandler)
 .exceptions.irqhandler
                0x0000000000010084        0x4 ../rx_fluid_nios_bsp/\libhal_bsp.a(alt_irq_entry.o)
 *(.exceptions.irqreturn.user)
 *(.exceptions.irqreturn)
 .exceptions.irqreturn
                0x0000000000010088        0x4 ../rx_fluid_nios_bsp/\libhal_bsp.a(alt_irq_entry.o)
 *(.exceptions.notirq.label)
 .exceptions.notirq.label
                0x000000000001008c        0x0 ../rx_fluid_nios_bsp/\libhal_bsp.a(alt_irq_entry.o)
 *(.exceptions.notirq.user)
 *(.exceptions.notirq)
 .exceptions.notirq
                0x000000000001008c        0x8 ../rx_fluid_nios_bsp/\libhal_bsp.a(alt_exception_entry.o)
 *(.exceptions.soft.user)
 *(.exceptions.soft)
 *(.exceptions.unknown.user)
 *(.exceptions.unknown)
 .exceptions.unknown
                0x0000000000010094       0x14 ../rx_fluid_nios_bsp/\libhal_bsp.a(alt_exception_entry.o)
 *(.exceptions.exit.label)
 .exceptions.exit.label
                0x00000000000100a8        0x0 ../rx_fluid_nios_bsp/\libhal_bsp.a(alt_irq_entry.o)
 .exceptions.exit.label
                0x00000000000100a8        0x0 ../rx_fluid_nios_bsp/\libhal_bsp.a(alt_exception_entry.o)
 *(.exceptions.exit.user)
 *(.exceptions.exit)
 .exceptions.exit
                0x00000000000100a8       0x54 ../rx_fluid_nios_bsp/\libhal_bsp.a(alt_exception_entry.o)
 *(.exceptions)
 .exceptions    0x00000000000100fc       0x64 ../rx_fluid_nios_bsp/\libhal_bsp.a(alt_irq_handler.o)
                0x00000000000100fc                alt_irq_handler
 .exceptions    0x0000000000010160       0x2c ../rx_fluid_nios_bsp/\libhal_bsp.a(alt_instruction_exception_entry.o)
                0x0000000000010160                alt_instruction_exception_entry
                0x000000000001018c                PROVIDE (__ram_exceptions_end, ABSOLUTE (.))
                0x0000000000010020                PROVIDE (__flash_exceptions_start, LOADADDR (.exceptions))

.text           0x000000000001018c     0x7554
                0x000000000001018c                PROVIDE (stext, ABSOLUTE (.))
 *(.interp)
 *(.hash)
 *(.dynsym)
 *(.dynstr)
 *(.gnu.version)
 *(.gnu.version_d)
 *(.gnu.version_r)
 *(.rel.init)
 *(.rela.init)
 *(.rel.text .rel.text.* .rel.gnu.linkonce.t.*)
 *(.rela.text .rela.text.* .rela.gnu.linkonce.t.*)
 *(.rel.fini)
 *(.rela.fini)
 *(.rel.rodata .rel.rodata.* .rel.gnu.linkonce.r.*)
 *(.rela.rodata .rela.rodata.* .rela.gnu.linkonce.r.*)
 *(.rel.data .rel.data.* .rel.gnu.linkonce.d.*)
 *(.rela.data .rela.data.* .rela.gnu.linkonce.d.*)
 *(.rel.tdata .rel.tdata.* .rel.gnu.linkonce.td.*)
 *(.rela.tdata .rela.tdata.* .rela.gnu.linkonce.td.*)
 *(.rel.tbss .rel.tbss.* .rel.gnu.linkonce.tb.*)
 *(.rela.tbss .rela.tbss.* .rela.gnu.linkonce.tb.*)
 *(.rel.ctors)
 *(.rela.ctors)
 *(.rel.dtors)
 *(.rela.dtors)
 *(.rel.got)
 *(.rela.got)
 *(.rel.sdata .rel.sdata.* .rel.gnu.linkonce.s.*)
 *(.rela.sdata .rela.sdata.* .rela.gnu.linkonce.s.*)
 *(.rel.sbss .rel.sbss.* .rel.gnu.linkonce.sb.*)
 *(.rela.sbss .rela.sbss.* .rela.gnu.linkonce.sb.*)
 *(.rel.sdata2 .rel.sdata2.* .rel.gnu.linkonce.s2.*)
 *(.rela.sdata2 .rela.sdata2.* .rela.gnu.linkonce.s2.*)
 *(.rel.sbss2 .rel.sbss2.* .rel.gnu.linkonce.sb2.*)
 *(.rela.sbss2 .rela.sbss2.* .rela.gnu.linkonce.sb2.*)
 *(.rel.bss .rel.bss.* .rel.gnu.linkonce.b.*)
 *(.rela.bss .rela.bss.* .rela.gnu.linkonce.b.*)
 *(.rel.plt)
 *(.rela.plt)
 *(.rel.dyn)
 *(.init)
 *(.plt)
 *(.text .stub .text.* .gnu.linkonce.t.*)
 .text          0x000000000001018c       0x3c ../rx_fluid_nios_bsp//obj/HAL/src/crt0.o
                0x000000000001018c                _start
 .text          0x00000000000101c8      0x118 obj/default/AMC7891.o
                0x00000000000101c8                init_AMC7891
 .text          0x00000000000102e0       0xac obj/default/MAX31865.o
                0x00000000000102e0                init_MAX31865
 .text          0x000000000001038c      0x554 obj/default/adc_thermistor.o
                0x000000000001038c                Main_adc_polling
                0x0000000000010430                dsp_lookup_f
                0x00000000000105e8                ADC_BUFFER_RESET
                0x0000000000010664                ADC_BUFFER_EMPTY
                0x00000000000106a4                ADC_BUFFER_FULL
                0x00000000000106e0                ADC_BUFFER_COUNT
                0x0000000000010708                ADC_BUFFER_WR
                0x000000000001079c                ADC_BUFFER_RD
                0x0000000000010844                ADC_BUFFER_RD_MEAN
 .text          0x00000000000108e0      0x3f8 obj/default/heater.o
                0x00000000000108e0                heater_init
                0x000000000001093c                heater_tick_10ms
                0x0000000000010cbc                heater_tick_1000ms
 .text          0x0000000000010cd8       0x58 obj/default/i2c.o
                0x0000000000010cd8                init_I2C
 .text          0x0000000000010d30     0x29f0 obj/default/ink_ctrl.o
                0x0000000000010d30                ink_init
                0x0000000000010f14                ink_tick_10ms
                0x00000000000122e8                ink_tick_1000ms
 .text          0x0000000000013720      0x560 obj/default/log.o
                0x0000000000013720                log_init
                0x00000000000137c4                log_tick_10ms
 .text          0x0000000000013c80      0x260 obj/default/main.o
                0x0000000000013c80                main
 .text          0x0000000000013ee0      0x2f0 obj/default/pid.o
                0x0000000000013ee0                pid_reset
                0x0000000000013f18                pid_calc
 .text          0x00000000000141d0      0x578 obj/default/pres.o
                0x00000000000141d0                pres_init
                0x00000000000146e4                pres_tick_10ms
 .text          0x0000000000014748      0x6bc obj/default/rx_ink_common.o
                0x0000000000014748                FluidCtrlModeStr
                0x0000000000014a0c                DownloadStateStr
                0x0000000000014b10                value_str
                0x0000000000014ba0                value_str1
                0x0000000000014c68                value_str_temp
                0x0000000000014d3c                value_str3
 .text          0x0000000000014e04      0x4d8 obj/default/timer.o
                0x0000000000014e04                timer_main
                0x0000000000015210                timer_init
 .text          0x00000000000152dc        0x0 obj/default/version.o
 .text          0x00000000000152dc      0x12c f:/tools/bin/altera/15.1/nios2eds/bin/gnu/h-x86_64-mingw32/bin/../lib/gcc/nios2-elf/4.9.2\libgcc.a(lib2-divmod.o)
                0x0000000000015348                __divsi3
                0x000000000001539c                __modsi3
                0x00000000000153f8                __udivsi3
                0x0000000000015400                __umodsi3
 .text          0x0000000000015408      0x89c f:/tools/bin/altera/15.1/nios2eds/bin/gnu/h-x86_64-mingw32/bin/../lib/gcc/nios2-elf/4.9.2\libgcc.a(adddf3.o)
                0x0000000000015408                __adddf3
 .text          0x0000000000015ca4      0x724 f:/tools/bin/altera/15.1/nios2eds/bin/gnu/h-x86_64-mingw32/bin/../lib/gcc/nios2-elf/4.9.2\libgcc.a(muldf3.o)
                0x0000000000015ca4                __muldf3
 .text          0x00000000000163c8       0x88 f:/tools/bin/altera/15.1/nios2eds/bin/gnu/h-x86_64-mingw32/bin/../lib/gcc/nios2-elf/4.9.2\libgcc.a(fixdfsi.o)
                0x00000000000163c8                __fixdfsi
 .text          0x0000000000016450       0xd0 f:/tools/bin/altera/15.1/nios2eds/bin/gnu/h-x86_64-mingw32/bin/../lib/gcc/nios2-elf/4.9.2\libgcc.a(floatsidf.o)
                0x0000000000016450                __floatsidf
 .text          0x0000000000016520       0x64 f:/tools/bin/altera/15.1/nios2eds/bin/gnu/h-x86_64-mingw32/bin/../lib/gcc/nios2-elf/4.9.2\libgcc.a(_clzsi2.o)
                0x0000000000016520                __clzsi2
 .text          0x0000000000016584        0x0 f:/tools/bin/altera/15.1/nios2eds/bin/gnu/h-x86_64-mingw32/bin/../lib/gcc/nios2-elf/4.9.2\libgcc.a(_clz.o)
 .text          0x0000000000016584        0x0 f:/tools/bin/altera/15.1/nios2eds/bin/gnu/h-x86_64-mingw32/bin/../lib/gcc/nios2-elf/4.9.2/../../../../../H-x86_64-mingw32/nios2-elf/lib\libsmallc.a(lib_a-memset.o)
 .text.memset   0x0000000000016584       0x20 f:/tools/bin/altera/15.1/nios2eds/bin/gnu/h-x86_64-mingw32/bin/../lib/gcc/nios2-elf/4.9.2/../../../../../H-x86_64-mingw32/nios2-elf/lib\libsmallc.a(lib_a-memset.o)
                0x0000000000016584                memset
 .text          0x00000000000165a4        0x0 f:/tools/bin/altera/15.1/nios2eds/bin/gnu/h-x86_64-mingw32/bin/../lib/gcc/nios2-elf/4.9.2/../../../../../H-x86_64-mingw32/nios2-elf/lib\libsmallc.a(lib_a-sprintf.o)
 .text._sprintf_r
                0x00000000000165a4       0x64 f:/tools/bin/altera/15.1/nios2eds/bin/gnu/h-x86_64-mingw32/bin/../lib/gcc/nios2-elf/4.9.2/../../../../../H-x86_64-mingw32/nios2-elf/lib\libsmallc.a(lib_a-sprintf.o)
                0x00000000000165a4                _sprintf_r
 .text.sprintf  0x0000000000016608       0x78 f:/tools/bin/altera/15.1/nios2eds/bin/gnu/h-x86_64-mingw32/bin/../lib/gcc/nios2-elf/4.9.2/../../../../../H-x86_64-mingw32/nios2-elf/lib\libsmallc.a(lib_a-sprintf.o)
                0x0000000000016608                sprintf
 .text          0x0000000000016680        0x0 f:/tools/bin/altera/15.1/nios2eds/bin/gnu/h-x86_64-mingw32/bin/../lib/gcc/nios2-elf/4.9.2/../../../../../H-x86_64-mingw32/nios2-elf/lib\libsmallc.a(lib_a-svfprintf.o)
 .text.print_repeat
                0x0000000000016680       0x6c f:/tools/bin/altera/15.1/nios2eds/bin/gnu/h-x86_64-mingw32/bin/../lib/gcc/nios2-elf/4.9.2/../../../../../H-x86_64-mingw32/nios2-elf/lib\libsmallc.a(lib_a-svfprintf.o)
 .text.___svfprintf_internal_r
                0x00000000000166ec      0x544 f:/tools/bin/altera/15.1/nios2eds/bin/gnu/h-x86_64-mingw32/bin/../lib/gcc/nios2-elf/4.9.2/../../../../../H-x86_64-mingw32/nios2-elf/lib\libsmallc.a(lib_a-svfprintf.o)
                0x00000000000166ec                ___svfprintf_internal_r
 .text.__vfprintf_internal_unused
                0x0000000000016c30       0x24 f:/tools/bin/altera/15.1/nios2eds/bin/gnu/h-x86_64-mingw32/bin/../lib/gcc/nios2-elf/4.9.2/../../../../../H-x86_64-mingw32/nios2-elf/lib\libsmallc.a(lib_a-svfprintf.o)
                0x0000000000016c30                __vfprintf_internal_unused
 .text          0x0000000000016c54        0x0 f:/tools/bin/altera/15.1/nios2eds/bin/gnu/h-x86_64-mingw32/bin/../lib/gcc/nios2-elf/4.9.2/../../../../../H-x86_64-mingw32/nios2-elf/lib\libsmallc.a(lib_a-fvwrite_small_str.o)
 .text.__sfvwrite_small_str
                0x0000000000016c54       0x9c f:/tools/bin/altera/15.1/nios2eds/bin/gnu/h-x86_64-mingw32/bin/../lib/gcc/nios2-elf/4.9.2/../../../../../H-x86_64-mingw32/nios2-elf/lib\libsmallc.a(lib_a-fvwrite_small_str.o)
                0x0000000000016c54                __sfvwrite_small_str
 .text          0x0000000000016cf0        0x0 f:/tools/bin/altera/15.1/nios2eds/bin/gnu/h-x86_64-mingw32/bin/../lib/gcc/nios2-elf/4.9.2/../../../../../H-x86_64-mingw32/nios2-elf/lib\libsmallc.a(lib_a-impure.o)
 .text          0x0000000000016cf0        0x0 f:/tools/bin/altera/15.1/nios2eds/bin/gnu/h-x86_64-mingw32/bin/../lib/gcc/nios2-elf/4.9.2/../../../../../H-x86_64-mingw32/nios2-elf/lib\libsmallc.a(lib_a-memmove.o)
 .text.memmove  0x0000000000016cf0       0x60 f:/tools/bin/altera/15.1/nios2eds/bin/gnu/h-x86_64-mingw32/bin/../lib/gcc/nios2-elf/4.9.2/../../../../../H-x86_64-mingw32/nios2-elf/lib\libsmallc.a(lib_a-memmove.o)
                0x0000000000016cf0                memmove
 .text          0x0000000000016d50        0x0 f:/tools/bin/altera/15.1/nios2eds/bin/gnu/h-x86_64-mingw32/bin/../lib/gcc/nios2-elf/4.9.2/../../../../../H-x86_64-mingw32/nios2-elf/lib\libsmallc.a(lib_a-strlen.o)
 .text.strlen   0x0000000000016d50       0x1c f:/tools/bin/altera/15.1/nios2eds/bin/gnu/h-x86_64-mingw32/bin/../lib/gcc/nios2-elf/4.9.2/../../../../../H-x86_64-mingw32/nios2-elf/lib\libsmallc.a(lib_a-strlen.o)
                0x0000000000016d50                strlen
 .text          0x0000000000016d6c       0x9c ../rx_fluid_nios_bsp/\libhal_bsp.a(alt_irq_register.o)
                0x0000000000016d6c                alt_irq_register
 .text          0x0000000000016e08        0x0 ../rx_fluid_nios_bsp/\libhal_bsp.a(alt_irq_vars.o)
 .text          0x0000000000016e08       0xf8 ../rx_fluid_nios_bsp/\libhal_bsp.a(alt_load.o)
                0x0000000000016e08                alt_load
 .text          0x0000000000016f00       0x2c ../rx_fluid_nios_bsp/\libhal_bsp.a(alt_main.o)
                0x0000000000016f00                alt_main
 .text          0x0000000000016f2c       0x58 ../rx_fluid_nios_bsp/\libhal_bsp.a(alt_sys_init.o)
                0x0000000000016f2c                alt_irq_init
                0x0000000000016f4c                alt_sys_init
 .text          0x0000000000016f84      0x1e8 ../rx_fluid_nios_bsp/\libhal_bsp.a(altera_avalon_jtag_uart_init.o)
                0x00000000000170bc                altera_avalon_jtag_uart_init
                0x000000000001713c                altera_avalon_jtag_uart_close
 .text          0x000000000001716c       0x4c ../rx_fluid_nios_bsp/\libhal_bsp.a(altera_avalon_sysid_qsys.o)
                0x000000000001716c                alt_avalon_sysid_qsys_test
 .text          0x00000000000171b8       0x8c ../rx_fluid_nios_bsp/\libhal_bsp.a(altera_avalon_timer_sc.o)
                0x00000000000171f4                alt_avalon_timer_sc_init
 .text          0x0000000000017244      0x154 ../rx_fluid_nios_bsp/\libhal_bsp.a(i2c_master.o)
                0x0000000000017244                I2C_init
                0x0000000000017298                I2C_start
                0x00000000000172f0                I2C_read
                0x0000000000017340                I2C_write
 .text          0x0000000000017398       0x94 ../rx_fluid_nios_bsp/\libhal_bsp.a(alt_alarm_start.o)
                0x0000000000017398                alt_alarm_start
 .text          0x000000000001742c        0x4 ../rx_fluid_nios_bsp/\libhal_bsp.a(alt_dcache_flush_all.o)
                0x000000000001742c                alt_dcache_flush_all
 .text          0x0000000000017430        0xc ../rx_fluid_nios_bsp/\libhal_bsp.a(alt_icache_flush_all.o)
                0x0000000000017430                alt_icache_flush_all
 .text          0x000000000001743c       0x9c ../rx_fluid_nios_bsp/\libhal_bsp.a(alt_iic.o)
                0x000000000001743c                alt_ic_isr_register
                0x0000000000017440                alt_ic_irq_enable
                0x0000000000017480                alt_ic_irq_disable
                0x00000000000174c0                alt_ic_irq_enabled
 .text          0x00000000000174d8       0x68 ../rx_fluid_nios_bsp/\libhal_bsp.a(alt_iic_isr_register.o)
                0x00000000000174d8                alt_iic_isr_register
 .text          0x0000000000017540        0x0 ../rx_fluid_nios_bsp/\libhal_bsp.a(alt_irq_entry.o)
 .text          0x0000000000017540        0x0 ../rx_fluid_nios_bsp/\libhal_bsp.a(alt_irq_handler.o)
 .text          0x0000000000017540       0xec ../rx_fluid_nios_bsp/\libhal_bsp.a(alt_tick.o)
                0x0000000000017540                alt_alarm_stop
                0x0000000000017574                alt_tick
 .text          0x000000000001762c        0x8 ../rx_fluid_nios_bsp/\libhal_bsp.a(altera_nios2_gen2_irq.o)
                0x000000000001762c                altera_nios2_gen2_irq_init
 .text          0x0000000000017634        0x0 ../rx_fluid_nios_bsp/\libhal_bsp.a(alt_exception_entry.o)
 .text          0x0000000000017634       0x38 ../rx_fluid_nios_bsp/\libhal_bsp.a(alt_icache_flush.o)
                0x0000000000017634                alt_icache_flush
 .text          0x000000000001766c       0x74 ../rx_fluid_nios_bsp/\libhal_bsp.a(alt_instruction_exception_entry.o)
                0x000000000001766c                alt_exception_cause_generated_bad_addr
 *(.gnu.warning.*)
 *(.fini)
                0x00000000000176e0                PROVIDE (__etext, ABSOLUTE (.))
                0x00000000000176e0                PROVIDE (_etext, ABSOLUTE (.))
                0x00000000000176e0                PROVIDE (etext, ABSOLUTE (.))
 *(.eh_frame_hdr)
                0x00000000000176e0                . = ALIGN (0x4)
                0x00000000000176e0                PROVIDE (__preinit_array_start, ABSOLUTE (.))
 *(.preinit_array)
                0x00000000000176e0                PROVIDE (__preinit_array_end, ABSOLUTE (.))
                0x00000000000176e0                PROVIDE (__init_array_start, ABSOLUTE (.))
 *(.init_array)
                0x00000000000176e0                PROVIDE (__init_array_end, ABSOLUTE (.))
                0x00000000000176e0                PROVIDE (__fini_array_start, ABSOLUTE (.))
 *(.fini_array)
                0x00000000000176e0                PROVIDE (__fini_array_end, ABSOLUTE (.))
 *(.eh_frame)
 *(.gcc_except_table .gcc_except_table.*)
 *(.dynamic)
                0x00000000000176e0                PROVIDE (__CTOR_LIST__, ABSOLUTE (.))
 *(.ctors)
 *(SORT(.ctors.*))
                0x00000000000176e0                PROVIDE (__CTOR_END__, ABSOLUTE (.))
                0x00000000000176e0                PROVIDE (__DTOR_LIST__, ABSOLUTE (.))
 *(.dtors)
 *(SORT(.dtors.*))
                0x00000000000176e0                PROVIDE (__DTOR_END__, ABSOLUTE (.))
 *(.jcr)
                0x00000000000176e0                . = ALIGN (0x4)

.rodata         0x00000000000176e0      0x584
                0x00000000000176e0                PROVIDE (__ram_rodata_start, ABSOLUTE (.))
                0x00000000000176e0                . = ALIGN (0x4)
 *(.rodata .rodata.* .gnu.linkonce.r.*)
 .rodata        0x00000000000176e0      0x22c obj/default/ink_ctrl.o
 .rodata        0x000000000001790c       0x4c obj/default/log.o
 .rodata        0x0000000000017958      0x184 obj/default/rx_ink_common.o
 .rodata        0x0000000000017adc       0x1c obj/default/timer.o
 .rodata        0x0000000000017af8       0x6c obj/default/version.o
                0x0000000000017b44                version
 .rodata        0x0000000000017b64      0x100 f:/tools/bin/altera/15.1/nios2eds/bin/gnu/h-x86_64-mingw32/bin/../lib/gcc/nios2-elf/4.9.2\libgcc.a(_clz.o)
                0x0000000000017b64                __clz_tab
 *(.rodata1)
                0x0000000000017c64                . = ALIGN (0x4)
                0x0000000000017c64                PROVIDE (__ram_rodata_end, ABSOLUTE (.))
                0x00000000000176e0                PROVIDE (__flash_rodata_start, LOADADDR (.rodata))

.rwdata         0x0000000000017c64     0x151c load address 0x0000000000019180
                0x0000000000017c64                PROVIDE (__ram_rwdata_start, ABSOLUTE (.))
                0x0000000000017c64                . = ALIGN (0x4)
 *(.got.plt)
 *(.got)
 *(.data1)
 *(.data .data.* .gnu.linkonce.d.*)
 .data          0x0000000000017c64        0x0 ../rx_fluid_nios_bsp//obj/HAL/src/crt0.o
 .data          0x0000000000017c64        0x0 obj/default/AMC7891.o
 .data          0x0000000000017c64        0x0 obj/default/MAX31865.o
 .data          0x0000000000017c64      0x3c0 obj/default/adc_thermistor.o
                0x0000000000017c64                my_table
 .data          0x0000000000018024        0x0 obj/default/heater.o
 .data          0x0000000000018024        0x0 obj/default/i2c.o
 .data          0x0000000000018024       0x10 obj/default/ink_ctrl.o
 .data          0x0000000000018034        0x0 obj/default/log.o
 .data          0x0000000000018034        0x0 obj/default/main.o
 .data          0x0000000000018034        0x0 obj/default/pid.o
 .data          0x0000000000018034        0x0 obj/default/pres.o
 .data          0x0000000000018034        0x0 obj/default/rx_ink_common.o
 .data          0x0000000000018034        0x0 obj/default/timer.o
 .data          0x0000000000018034        0x0 obj/default/version.o
 .data          0x0000000000018034        0x0 f:/tools/bin/altera/15.1/nios2eds/bin/gnu/h-x86_64-mingw32/bin/../lib/gcc/nios2-elf/4.9.2\libgcc.a(lib2-divmod.o)
 .data          0x0000000000018034        0x0 f:/tools/bin/altera/15.1/nios2eds/bin/gnu/h-x86_64-mingw32/bin/../lib/gcc/nios2-elf/4.9.2\libgcc.a(adddf3.o)
 .data          0x0000000000018034        0x0 f:/tools/bin/altera/15.1/nios2eds/bin/gnu/h-x86_64-mingw32/bin/../lib/gcc/nios2-elf/4.9.2\libgcc.a(muldf3.o)
 .data          0x0000000000018034        0x0 f:/tools/bin/altera/15.1/nios2eds/bin/gnu/h-x86_64-mingw32/bin/../lib/gcc/nios2-elf/4.9.2\libgcc.a(fixdfsi.o)
 .data          0x0000000000018034        0x0 f:/tools/bin/altera/15.1/nios2eds/bin/gnu/h-x86_64-mingw32/bin/../lib/gcc/nios2-elf/4.9.2\libgcc.a(floatsidf.o)
 .data          0x0000000000018034        0x0 f:/tools/bin/altera/15.1/nios2eds/bin/gnu/h-x86_64-mingw32/bin/../lib/gcc/nios2-elf/4.9.2\libgcc.a(_clzsi2.o)
 .data          0x0000000000018034        0x0 f:/tools/bin/altera/15.1/nios2eds/bin/gnu/h-x86_64-mingw32/bin/../lib/gcc/nios2-elf/4.9.2\libgcc.a(_clz.o)
 .data          0x0000000000018034        0x0 f:/tools/bin/altera/15.1/nios2eds/bin/gnu/h-x86_64-mingw32/bin/../lib/gcc/nios2-elf/4.9.2/../../../../../H-x86_64-mingw32/nios2-elf/lib\libsmallc.a(lib_a-memset.o)
 .data          0x0000000000018034        0x0 f:/tools/bin/altera/15.1/nios2eds/bin/gnu/h-x86_64-mingw32/bin/../lib/gcc/nios2-elf/4.9.2/../../../../../H-x86_64-mingw32/nios2-elf/lib\libsmallc.a(lib_a-sprintf.o)
 .data          0x0000000000018034        0x0 f:/tools/bin/altera/15.1/nios2eds/bin/gnu/h-x86_64-mingw32/bin/../lib/gcc/nios2-elf/4.9.2/../../../../../H-x86_64-mingw32/nios2-elf/lib\libsmallc.a(lib_a-svfprintf.o)
 .data          0x0000000000018034        0x0 f:/tools/bin/altera/15.1/nios2eds/bin/gnu/h-x86_64-mingw32/bin/../lib/gcc/nios2-elf/4.9.2/../../../../../H-x86_64-mingw32/nios2-elf/lib\libsmallc.a(lib_a-fvwrite_small_str.o)
 .data          0x0000000000018034        0x0 f:/tools/bin/altera/15.1/nios2eds/bin/gnu/h-x86_64-mingw32/bin/../lib/gcc/nios2-elf/4.9.2/../../../../../H-x86_64-mingw32/nios2-elf/lib\libsmallc.a(lib_a-impure.o)
 .data.impure_data
                0x0000000000018034       0xe0 f:/tools/bin/altera/15.1/nios2eds/bin/gnu/h-x86_64-mingw32/bin/../lib/gcc/nios2-elf/4.9.2/../../../../../H-x86_64-mingw32/nios2-elf/lib\libsmallc.a(lib_a-impure.o)
 .data          0x0000000000018114        0x0 f:/tools/bin/altera/15.1/nios2eds/bin/gnu/h-x86_64-mingw32/bin/../lib/gcc/nios2-elf/4.9.2/../../../../../H-x86_64-mingw32/nios2-elf/lib\libsmallc.a(lib_a-memmove.o)
 .data          0x0000000000018114        0x0 f:/tools/bin/altera/15.1/nios2eds/bin/gnu/h-x86_64-mingw32/bin/../lib/gcc/nios2-elf/4.9.2/../../../../../H-x86_64-mingw32/nios2-elf/lib\libsmallc.a(lib_a-strlen.o)
 .data          0x0000000000018114        0x0 ../rx_fluid_nios_bsp/\libhal_bsp.a(alt_irq_register.o)
 .data          0x0000000000018114        0x0 ../rx_fluid_nios_bsp/\libhal_bsp.a(alt_irq_vars.o)
 .data          0x0000000000018114        0x0 ../rx_fluid_nios_bsp/\libhal_bsp.a(alt_load.o)
 .data          0x0000000000018114        0x0 ../rx_fluid_nios_bsp/\libhal_bsp.a(alt_main.o)
 .data          0x0000000000018114     0x1038 ../rx_fluid_nios_bsp/\libhal_bsp.a(alt_sys_init.o)
                0x0000000000018114                jtag_uart
 .data          0x000000000001914c        0x0 ../rx_fluid_nios_bsp/\libhal_bsp.a(altera_avalon_jtag_uart_init.o)
 .data          0x000000000001914c        0x0 ../rx_fluid_nios_bsp/\libhal_bsp.a(altera_avalon_sysid_qsys.o)
 .data          0x000000000001914c        0x0 ../rx_fluid_nios_bsp/\libhal_bsp.a(altera_avalon_timer_sc.o)
 .data          0x000000000001914c        0x0 ../rx_fluid_nios_bsp/\libhal_bsp.a(i2c_master.o)
 .data          0x000000000001914c        0x0 ../rx_fluid_nios_bsp/\libhal_bsp.a(alt_alarm_start.o)
 .data          0x000000000001914c        0x0 ../rx_fluid_nios_bsp/\libhal_bsp.a(alt_dcache_flush_all.o)
 .data          0x000000000001914c        0x0 ../rx_fluid_nios_bsp/\libhal_bsp.a(alt_icache_flush_all.o)
 .data          0x000000000001914c        0x0 ../rx_fluid_nios_bsp/\libhal_bsp.a(alt_iic.o)
 .data          0x000000000001914c        0x0 ../rx_fluid_nios_bsp/\libhal_bsp.a(alt_iic_isr_register.o)
 .data          0x000000000001914c        0x0 ../rx_fluid_nios_bsp/\libhal_bsp.a(alt_irq_entry.o)
 .data          0x000000000001914c        0x0 ../rx_fluid_nios_bsp/\libhal_bsp.a(alt_irq_handler.o)
 .data          0x000000000001914c        0x0 ../rx_fluid_nios_bsp/\libhal_bsp.a(alt_tick.o)
 .data          0x000000000001914c        0x0 ../rx_fluid_nios_bsp/\libhal_bsp.a(altera_nios2_gen2_irq.o)
 .data          0x000000000001914c        0x0 ../rx_fluid_nios_bsp/\libhal_bsp.a(alt_exception_entry.o)
 .data          0x000000000001914c        0x0 ../rx_fluid_nios_bsp/\libhal_bsp.a(alt_icache_flush.o)
 .data          0x000000000001914c        0x0 ../rx_fluid_nios_bsp/\libhal_bsp.a(alt_instruction_exception_entry.o)
                0x000000000002114c                _gp = ABSOLUTE ((. + 0x8000))
                0x000000000002114c                PROVIDE (gp, _gp)
 *(.rwdata .rwdata.*)
 *(.sdata .sdata.* .gnu.linkonce.s.*)
 .sdata         0x000000000001914c        0x8 obj/default/timer.o
 .sdata         0x0000000000019154       0x18 obj/default/version.o
                0x0000000000019154                revisionStr
                0x0000000000019158                dateStr
                0x000000000001915c                ver_major
                0x0000000000019160                ver_minor
                0x0000000000019164                ver_revision
                0x0000000000019168                ver_build
 .sdata._global_impure_ptr
                0x000000000001916c        0x4 f:/tools/bin/altera/15.1/nios2eds/bin/gnu/h-x86_64-mingw32/bin/../lib/gcc/nios2-elf/4.9.2/../../../../../H-x86_64-mingw32/nios2-elf/lib\libsmallc.a(lib_a-impure.o)
                0x000000000001916c                _global_impure_ptr
 .sdata._impure_ptr
                0x0000000000019170        0x4 f:/tools/bin/altera/15.1/nios2eds/bin/gnu/h-x86_64-mingw32/bin/../lib/gcc/nios2-elf/4.9.2/../../../../../H-x86_64-mingw32/nios2-elf/lib\libsmallc.a(lib_a-impure.o)
                0x0000000000019170                _impure_ptr
 .sdata         0x0000000000019174        0x4 ../rx_fluid_nios_bsp/\libhal_bsp.a(alt_irq_vars.o)
                0x0000000000019174                alt_priority_mask
 .sdata         0x0000000000019178        0x8 ../rx_fluid_nios_bsp/\libhal_bsp.a(alt_tick.o)
                0x0000000000019178                alt_alarm_list
 *(.sdata2 .sdata2.* .gnu.linkonce.s2.*)
                0x0000000000019180                . = ALIGN (0x4)
                0x0000000000019180                _edata = ABSOLUTE (.)
                0x0000000000019180                PROVIDE (edata, ABSOLUTE (.))
                0x0000000000019180                PROVIDE (__ram_rwdata_end, ABSOLUTE (.))
                0x0000000000019180                PROVIDE (__flash_rwdata_start, LOADADDR (.rwdata))

.bss            0x000000000001a69c      0x590
                0x000000000001a69c                __bss_start = ABSOLUTE (.)
                0x000000000001a69c                PROVIDE (__sbss_start, ABSOLUTE (.))
                0x000000000001a69c                PROVIDE (___sbss_start, ABSOLUTE (.))
 *(.dynsbss)
 *(.sbss .sbss.* .gnu.linkonce.sb.*)
 .sbss          0x000000000001a69c       0x28 obj/default/ink_ctrl.o
 .sbss          0x000000000001a6c4        0x4 obj/default/log.o
 .sbss          0x000000000001a6c8        0xc obj/default/main.o
                0x000000000001a6c8                arm_ptr
                0x000000000001a6cc                pRX_Status
                0x000000000001a6d0                pRX_Config
 .sbss          0x000000000001a6d4       0x10 obj/default/timer.o
 .sbss          0x000000000001a6e4        0x4 ../rx_fluid_nios_bsp/\libhal_bsp.a(alt_irq_vars.o)
                0x000000000001a6e4                alt_irq_active
 .sbss          0x000000000001a6e8        0xc ../rx_fluid_nios_bsp/\libhal_bsp.a(alt_main.o)
                0x000000000001a6e8                alt_envp
                0x000000000001a6ec                alt_argv
                0x000000000001a6f0                alt_argc
 .sbss          0x000000000001a6f4        0xc ../rx_fluid_nios_bsp/\libhal_bsp.a(i2c_master.o)
 .sbss          0x000000000001a700        0x8 ../rx_fluid_nios_bsp/\libhal_bsp.a(alt_tick.o)
                0x000000000001a700                _alt_nticks
                0x000000000001a704                _alt_tick_rate
 .sbss          0x000000000001a708        0x4 ../rx_fluid_nios_bsp/\libhal_bsp.a(alt_instruction_exception_entry.o)
                0x000000000001a708                alt_instruction_exception_handler
 *(.sbss2 .sbss2.* .gnu.linkonce.sb2.*)
 *(.scommon)
                0x000000000001a70c                PROVIDE (__sbss_end, ABSOLUTE (.))
                0x000000000001a70c                PROVIDE (___sbss_end, ABSOLUTE (.))
 *(.dynbss)
 *(.bss .bss.* .gnu.linkonce.b.*)
 .bss           0x000000000001a70c        0x0 ../rx_fluid_nios_bsp//obj/HAL/src/crt0.o
 .bss           0x000000000001a70c        0x0 obj/default/AMC7891.o
 .bss           0x000000000001a70c        0x0 obj/default/MAX31865.o
 .bss           0x000000000001a70c        0x0 obj/default/adc_thermistor.o
 .bss           0x000000000001a70c       0x10 obj/default/heater.o
 .bss           0x000000000001a71c        0x0 obj/default/i2c.o
 .bss           0x000000000001a71c      0x160 obj/default/ink_ctrl.o
 .bss           0x000000000001a87c        0x0 obj/default/log.o
 .bss           0x000000000001a87c        0x0 obj/default/main.o
 .bss           0x000000000001a87c        0x0 obj/default/pid.o
 .bss           0x000000000001a87c        0x0 obj/default/pres.o
 .bss           0x000000000001a87c       0x8a obj/default/rx_ink_common.o
 *fill*         0x000000000001a906        0x2 
 .bss           0x000000000001a908       0x10 obj/default/timer.o
 .bss           0x000000000001a918        0x0 obj/default/version.o
 .bss           0x000000000001a918        0x0 f:/tools/bin/altera/15.1/nios2eds/bin/gnu/h-x86_64-mingw32/bin/../lib/gcc/nios2-elf/4.9.2\libgcc.a(lib2-divmod.o)
 .bss           0x000000000001a918        0x0 f:/tools/bin/altera/15.1/nios2eds/bin/gnu/h-x86_64-mingw32/bin/../lib/gcc/nios2-elf/4.9.2\libgcc.a(adddf3.o)
 .bss           0x000000000001a918        0x0 f:/tools/bin/altera/15.1/nios2eds/bin/gnu/h-x86_64-mingw32/bin/../lib/gcc/nios2-elf/4.9.2\libgcc.a(muldf3.o)
 .bss           0x000000000001a918        0x0 f:/tools/bin/altera/15.1/nios2eds/bin/gnu/h-x86_64-mingw32/bin/../lib/gcc/nios2-elf/4.9.2\libgcc.a(fixdfsi.o)
 .bss           0x000000000001a918        0x0 f:/tools/bin/altera/15.1/nios2eds/bin/gnu/h-x86_64-mingw32/bin/../lib/gcc/nios2-elf/4.9.2\libgcc.a(floatsidf.o)
 .bss           0x000000000001a918        0x0 f:/tools/bin/altera/15.1/nios2eds/bin/gnu/h-x86_64-mingw32/bin/../lib/gcc/nios2-elf/4.9.2\libgcc.a(_clzsi2.o)
 .bss           0x000000000001a918        0x0 f:/tools/bin/altera/15.1/nios2eds/bin/gnu/h-x86_64-mingw32/bin/../lib/gcc/nios2-elf/4.9.2\libgcc.a(_clz.o)
 .bss           0x000000000001a918        0x0 f:/tools/bin/altera/15.1/nios2eds/bin/gnu/h-x86_64-mingw32/bin/../lib/gcc/nios2-elf/4.9.2/../../../../../H-x86_64-mingw32/nios2-elf/lib\libsmallc.a(lib_a-memset.o)
 .bss           0x000000000001a918        0x0 f:/tools/bin/altera/15.1/nios2eds/bin/gnu/h-x86_64-mingw32/bin/../lib/gcc/nios2-elf/4.9.2/../../../../../H-x86_64-mingw32/nios2-elf/lib\libsmallc.a(lib_a-sprintf.o)
 .bss           0x000000000001a918        0x0 f:/tools/bin/altera/15.1/nios2eds/bin/gnu/h-x86_64-mingw32/bin/../lib/gcc/nios2-elf/4.9.2/../../../../../H-x86_64-mingw32/nios2-elf/lib\libsmallc.a(lib_a-svfprintf.o)
 .bss           0x000000000001a918        0x0 f:/tools/bin/altera/15.1/nios2eds/bin/gnu/h-x86_64-mingw32/bin/../lib/gcc/nios2-elf/4.9.2/../../../../../H-x86_64-mingw32/nios2-elf/lib\libsmallc.a(lib_a-fvwrite_small_str.o)
 .bss           0x000000000001a918        0x0 f:/tools/bin/altera/15.1/nios2eds/bin/gnu/h-x86_64-mingw32/bin/../lib/gcc/nios2-elf/4.9.2/../../../../../H-x86_64-mingw32/nios2-elf/lib\libsmallc.a(lib_a-impure.o)
 .bss           0x000000000001a918        0x0 f:/tools/bin/altera/15.1/nios2eds/bin/gnu/h-x86_64-mingw32/bin/../lib/gcc/nios2-elf/4.9.2/../../../../../H-x86_64-mingw32/nios2-elf/lib\libsmallc.a(lib_a-memmove.o)
 .bss           0x000000000001a918        0x0 f:/tools/bin/altera/15.1/nios2eds/bin/gnu/h-x86_64-mingw32/bin/../lib/gcc/nios2-elf/4.9.2/../../../../../H-x86_64-mingw32/nios2-elf/lib\libsmallc.a(lib_a-strlen.o)
 .bss           0x000000000001a918        0x0 ../rx_fluid_nios_bsp/\libhal_bsp.a(alt_irq_register.o)
 .bss           0x000000000001a918        0x0 ../rx_fluid_nios_bsp/\libhal_bsp.a(alt_irq_vars.o)
 .bss           0x000000000001a918        0x0 ../rx_fluid_nios_bsp/\libhal_bsp.a(alt_load.o)
 .bss           0x000000000001a918        0x0 ../rx_fluid_nios_bsp/\libhal_bsp.a(alt_main.o)
 .bss           0x000000000001a918        0x0 ../rx_fluid_nios_bsp/\libhal_bsp.a(alt_sys_init.o)
 .bss           0x000000000001a918        0x0 ../rx_fluid_nios_bsp/\libhal_bsp.a(altera_avalon_jtag_uart_init.o)
 .bss           0x000000000001a918        0x0 ../rx_fluid_nios_bsp/\libhal_bsp.a(altera_avalon_sysid_qsys.o)
 .bss           0x000000000001a918        0x0 ../rx_fluid_nios_bsp/\libhal_bsp.a(altera_avalon_timer_sc.o)
 .bss           0x000000000001a918        0x0 ../rx_fluid_nios_bsp/\libhal_bsp.a(i2c_master.o)
 .bss           0x000000000001a918        0x0 ../rx_fluid_nios_bsp/\libhal_bsp.a(alt_alarm_start.o)
 .bss           0x000000000001a918        0x0 ../rx_fluid_nios_bsp/\libhal_bsp.a(alt_dcache_flush_all.o)
 .bss           0x000000000001a918        0x0 ../rx_fluid_nios_bsp/\libhal_bsp.a(alt_icache_flush_all.o)
 .bss           0x000000000001a918        0x0 ../rx_fluid_nios_bsp/\libhal_bsp.a(alt_iic.o)
 .bss           0x000000000001a918        0x0 ../rx_fluid_nios_bsp/\libhal_bsp.a(alt_iic_isr_register.o)
 .bss           0x000000000001a918        0x0 ../rx_fluid_nios_bsp/\libhal_bsp.a(alt_irq_entry.o)
 .bss           0x000000000001a918        0x0 ../rx_fluid_nios_bsp/\libhal_bsp.a(alt_irq_handler.o)
 .bss           0x000000000001a918        0x0 ../rx_fluid_nios_bsp/\libhal_bsp.a(alt_tick.o)
 .bss           0x000000000001a918        0x0 ../rx_fluid_nios_bsp/\libhal_bsp.a(altera_nios2_gen2_irq.o)
 .bss           0x000000000001a918        0x0 ../rx_fluid_nios_bsp/\libhal_bsp.a(alt_exception_entry.o)
 .bss           0x000000000001a918        0x0 ../rx_fluid_nios_bsp/\libhal_bsp.a(alt_icache_flush.o)
 .bss           0x000000000001a918        0x0 ../rx_fluid_nios_bsp/\libhal_bsp.a(alt_instruction_exception_entry.o)
 *(COMMON)
 COMMON         0x000000000001a918      0x214 obj/default/pres.o
                0x000000000001a918                _Sensor
 COMMON         0x000000000001ab2c      0x100 ../rx_fluid_nios_bsp/\libhal_bsp.a(alt_irq_handler.o)
                0x000000000001ab2c                alt_irq
                0x000000000001ac2c                . = ALIGN (0x4)
                0x000000000001ac2c                __bss_end = ABSOLUTE (.)

.onchip_memory_nios_cpu
                0x000000000001ac2c        0x0
                0x000000000001ac2c                PROVIDE (_alt_partition_onchip_memory_nios_cpu_start, ABSOLUTE (.))
 *(.onchip_memory_nios_cpu .onchip_memory_nios_cpu. onchip_memory_nios_cpu.*)
                0x000000000001ac2c                . = ALIGN (0x4)
                0x000000000001ac2c                PROVIDE (_alt_partition_onchip_memory_nios_cpu_end, ABSOLUTE (.))
                0x000000000001ac2c                _end = ABSOLUTE (.)
                0x000000000001ac2c                end = ABSOLUTE (.)
                0x000000000001ac2c                __alt_stack_base = ABSOLUTE (.)
                0x000000000001ac2c                PROVIDE (_alt_partition_onchip_memory_nios_cpu_load_addr, LOADADDR (.onchip_memory_nios_cpu))

.onchip_memory_nios_arm
                0x0000000000050000        0x0 load address 0x000000000001ac2c
                0x0000000000050000                PROVIDE (_alt_partition_onchip_memory_nios_arm_start, ABSOLUTE (.))
 *(.onchip_memory_nios_arm .onchip_memory_nios_arm. onchip_memory_nios_arm.*)
                0x0000000000050000                . = ALIGN (0x4)
                0x0000000000050000                PROVIDE (_alt_partition_onchip_memory_nios_arm_end, ABSOLUTE (.))
                0x000000000001ac2c                PROVIDE (_alt_partition_onchip_memory_nios_arm_load_addr, LOADADDR (.onchip_memory_nios_arm))

.stab
 *(.stab)

.stabstr
 *(.stabstr)

.stab.excl
 *(.stab.excl)

.stab.exclstr
 *(.stab.exclstr)

.stab.index
 *(.stab.index)

.stab.indexstr
 *(.stab.indexstr)

.comment        0x0000000000000000       0x23
 *(.comment)
 .comment       0x0000000000000000       0x23 obj/default/AMC7891.o
                                         0x24 (size before relaxing)
 .comment       0x0000000000000000       0x24 obj/default/MAX31865.o
 .comment       0x0000000000000000       0x24 obj/default/adc_thermistor.o
 .comment       0x0000000000000000       0x24 obj/default/heater.o
 .comment       0x0000000000000000       0x24 obj/default/i2c.o
 .comment       0x0000000000000000       0x24 obj/default/ink_ctrl.o
 .comment       0x0000000000000000       0x24 obj/default/log.o
 .comment       0x0000000000000000       0x24 obj/default/main.o
 .comment       0x0000000000000000       0x24 obj/default/pid.o
 .comment       0x0000000000000000       0x24 obj/default/pres.o
 .comment       0x0000000000000000       0x24 obj/default/rx_ink_common.o
 .comment       0x0000000000000000       0x24 obj/default/timer.o
 .comment       0x0000000000000000       0x24 obj/default/version.o
 .comment       0x0000000000000000       0x24 f:/tools/bin/altera/15.1/nios2eds/bin/gnu/h-x86_64-mingw32/bin/../lib/gcc/nios2-elf/4.9.2\libgcc.a(lib2-divmod.o)
 .comment       0x0000000000000000       0x24 f:/tools/bin/altera/15.1/nios2eds/bin/gnu/h-x86_64-mingw32/bin/../lib/gcc/nios2-elf/4.9.2\libgcc.a(adddf3.o)
 .comment       0x0000000000000000       0x24 f:/tools/bin/altera/15.1/nios2eds/bin/gnu/h-x86_64-mingw32/bin/../lib/gcc/nios2-elf/4.9.2\libgcc.a(muldf3.o)
 .comment       0x0000000000000000       0x24 f:/tools/bin/altera/15.1/nios2eds/bin/gnu/h-x86_64-mingw32/bin/../lib/gcc/nios2-elf/4.9.2\libgcc.a(fixdfsi.o)
 .comment       0x0000000000000000       0x24 f:/tools/bin/altera/15.1/nios2eds/bin/gnu/h-x86_64-mingw32/bin/../lib/gcc/nios2-elf/4.9.2\libgcc.a(floatsidf.o)
 .comment       0x0000000000000000       0x24 f:/tools/bin/altera/15.1/nios2eds/bin/gnu/h-x86_64-mingw32/bin/../lib/gcc/nios2-elf/4.9.2\libgcc.a(_clzsi2.o)
 .comment       0x0000000000000000       0x24 f:/tools/bin/altera/15.1/nios2eds/bin/gnu/h-x86_64-mingw32/bin/../lib/gcc/nios2-elf/4.9.2\libgcc.a(_clz.o)
 .comment       0x0000000000000000       0x24 f:/tools/bin/altera/15.1/nios2eds/bin/gnu/h-x86_64-mingw32/bin/../lib/gcc/nios2-elf/4.9.2/../../../../../H-x86_64-mingw32/nios2-elf/lib\libsmallc.a(lib_a-memset.o)
 .comment       0x0000000000000000       0x24 f:/tools/bin/altera/15.1/nios2eds/bin/gnu/h-x86_64-mingw32/bin/../lib/gcc/nios2-elf/4.9.2/../../../../../H-x86_64-mingw32/nios2-elf/lib\libsmallc.a(lib_a-sprintf.o)
 .comment       0x0000000000000000       0x24 f:/tools/bin/altera/15.1/nios2eds/bin/gnu/h-x86_64-mingw32/bin/../lib/gcc/nios2-elf/4.9.2/../../../../../H-x86_64-mingw32/nios2-elf/lib\libsmallc.a(lib_a-svfprintf.o)
 .comment       0x0000000000000000       0x24 f:/tools/bin/altera/15.1/nios2eds/bin/gnu/h-x86_64-mingw32/bin/../lib/gcc/nios2-elf/4.9.2/../../../../../H-x86_64-mingw32/nios2-elf/lib\libsmallc.a(lib_a-fvwrite_small_str.o)
 .comment       0x0000000000000000       0x24 f:/tools/bin/altera/15.1/nios2eds/bin/gnu/h-x86_64-mingw32/bin/../lib/gcc/nios2-elf/4.9.2/../../../../../H-x86_64-mingw32/nios2-elf/lib\libsmallc.a(lib_a-impure.o)
 .comment       0x0000000000000000       0x24 f:/tools/bin/altera/15.1/nios2eds/bin/gnu/h-x86_64-mingw32/bin/../lib/gcc/nios2-elf/4.9.2/../../../../../H-x86_64-mingw32/nios2-elf/lib\libsmallc.a(lib_a-memmove.o)
 .comment       0x0000000000000000       0x24 f:/tools/bin/altera/15.1/nios2eds/bin/gnu/h-x86_64-mingw32/bin/../lib/gcc/nios2-elf/4.9.2/../../../../../H-x86_64-mingw32/nios2-elf/lib\libsmallc.a(lib_a-strlen.o)
 .comment       0x0000000000000000       0x24 ../rx_fluid_nios_bsp/\libhal_bsp.a(alt_irq_register.o)
 .comment       0x0000000000000000       0x24 ../rx_fluid_nios_bsp/\libhal_bsp.a(alt_irq_vars.o)
 .comment       0x0000000000000000       0x24 ../rx_fluid_nios_bsp/\libhal_bsp.a(alt_load.o)
 .comment       0x0000000000000000       0x24 ../rx_fluid_nios_bsp/\libhal_bsp.a(alt_main.o)
 .comment       0x0000000000000000       0x24 ../rx_fluid_nios_bsp/\libhal_bsp.a(alt_sys_init.o)
 .comment       0x0000000000000000       0x24 ../rx_fluid_nios_bsp/\libhal_bsp.a(altera_avalon_jtag_uart_init.o)
 .comment       0x0000000000000000       0x24 ../rx_fluid_nios_bsp/\libhal_bsp.a(altera_avalon_sysid_qsys.o)
 .comment       0x0000000000000000       0x24 ../rx_fluid_nios_bsp/\libhal_bsp.a(altera_avalon_timer_sc.o)
 .comment       0x0000000000000000       0x24 ../rx_fluid_nios_bsp/\libhal_bsp.a(i2c_master.o)
 .comment       0x0000000000000000       0x24 ../rx_fluid_nios_bsp/\libhal_bsp.a(alt_alarm_start.o)
 .comment       0x0000000000000000       0x24 ../rx_fluid_nios_bsp/\libhal_bsp.a(alt_dcache_flush_all.o)
 .comment       0x0000000000000000       0x24 ../rx_fluid_nios_bsp/\libhal_bsp.a(alt_icache_flush_all.o)
 .comment       0x0000000000000000       0x24 ../rx_fluid_nios_bsp/\libhal_bsp.a(alt_iic.o)
 .comment       0x0000000000000000       0x24 ../rx_fluid_nios_bsp/\libhal_bsp.a(alt_iic_isr_register.o)
 .comment       0x0000000000000000       0x24 ../rx_fluid_nios_bsp/\libhal_bsp.a(alt_irq_handler.o)
 .comment       0x0000000000000000       0x24 ../rx_fluid_nios_bsp/\libhal_bsp.a(alt_tick.o)
 .comment       0x0000000000000000       0x24 ../rx_fluid_nios_bsp/\libhal_bsp.a(altera_nios2_gen2_irq.o)
 .comment       0x0000000000000000       0x24 ../rx_fluid_nios_bsp/\libhal_bsp.a(alt_icache_flush.o)
 .comment       0x0000000000000000       0x24 ../rx_fluid_nios_bsp/\libhal_bsp.a(alt_instruction_exception_entry.o)

.debug
 *(.debug)

.line
 *(.line)

.debug_srcinfo
 *(.debug_srcinfo)

.debug_sfnames
 *(.debug_sfnames)

.debug_aranges  0x0000000000000000      0x650
 *(.debug_aranges)
 .debug_aranges
                0x0000000000000000       0x28 ../rx_fluid_nios_bsp//obj/HAL/src/crt0.o
 .debug_aranges
                0x0000000000000028       0x20 obj/default/AMC7891.o
 .debug_aranges
                0x0000000000000048       0x20 obj/default/MAX31865.o
 .debug_aranges
                0x0000000000000068       0x20 obj/default/adc_thermistor.o
 .debug_aranges
                0x0000000000000088       0x20 obj/default/heater.o
 .debug_aranges
                0x00000000000000a8       0x20 obj/default/i2c.o
 .debug_aranges
                0x00000000000000c8       0x20 obj/default/ink_ctrl.o
 .debug_aranges
                0x00000000000000e8       0x20 obj/default/log.o
 .debug_aranges
                0x0000000000000108       0x20 obj/default/main.o
 .debug_aranges
                0x0000000000000128       0x20 obj/default/pid.o
 .debug_aranges
                0x0000000000000148       0x20 obj/default/pres.o
 .debug_aranges
                0x0000000000000168       0x20 obj/default/rx_ink_common.o
 .debug_aranges
                0x0000000000000188       0x20 obj/default/timer.o
 .debug_aranges
                0x00000000000001a8       0x18 obj/default/version.o
 .debug_aranges
                0x00000000000001c0       0x20 f:/tools/bin/altera/15.1/nios2eds/bin/gnu/h-x86_64-mingw32/bin/../lib/gcc/nios2-elf/4.9.2\libgcc.a(lib2-divmod.o)
 .debug_aranges
                0x00000000000001e0       0x20 f:/tools/bin/altera/15.1/nios2eds/bin/gnu/h-x86_64-mingw32/bin/../lib/gcc/nios2-elf/4.9.2\libgcc.a(adddf3.o)
 .debug_aranges
                0x0000000000000200       0x20 f:/tools/bin/altera/15.1/nios2eds/bin/gnu/h-x86_64-mingw32/bin/../lib/gcc/nios2-elf/4.9.2\libgcc.a(muldf3.o)
 .debug_aranges
                0x0000000000000220       0x20 f:/tools/bin/altera/15.1/nios2eds/bin/gnu/h-x86_64-mingw32/bin/../lib/gcc/nios2-elf/4.9.2\libgcc.a(fixdfsi.o)
 .debug_aranges
                0x0000000000000240       0x20 f:/tools/bin/altera/15.1/nios2eds/bin/gnu/h-x86_64-mingw32/bin/../lib/gcc/nios2-elf/4.9.2\libgcc.a(floatsidf.o)
 .debug_aranges
                0x0000000000000260       0x20 f:/tools/bin/altera/15.1/nios2eds/bin/gnu/h-x86_64-mingw32/bin/../lib/gcc/nios2-elf/4.9.2\libgcc.a(_clzsi2.o)
 .debug_aranges
                0x0000000000000280       0x18 f:/tools/bin/altera/15.1/nios2eds/bin/gnu/h-x86_64-mingw32/bin/../lib/gcc/nios2-elf/4.9.2\libgcc.a(_clz.o)
 .debug_aranges
                0x0000000000000298       0x20 f:/tools/bin/altera/15.1/nios2eds/bin/gnu/h-x86_64-mingw32/bin/../lib/gcc/nios2-elf/4.9.2/../../../../../H-x86_64-mingw32/nios2-elf/lib\libsmallc.a(lib_a-memset.o)
 .debug_aranges
                0x00000000000002b8       0x28 f:/tools/bin/altera/15.1/nios2eds/bin/gnu/h-x86_64-mingw32/bin/../lib/gcc/nios2-elf/4.9.2/../../../../../H-x86_64-mingw32/nios2-elf/lib\libsmallc.a(lib_a-sprintf.o)
 .debug_aranges
                0x00000000000002e0       0x30 f:/tools/bin/altera/15.1/nios2eds/bin/gnu/h-x86_64-mingw32/bin/../lib/gcc/nios2-elf/4.9.2/../../../../../H-x86_64-mingw32/nios2-elf/lib\libsmallc.a(lib_a-svfprintf.o)
 .debug_aranges
                0x0000000000000310       0x20 f:/tools/bin/altera/15.1/nios2eds/bin/gnu/h-x86_64-mingw32/bin/../lib/gcc/nios2-elf/4.9.2/../../../../../H-x86_64-mingw32/nios2-elf/lib\libsmallc.a(lib_a-fvwrite_small_str.o)
 .debug_aranges
                0x0000000000000330       0x18 f:/tools/bin/altera/15.1/nios2eds/bin/gnu/h-x86_64-mingw32/bin/../lib/gcc/nios2-elf/4.9.2/../../../../../H-x86_64-mingw32/nios2-elf/lib\libsmallc.a(lib_a-impure.o)
 .debug_aranges
                0x0000000000000348       0x20 f:/tools/bin/altera/15.1/nios2eds/bin/gnu/h-x86_64-mingw32/bin/../lib/gcc/nios2-elf/4.9.2/../../../../../H-x86_64-mingw32/nios2-elf/lib\libsmallc.a(lib_a-memmove.o)
 .debug_aranges
                0x0000000000000368       0x20 f:/tools/bin/altera/15.1/nios2eds/bin/gnu/h-x86_64-mingw32/bin/../lib/gcc/nios2-elf/4.9.2/../../../../../H-x86_64-mingw32/nios2-elf/lib\libsmallc.a(lib_a-strlen.o)
 .debug_aranges
                0x0000000000000388       0x20 ../rx_fluid_nios_bsp/\libhal_bsp.a(alt_irq_register.o)
 .debug_aranges
                0x00000000000003a8       0x18 ../rx_fluid_nios_bsp/\libhal_bsp.a(alt_irq_vars.o)
 .debug_aranges
                0x00000000000003c0       0x20 ../rx_fluid_nios_bsp/\libhal_bsp.a(alt_load.o)
 .debug_aranges
                0x00000000000003e0       0x20 ../rx_fluid_nios_bsp/\libhal_bsp.a(alt_main.o)
 .debug_aranges
                0x0000000000000400       0x20 ../rx_fluid_nios_bsp/\libhal_bsp.a(alt_sys_init.o)
 .debug_aranges
                0x0000000000000420       0x20 ../rx_fluid_nios_bsp/\libhal_bsp.a(altera_avalon_jtag_uart_init.o)
 .debug_aranges
                0x0000000000000440       0x20 ../rx_fluid_nios_bsp/\libhal_bsp.a(altera_avalon_sysid_qsys.o)
 .debug_aranges
                0x0000000000000460       0x20 ../rx_fluid_nios_bsp/\libhal_bsp.a(altera_avalon_timer_sc.o)
 .debug_aranges
                0x0000000000000480       0x20 ../rx_fluid_nios_bsp/\libhal_bsp.a(i2c_master.o)
 .debug_aranges
                0x00000000000004a0       0x20 ../rx_fluid_nios_bsp/\libhal_bsp.a(alt_alarm_start.o)
 .debug_aranges
                0x00000000000004c0       0x20 ../rx_fluid_nios_bsp/\libhal_bsp.a(alt_dcache_flush_all.o)
 .debug_aranges
                0x00000000000004e0       0x20 ../rx_fluid_nios_bsp/\libhal_bsp.a(alt_icache_flush_all.o)
 .debug_aranges
                0x0000000000000500       0x20 ../rx_fluid_nios_bsp/\libhal_bsp.a(alt_iic.o)
 .debug_aranges
                0x0000000000000520       0x20 ../rx_fluid_nios_bsp/\libhal_bsp.a(alt_iic_isr_register.o)
 .debug_aranges
                0x0000000000000540       0x30 ../rx_fluid_nios_bsp/\libhal_bsp.a(alt_irq_entry.o)
 .debug_aranges
                0x0000000000000570       0x20 ../rx_fluid_nios_bsp/\libhal_bsp.a(alt_irq_handler.o)
 .debug_aranges
                0x0000000000000590       0x20 ../rx_fluid_nios_bsp/\libhal_bsp.a(alt_tick.o)
 .debug_aranges
                0x00000000000005b0       0x20 ../rx_fluid_nios_bsp/\libhal_bsp.a(altera_nios2_gen2_irq.o)
 .debug_aranges
                0x00000000000005d0       0x38 ../rx_fluid_nios_bsp/\libhal_bsp.a(alt_exception_entry.o)
 .debug_aranges
                0x0000000000000608       0x20 ../rx_fluid_nios_bsp/\libhal_bsp.a(alt_icache_flush.o)
 .debug_aranges
                0x0000000000000628       0x28 ../rx_fluid_nios_bsp/\libhal_bsp.a(alt_instruction_exception_entry.o)

.debug_pubnames
 *(.debug_pubnames)

.debug_info     0x0000000000000000     0xbb39
 *(.debug_info .gnu.linkonce.wi.*)
 .debug_info    0x0000000000000000       0x73 ../rx_fluid_nios_bsp//obj/HAL/src/crt0.o
 .debug_info    0x0000000000000073      0x122 obj/default/AMC7891.o
 .debug_info    0x0000000000000195      0x110 obj/default/MAX31865.o
 .debug_info    0x00000000000002a5      0x361 obj/default/adc_thermistor.o
 .debug_info    0x0000000000000606      0xd87 obj/default/heater.o
 .debug_info    0x000000000000138d      0x105 obj/default/i2c.o
 .debug_info    0x0000000000001492     0x11c8 obj/default/ink_ctrl.o
 .debug_info    0x000000000000265a      0xd36 obj/default/log.o
 .debug_info    0x0000000000003390      0xdf4 obj/default/main.o
 .debug_info    0x0000000000004184      0x1d0 obj/default/pid.o
 .debug_info    0x0000000000004354      0xb40 obj/default/pres.o
 .debug_info    0x0000000000004e94      0x356 obj/default/rx_ink_common.o
 .debug_info    0x00000000000051ea      0xe8b obj/default/timer.o
 .debug_info    0x0000000000006075      0x10e obj/default/version.o
 .debug_info    0x0000000000006183      0x234 f:/tools/bin/altera/15.1/nios2eds/bin/gnu/h-x86_64-mingw32/bin/../lib/gcc/nios2-elf/4.9.2\libgcc.a(lib2-divmod.o)
 .debug_info    0x00000000000063b7      0x485 f:/tools/bin/altera/15.1/nios2eds/bin/gnu/h-x86_64-mingw32/bin/../lib/gcc/nios2-elf/4.9.2\libgcc.a(adddf3.o)
 .debug_info    0x000000000000683c      0x5f2 f:/tools/bin/altera/15.1/nios2eds/bin/gnu/h-x86_64-mingw32/bin/../lib/gcc/nios2-elf/4.9.2\libgcc.a(muldf3.o)
 .debug_info    0x0000000000006e2e      0x1a6 f:/tools/bin/altera/15.1/nios2eds/bin/gnu/h-x86_64-mingw32/bin/../lib/gcc/nios2-elf/4.9.2\libgcc.a(fixdfsi.o)
 .debug_info    0x0000000000006fd4      0x1b6 f:/tools/bin/altera/15.1/nios2eds/bin/gnu/h-x86_64-mingw32/bin/../lib/gcc/nios2-elf/4.9.2\libgcc.a(floatsidf.o)
 .debug_info    0x000000000000718a      0x119 f:/tools/bin/altera/15.1/nios2eds/bin/gnu/h-x86_64-mingw32/bin/../lib/gcc/nios2-elf/4.9.2\libgcc.a(_clzsi2.o)
 .debug_info    0x00000000000072a3       0xab f:/tools/bin/altera/15.1/nios2eds/bin/gnu/h-x86_64-mingw32/bin/../lib/gcc/nios2-elf/4.9.2\libgcc.a(_clz.o)
 .debug_info    0x000000000000734e       0xd5 f:/tools/bin/altera/15.1/nios2eds/bin/gnu/h-x86_64-mingw32/bin/../lib/gcc/nios2-elf/4.9.2/../../../../../H-x86_64-mingw32/nios2-elf/lib\libsmallc.a(lib_a-memset.o)
 .debug_info    0x0000000000007423      0x7ca f:/tools/bin/altera/15.1/nios2eds/bin/gnu/h-x86_64-mingw32/bin/../lib/gcc/nios2-elf/4.9.2/../../../../../H-x86_64-mingw32/nios2-elf/lib\libsmallc.a(lib_a-sprintf.o)
 .debug_info    0x0000000000007bed      0xb38 f:/tools/bin/altera/15.1/nios2eds/bin/gnu/h-x86_64-mingw32/bin/../lib/gcc/nios2-elf/4.9.2/../../../../../H-x86_64-mingw32/nios2-elf/lib\libsmallc.a(lib_a-svfprintf.o)
 .debug_info    0x0000000000008725      0x710 f:/tools/bin/altera/15.1/nios2eds/bin/gnu/h-x86_64-mingw32/bin/../lib/gcc/nios2-elf/4.9.2/../../../../../H-x86_64-mingw32/nios2-elf/lib\libsmallc.a(lib_a-fvwrite_small_str.o)
 .debug_info    0x0000000000008e35      0x5a7 f:/tools/bin/altera/15.1/nios2eds/bin/gnu/h-x86_64-mingw32/bin/../lib/gcc/nios2-elf/4.9.2/../../../../../H-x86_64-mingw32/nios2-elf/lib\libsmallc.a(lib_a-impure.o)
 .debug_info    0x00000000000093dc      0x104 f:/tools/bin/altera/15.1/nios2eds/bin/gnu/h-x86_64-mingw32/bin/../lib/gcc/nios2-elf/4.9.2/../../../../../H-x86_64-mingw32/nios2-elf/lib\libsmallc.a(lib_a-memmove.o)
 .debug_info    0x00000000000094e0       0xc2 f:/tools/bin/altera/15.1/nios2eds/bin/gnu/h-x86_64-mingw32/bin/../lib/gcc/nios2-elf/4.9.2/../../../../../H-x86_64-mingw32/nios2-elf/lib\libsmallc.a(lib_a-strlen.o)
 .debug_info    0x00000000000095a2      0x307 ../rx_fluid_nios_bsp/\libhal_bsp.a(alt_irq_register.o)
 .debug_info    0x00000000000098a9       0x88 ../rx_fluid_nios_bsp/\libhal_bsp.a(alt_irq_vars.o)
 .debug_info    0x0000000000009931      0x1ba ../rx_fluid_nios_bsp/\libhal_bsp.a(alt_load.o)
 .debug_info    0x0000000000009aeb      0x17b ../rx_fluid_nios_bsp/\libhal_bsp.a(alt_main.o)
 .debug_info    0x0000000000009c66      0x31e ../rx_fluid_nios_bsp/\libhal_bsp.a(alt_sys_init.o)
 .debug_info    0x0000000000009f84      0x439 ../rx_fluid_nios_bsp/\libhal_bsp.a(altera_avalon_jtag_uart_init.o)
 .debug_info    0x000000000000a3bd       0xaf ../rx_fluid_nios_bsp/\libhal_bsp.a(altera_avalon_sysid_qsys.o)
 .debug_info    0x000000000000a46c      0x2a6 ../rx_fluid_nios_bsp/\libhal_bsp.a(altera_avalon_timer_sc.o)
 .debug_info    0x000000000000a712      0x1be ../rx_fluid_nios_bsp/\libhal_bsp.a(i2c_master.o)
 .debug_info    0x000000000000a8d0      0x2c5 ../rx_fluid_nios_bsp/\libhal_bsp.a(alt_alarm_start.o)
 .debug_info    0x000000000000ab95       0x8b ../rx_fluid_nios_bsp/\libhal_bsp.a(alt_dcache_flush_all.o)
 .debug_info    0x000000000000ac20       0xc5 ../rx_fluid_nios_bsp/\libhal_bsp.a(alt_icache_flush_all.o)
 .debug_info    0x000000000000ace5      0x39d ../rx_fluid_nios_bsp/\libhal_bsp.a(alt_iic.o)
 .debug_info    0x000000000000b082      0x249 ../rx_fluid_nios_bsp/\libhal_bsp.a(alt_iic_isr_register.o)
 .debug_info    0x000000000000b2cb       0x7c ../rx_fluid_nios_bsp/\libhal_bsp.a(alt_irq_entry.o)
 .debug_info    0x000000000000b347      0x185 ../rx_fluid_nios_bsp/\libhal_bsp.a(alt_irq_handler.o)
 .debug_info    0x000000000000b4cc      0x2a0 ../rx_fluid_nios_bsp/\libhal_bsp.a(alt_tick.o)
 .debug_info    0x000000000000b76c       0x8b ../rx_fluid_nios_bsp/\libhal_bsp.a(altera_nios2_gen2_irq.o)
 .debug_info    0x000000000000b7f7       0x82 ../rx_fluid_nios_bsp/\libhal_bsp.a(alt_exception_entry.o)
 .debug_info    0x000000000000b879       0xd7 ../rx_fluid_nios_bsp/\libhal_bsp.a(alt_icache_flush.o)
 .debug_info    0x000000000000b950      0x1e9 ../rx_fluid_nios_bsp/\libhal_bsp.a(alt_instruction_exception_entry.o)

.debug_abbrev   0x0000000000000000     0x3293
 *(.debug_abbrev)
 .debug_abbrev  0x0000000000000000       0x12 ../rx_fluid_nios_bsp//obj/HAL/src/crt0.o
 .debug_abbrev  0x0000000000000012       0xb0 obj/default/AMC7891.o
 .debug_abbrev  0x00000000000000c2       0x9f obj/default/MAX31865.o
 .debug_abbrev  0x0000000000000161      0x193 obj/default/adc_thermistor.o
 .debug_abbrev  0x00000000000002f4      0x166 obj/default/heater.o
 .debug_abbrev  0x000000000000045a       0x9f obj/default/i2c.o
 .debug_abbrev  0x00000000000004f9      0x1ba obj/default/ink_ctrl.o
 .debug_abbrev  0x00000000000006b3      0x161 obj/default/log.o
 .debug_abbrev  0x0000000000000814      0x18c obj/default/main.o
 .debug_abbrev  0x00000000000009a0       0xd5 obj/default/pid.o
 .debug_abbrev  0x0000000000000a75      0x179 obj/default/pres.o
 .debug_abbrev  0x0000000000000bee       0xff obj/default/rx_ink_common.o
 .debug_abbrev  0x0000000000000ced      0x1b7 obj/default/timer.o
 .debug_abbrev  0x0000000000000ea4       0x59 obj/default/version.o
 .debug_abbrev  0x0000000000000efd       0xd9 f:/tools/bin/altera/15.1/nios2eds/bin/gnu/h-x86_64-mingw32/bin/../lib/gcc/nios2-elf/4.9.2\libgcc.a(lib2-divmod.o)
 .debug_abbrev  0x0000000000000fd6      0x13a f:/tools/bin/altera/15.1/nios2eds/bin/gnu/h-x86_64-mingw32/bin/../lib/gcc/nios2-elf/4.9.2\libgcc.a(adddf3.o)
 .debug_abbrev  0x0000000000001110      0x132 f:/tools/bin/altera/15.1/nios2eds/bin/gnu/h-x86_64-mingw32/bin/../lib/gcc/nios2-elf/4.9.2\libgcc.a(muldf3.o)
 .debug_abbrev  0x0000000000001242      0x119 f:/tools/bin/altera/15.1/nios2eds/bin/gnu/h-x86_64-mingw32/bin/../lib/gcc/nios2-elf/4.9.2\libgcc.a(fixdfsi.o)
 .debug_abbrev  0x000000000000135b      0x11e f:/tools/bin/altera/15.1/nios2eds/bin/gnu/h-x86_64-mingw32/bin/../lib/gcc/nios2-elf/4.9.2\libgcc.a(floatsidf.o)
 .debug_abbrev  0x0000000000001479       0xaf f:/tools/bin/altera/15.1/nios2eds/bin/gnu/h-x86_64-mingw32/bin/../lib/gcc/nios2-elf/4.9.2\libgcc.a(_clzsi2.o)
 .debug_abbrev  0x0000000000001528       0x5d f:/tools/bin/altera/15.1/nios2eds/bin/gnu/h-x86_64-mingw32/bin/../lib/gcc/nios2-elf/4.9.2\libgcc.a(_clz.o)
 .debug_abbrev  0x0000000000001585       0x8e f:/tools/bin/altera/15.1/nios2eds/bin/gnu/h-x86_64-mingw32/bin/../lib/gcc/nios2-elf/4.9.2/../../../../../H-x86_64-mingw32/nios2-elf/lib\libsmallc.a(lib_a-memset.o)
 .debug_abbrev  0x0000000000001613      0x1d1 f:/tools/bin/altera/15.1/nios2eds/bin/gnu/h-x86_64-mingw32/bin/../lib/gcc/nios2-elf/4.9.2/../../../../../H-x86_64-mingw32/nios2-elf/lib\libsmallc.a(lib_a-sprintf.o)
 .debug_abbrev  0x00000000000017e4      0x2a1 f:/tools/bin/altera/15.1/nios2eds/bin/gnu/h-x86_64-mingw32/bin/../lib/gcc/nios2-elf/4.9.2/../../../../../H-x86_64-mingw32/nios2-elf/lib\libsmallc.a(lib_a-svfprintf.o)
 .debug_abbrev  0x0000000000001a85      0x1bc f:/tools/bin/altera/15.1/nios2eds/bin/gnu/h-x86_64-mingw32/bin/../lib/gcc/nios2-elf/4.9.2/../../../../../H-x86_64-mingw32/nios2-elf/lib\libsmallc.a(lib_a-fvwrite_small_str.o)
 .debug_abbrev  0x0000000000001c41      0x14a f:/tools/bin/altera/15.1/nios2eds/bin/gnu/h-x86_64-mingw32/bin/../lib/gcc/nios2-elf/4.9.2/../../../../../H-x86_64-mingw32/nios2-elf/lib\libsmallc.a(lib_a-impure.o)
 .debug_abbrev  0x0000000000001d8b       0x8d f:/tools/bin/altera/15.1/nios2eds/bin/gnu/h-x86_64-mingw32/bin/../lib/gcc/nios2-elf/4.9.2/../../../../../H-x86_64-mingw32/nios2-elf/lib\libsmallc.a(lib_a-memmove.o)
 .debug_abbrev  0x0000000000001e18       0x7f f:/tools/bin/altera/15.1/nios2eds/bin/gnu/h-x86_64-mingw32/bin/../lib/gcc/nios2-elf/4.9.2/../../../../../H-x86_64-mingw32/nios2-elf/lib\libsmallc.a(lib_a-strlen.o)
 .debug_abbrev  0x0000000000001e97      0x18f ../rx_fluid_nios_bsp/\libhal_bsp.a(alt_irq_register.o)
 .debug_abbrev  0x0000000000002026       0x40 ../rx_fluid_nios_bsp/\libhal_bsp.a(alt_irq_vars.o)
 .debug_abbrev  0x0000000000002066       0xd8 ../rx_fluid_nios_bsp/\libhal_bsp.a(alt_load.o)
 .debug_abbrev  0x000000000000213e      0x120 ../rx_fluid_nios_bsp/\libhal_bsp.a(alt_main.o)
 .debug_abbrev  0x000000000000225e      0x172 ../rx_fluid_nios_bsp/\libhal_bsp.a(alt_sys_init.o)
 .debug_abbrev  0x00000000000023d0      0x209 ../rx_fluid_nios_bsp/\libhal_bsp.a(altera_avalon_jtag_uart_init.o)
 .debug_abbrev  0x00000000000025d9       0x55 ../rx_fluid_nios_bsp/\libhal_bsp.a(altera_avalon_sysid_qsys.o)
 .debug_abbrev  0x000000000000262e      0x1ad ../rx_fluid_nios_bsp/\libhal_bsp.a(altera_avalon_timer_sc.o)
 .debug_abbrev  0x00000000000027db       0xd2 ../rx_fluid_nios_bsp/\libhal_bsp.a(i2c_master.o)
 .debug_abbrev  0x00000000000028ad      0x187 ../rx_fluid_nios_bsp/\libhal_bsp.a(alt_alarm_start.o)
 .debug_abbrev  0x0000000000002a34       0x42 ../rx_fluid_nios_bsp/\libhal_bsp.a(alt_dcache_flush_all.o)
 .debug_abbrev  0x0000000000002a76       0x8a ../rx_fluid_nios_bsp/\libhal_bsp.a(alt_icache_flush_all.o)
 .debug_abbrev  0x0000000000002b00      0x17d ../rx_fluid_nios_bsp/\libhal_bsp.a(alt_iic.o)
 .debug_abbrev  0x0000000000002c7d      0x1a6 ../rx_fluid_nios_bsp/\libhal_bsp.a(alt_iic_isr_register.o)
 .debug_abbrev  0x0000000000002e23       0x12 ../rx_fluid_nios_bsp/\libhal_bsp.a(alt_irq_entry.o)
 .debug_abbrev  0x0000000000002e35      0x122 ../rx_fluid_nios_bsp/\libhal_bsp.a(alt_irq_handler.o)
 .debug_abbrev  0x0000000000002f57      0x180 ../rx_fluid_nios_bsp/\libhal_bsp.a(alt_tick.o)
 .debug_abbrev  0x00000000000030d7       0x42 ../rx_fluid_nios_bsp/\libhal_bsp.a(altera_nios2_gen2_irq.o)
 .debug_abbrev  0x0000000000003119       0x12 ../rx_fluid_nios_bsp/\libhal_bsp.a(alt_exception_entry.o)
 .debug_abbrev  0x000000000000312b       0x9b ../rx_fluid_nios_bsp/\libhal_bsp.a(alt_icache_flush.o)
 .debug_abbrev  0x00000000000031c6       0xcd ../rx_fluid_nios_bsp/\libhal_bsp.a(alt_instruction_exception_entry.o)

.debug_line     0x0000000000000000     0x36e3
 *(.debug_line)
 .debug_line    0x0000000000000000       0x6c ../rx_fluid_nios_bsp//obj/HAL/src/crt0.o
 .debug_line    0x000000000000006c       0xee obj/default/AMC7891.o
 .debug_line    0x000000000000015a      0x107 obj/default/MAX31865.o
 .debug_line    0x0000000000000261      0x130 obj/default/adc_thermistor.o
 .debug_line    0x0000000000000391      0x100 obj/default/heater.o
 .debug_line    0x0000000000000491       0xd8 obj/default/i2c.o
 .debug_line    0x0000000000000569      0x5e1 obj/default/ink_ctrl.o
 .debug_line    0x0000000000000b4a      0x12f obj/default/log.o
 .debug_line    0x0000000000000c79      0x16a obj/default/main.o
 .debug_line    0x0000000000000de3       0xb4 obj/default/pid.o
 .debug_line    0x0000000000000e97      0x134 obj/default/pres.o
 .debug_line    0x0000000000000fcb       0xdc obj/default/rx_ink_common.o
 .debug_line    0x00000000000010a7      0x195 obj/default/timer.o
 .debug_line    0x000000000000123c       0x2a obj/default/version.o
 .debug_line    0x0000000000001266       0xc4 f:/tools/bin/altera/15.1/nios2eds/bin/gnu/h-x86_64-mingw32/bin/../lib/gcc/nios2-elf/4.9.2\libgcc.a(lib2-divmod.o)
 .debug_line    0x000000000000132a      0x383 f:/tools/bin/altera/15.1/nios2eds/bin/gnu/h-x86_64-mingw32/bin/../lib/gcc/nios2-elf/4.9.2\libgcc.a(adddf3.o)
 .debug_line    0x00000000000016ad      0x1db f:/tools/bin/altera/15.1/nios2eds/bin/gnu/h-x86_64-mingw32/bin/../lib/gcc/nios2-elf/4.9.2\libgcc.a(muldf3.o)
 .debug_line    0x0000000000001888       0x99 f:/tools/bin/altera/15.1/nios2eds/bin/gnu/h-x86_64-mingw32/bin/../lib/gcc/nios2-elf/4.9.2\libgcc.a(fixdfsi.o)
 .debug_line    0x0000000000001921       0x9d f:/tools/bin/altera/15.1/nios2eds/bin/gnu/h-x86_64-mingw32/bin/../lib/gcc/nios2-elf/4.9.2\libgcc.a(floatsidf.o)
 .debug_line    0x00000000000019be       0xb4 f:/tools/bin/altera/15.1/nios2eds/bin/gnu/h-x86_64-mingw32/bin/../lib/gcc/nios2-elf/4.9.2\libgcc.a(_clzsi2.o)
 .debug_line    0x0000000000001a72       0x53 f:/tools/bin/altera/15.1/nios2eds/bin/gnu/h-x86_64-mingw32/bin/../lib/gcc/nios2-elf/4.9.2\libgcc.a(_clz.o)
 .debug_line    0x0000000000001ac5      0x15a f:/tools/bin/altera/15.1/nios2eds/bin/gnu/h-x86_64-mingw32/bin/../lib/gcc/nios2-elf/4.9.2/../../../../../H-x86_64-mingw32/nios2-elf/lib\libsmallc.a(lib_a-memset.o)
 .debug_line    0x0000000000001c1f      0x213 f:/tools/bin/altera/15.1/nios2eds/bin/gnu/h-x86_64-mingw32/bin/../lib/gcc/nios2-elf/4.9.2/../../../../../H-x86_64-mingw32/nios2-elf/lib\libsmallc.a(lib_a-sprintf.o)
 .debug_line    0x0000000000001e32      0x353 f:/tools/bin/altera/15.1/nios2eds/bin/gnu/h-x86_64-mingw32/bin/../lib/gcc/nios2-elf/4.9.2/../../../../../H-x86_64-mingw32/nios2-elf/lib\libsmallc.a(lib_a-svfprintf.o)
 .debug_line    0x0000000000002185      0x1fb f:/tools/bin/altera/15.1/nios2eds/bin/gnu/h-x86_64-mingw32/bin/../lib/gcc/nios2-elf/4.9.2/../../../../../H-x86_64-mingw32/nios2-elf/lib\libsmallc.a(lib_a-fvwrite_small_str.o)
 .debug_line    0x0000000000002380      0x153 f:/tools/bin/altera/15.1/nios2eds/bin/gnu/h-x86_64-mingw32/bin/../lib/gcc/nios2-elf/4.9.2/../../../../../H-x86_64-mingw32/nios2-elf/lib\libsmallc.a(lib_a-impure.o)
 .debug_line    0x00000000000024d3      0x168 f:/tools/bin/altera/15.1/nios2eds/bin/gnu/h-x86_64-mingw32/bin/../lib/gcc/nios2-elf/4.9.2/../../../../../H-x86_64-mingw32/nios2-elf/lib\libsmallc.a(lib_a-memmove.o)
 .debug_line    0x000000000000263b      0x159 f:/tools/bin/altera/15.1/nios2eds/bin/gnu/h-x86_64-mingw32/bin/../lib/gcc/nios2-elf/4.9.2/../../../../../H-x86_64-mingw32/nios2-elf/lib\libsmallc.a(lib_a-strlen.o)
 .debug_line    0x0000000000002794       0xed ../rx_fluid_nios_bsp/\libhal_bsp.a(alt_irq_register.o)
 .debug_line    0x0000000000002881       0x50 ../rx_fluid_nios_bsp/\libhal_bsp.a(alt_irq_vars.o)
 .debug_line    0x00000000000028d1       0xa6 ../rx_fluid_nios_bsp/\libhal_bsp.a(alt_load.o)
 .debug_line    0x0000000000002977       0xbd ../rx_fluid_nios_bsp/\libhal_bsp.a(alt_main.o)
 .debug_line    0x0000000000002a34      0x133 ../rx_fluid_nios_bsp/\libhal_bsp.a(alt_sys_init.o)
 .debug_line    0x0000000000002b67      0x17b ../rx_fluid_nios_bsp/\libhal_bsp.a(altera_avalon_jtag_uart_init.o)
 .debug_line    0x0000000000002ce2       0x84 ../rx_fluid_nios_bsp/\libhal_bsp.a(altera_avalon_sysid_qsys.o)
 .debug_line    0x0000000000002d66      0x103 ../rx_fluid_nios_bsp/\libhal_bsp.a(altera_avalon_timer_sc.o)
 .debug_line    0x0000000000002e69       0x91 ../rx_fluid_nios_bsp/\libhal_bsp.a(i2c_master.o)
 .debug_line    0x0000000000002efa       0xf2 ../rx_fluid_nios_bsp/\libhal_bsp.a(alt_alarm_start.o)
 .debug_line    0x0000000000002fec       0x4e ../rx_fluid_nios_bsp/\libhal_bsp.a(alt_dcache_flush_all.o)
 .debug_line    0x000000000000303a       0x87 ../rx_fluid_nios_bsp/\libhal_bsp.a(alt_icache_flush_all.o)
 .debug_line    0x00000000000030c1       0xf1 ../rx_fluid_nios_bsp/\libhal_bsp.a(alt_iic.o)
 .debug_line    0x00000000000031b2       0xd6 ../rx_fluid_nios_bsp/\libhal_bsp.a(alt_iic_isr_register.o)
 .debug_line    0x0000000000003288       0x6b ../rx_fluid_nios_bsp/\libhal_bsp.a(alt_irq_entry.o)
 .debug_line    0x00000000000032f3       0xa5 ../rx_fluid_nios_bsp/\libhal_bsp.a(alt_irq_handler.o)
 .debug_line    0x0000000000003398      0x104 ../rx_fluid_nios_bsp/\libhal_bsp.a(alt_tick.o)
 .debug_line    0x000000000000349c       0x50 ../rx_fluid_nios_bsp/\libhal_bsp.a(altera_nios2_gen2_irq.o)
 .debug_line    0x00000000000034ec       0xb3 ../rx_fluid_nios_bsp/\libhal_bsp.a(alt_exception_entry.o)
 .debug_line    0x000000000000359f       0x7d ../rx_fluid_nios_bsp/\libhal_bsp.a(alt_icache_flush.o)
 .debug_line    0x000000000000361c       0xc7 ../rx_fluid_nios_bsp/\libhal_bsp.a(alt_instruction_exception_entry.o)

.debug_frame    0x0000000000000000      0xf78
 *(.debug_frame)
 .debug_frame   0x0000000000000000       0x34 obj/default/AMC7891.o
 .debug_frame   0x0000000000000034       0x34 obj/default/MAX31865.o
 .debug_frame   0x0000000000000068      0x168 obj/default/adc_thermistor.o
 .debug_frame   0x00000000000001d0       0xb0 obj/default/heater.o
 .debug_frame   0x0000000000000280       0x38 obj/default/i2c.o
 .debug_frame   0x00000000000002b8      0x220 obj/default/ink_ctrl.o
 .debug_frame   0x00000000000004d8       0x8c obj/default/log.o
 .debug_frame   0x0000000000000564       0x2c obj/default/main.o
 .debug_frame   0x0000000000000590       0x68 obj/default/pid.o
 .debug_frame   0x00000000000005f8       0xb4 obj/default/pres.o
 .debug_frame   0x00000000000006ac      0x108 obj/default/rx_ink_common.o
 .debug_frame   0x00000000000007b4       0xf8 obj/default/timer.o
 .debug_frame   0x00000000000008ac       0x8c f:/tools/bin/altera/15.1/nios2eds/bin/gnu/h-x86_64-mingw32/bin/../lib/gcc/nios2-elf/4.9.2\libgcc.a(lib2-divmod.o)
 .debug_frame   0x0000000000000938       0x40 f:/tools/bin/altera/15.1/nios2eds/bin/gnu/h-x86_64-mingw32/bin/../lib/gcc/nios2-elf/4.9.2\libgcc.a(adddf3.o)
 .debug_frame   0x0000000000000978       0x58 f:/tools/bin/altera/15.1/nios2eds/bin/gnu/h-x86_64-mingw32/bin/../lib/gcc/nios2-elf/4.9.2\libgcc.a(muldf3.o)
 .debug_frame   0x00000000000009d0       0x20 f:/tools/bin/altera/15.1/nios2eds/bin/gnu/h-x86_64-mingw32/bin/../lib/gcc/nios2-elf/4.9.2\libgcc.a(fixdfsi.o)
 .debug_frame   0x00000000000009f0       0x38 f:/tools/bin/altera/15.1/nios2eds/bin/gnu/h-x86_64-mingw32/bin/../lib/gcc/nios2-elf/4.9.2\libgcc.a(floatsidf.o)
 .debug_frame   0x0000000000000a28       0x20 f:/tools/bin/altera/15.1/nios2eds/bin/gnu/h-x86_64-mingw32/bin/../lib/gcc/nios2-elf/4.9.2\libgcc.a(_clzsi2.o)
 .debug_frame   0x0000000000000a48       0x20 f:/tools/bin/altera/15.1/nios2eds/bin/gnu/h-x86_64-mingw32/bin/../lib/gcc/nios2-elf/4.9.2/../../../../../H-x86_64-mingw32/nios2-elf/lib\libsmallc.a(lib_a-memset.o)
 .debug_frame   0x0000000000000a68       0x48 f:/tools/bin/altera/15.1/nios2eds/bin/gnu/h-x86_64-mingw32/bin/../lib/gcc/nios2-elf/4.9.2/../../../../../H-x86_64-mingw32/nios2-elf/lib\libsmallc.a(lib_a-sprintf.o)
 .debug_frame   0x0000000000000ab0       0x8c f:/tools/bin/altera/15.1/nios2eds/bin/gnu/h-x86_64-mingw32/bin/../lib/gcc/nios2-elf/4.9.2/../../../../../H-x86_64-mingw32/nios2-elf/lib\libsmallc.a(lib_a-svfprintf.o)
 .debug_frame   0x0000000000000b3c       0x34 f:/tools/bin/altera/15.1/nios2eds/bin/gnu/h-x86_64-mingw32/bin/../lib/gcc/nios2-elf/4.9.2/../../../../../H-x86_64-mingw32/nios2-elf/lib\libsmallc.a(lib_a-fvwrite_small_str.o)
 .debug_frame   0x0000000000000b70       0x20 f:/tools/bin/altera/15.1/nios2eds/bin/gnu/h-x86_64-mingw32/bin/../lib/gcc/nios2-elf/4.9.2/../../../../../H-x86_64-mingw32/nios2-elf/lib\libsmallc.a(lib_a-memmove.o)
 .debug_frame   0x0000000000000b90       0x20 f:/tools/bin/altera/15.1/nios2eds/bin/gnu/h-x86_64-mingw32/bin/../lib/gcc/nios2-elf/4.9.2/../../../../../H-x86_64-mingw32/nios2-elf/lib\libsmallc.a(lib_a-strlen.o)
 .debug_frame   0x0000000000000bb0       0x20 ../rx_fluid_nios_bsp/\libhal_bsp.a(alt_irq_register.o)
 .debug_frame   0x0000000000000bd0       0x30 ../rx_fluid_nios_bsp/\libhal_bsp.a(alt_load.o)
 .debug_frame   0x0000000000000c00       0x2c ../rx_fluid_nios_bsp/\libhal_bsp.a(alt_main.o)
 .debug_frame   0x0000000000000c2c       0x48 ../rx_fluid_nios_bsp/\libhal_bsp.a(alt_sys_init.o)
 .debug_frame   0x0000000000000c74       0x64 ../rx_fluid_nios_bsp/\libhal_bsp.a(altera_avalon_jtag_uart_init.o)
 .debug_frame   0x0000000000000cd8       0x20 ../rx_fluid_nios_bsp/\libhal_bsp.a(altera_avalon_sysid_qsys.o)
 .debug_frame   0x0000000000000cf8       0x4c ../rx_fluid_nios_bsp/\libhal_bsp.a(altera_avalon_timer_sc.o)
 .debug_frame   0x0000000000000d44       0x60 ../rx_fluid_nios_bsp/\libhal_bsp.a(i2c_master.o)
 .debug_frame   0x0000000000000da4       0x20 ../rx_fluid_nios_bsp/\libhal_bsp.a(alt_alarm_start.o)
 .debug_frame   0x0000000000000dc4       0x20 ../rx_fluid_nios_bsp/\libhal_bsp.a(alt_dcache_flush_all.o)
 .debug_frame   0x0000000000000de4       0x20 ../rx_fluid_nios_bsp/\libhal_bsp.a(alt_icache_flush_all.o)
 .debug_frame   0x0000000000000e04       0x50 ../rx_fluid_nios_bsp/\libhal_bsp.a(alt_iic.o)
 .debug_frame   0x0000000000000e54       0x30 ../rx_fluid_nios_bsp/\libhal_bsp.a(alt_iic_isr_register.o)
 .debug_frame   0x0000000000000e84       0x34 ../rx_fluid_nios_bsp/\libhal_bsp.a(alt_irq_handler.o)
 .debug_frame   0x0000000000000eb8       0x50 ../rx_fluid_nios_bsp/\libhal_bsp.a(alt_tick.o)
 .debug_frame   0x0000000000000f08       0x20 ../rx_fluid_nios_bsp/\libhal_bsp.a(altera_nios2_gen2_irq.o)
 .debug_frame   0x0000000000000f28       0x20 ../rx_fluid_nios_bsp/\libhal_bsp.a(alt_icache_flush.o)
 .debug_frame   0x0000000000000f48       0x30 ../rx_fluid_nios_bsp/\libhal_bsp.a(alt_instruction_exception_entry.o)

.debug_str      0x0000000000000000     0x28e2
 *(.debug_str)
 .debug_str     0x0000000000000000      0x13f obj/default/AMC7891.o
                                        0x182 (size before relaxing)
 .debug_str     0x000000000000013f       0x19 obj/default/MAX31865.o
                                        0x17c (size before relaxing)
 .debug_str     0x0000000000000158      0x111 obj/default/adc_thermistor.o
                                        0x239 (size before relaxing)
 .debug_str     0x0000000000000269      0x7f4 obj/default/heater.o
                                        0x961 (size before relaxing)
 .debug_str     0x0000000000000a5d        0xf obj/default/i2c.o
                                        0x16a (size before relaxing)
 .debug_str     0x0000000000000a6c      0x1dc obj/default/ink_ctrl.o
                                        0xae6 (size before relaxing)
 .debug_str     0x0000000000000c48       0x24 obj/default/log.o
                                        0x8f7 (size before relaxing)
 .debug_str     0x0000000000000c6c       0x5a obj/default/main.o
                                        0x987 (size before relaxing)
 .debug_str     0x0000000000000cc6       0x34 obj/default/pid.o
                                        0x18e (size before relaxing)
 .debug_str     0x0000000000000cfa       0x8c obj/default/pres.o
                                        0x787 (size before relaxing)
 .debug_str     0x0000000000000d86      0x11b obj/default/rx_ink_common.o
                                        0x406 (size before relaxing)
 .debug_str     0x0000000000000ea1       0xcb obj/default/timer.o
                                        0xa02 (size before relaxing)
 .debug_str     0x0000000000000f6c       0x1e obj/default/version.o
                                        0x153 (size before relaxing)
 .debug_str     0x0000000000000f8a      0x16b f:/tools/bin/altera/15.1/nios2eds/bin/gnu/h-x86_64-mingw32/bin/../lib/gcc/nios2-elf/4.9.2\libgcc.a(lib2-divmod.o)
                                        0x1b6 (size before relaxing)
 .debug_str     0x00000000000010f5       0xd1 f:/tools/bin/altera/15.1/nios2eds/bin/gnu/h-x86_64-mingw32/bin/../lib/gcc/nios2-elf/4.9.2\libgcc.a(adddf3.o)
                                        0x248 (size before relaxing)
 .debug_str     0x00000000000011c6       0xdf f:/tools/bin/altera/15.1/nios2eds/bin/gnu/h-x86_64-mingw32/bin/../lib/gcc/nios2-elf/4.9.2\libgcc.a(muldf3.o)
                                        0x2a1 (size before relaxing)
 .debug_str     0x00000000000012a5       0x40 f:/tools/bin/altera/15.1/nios2eds/bin/gnu/h-x86_64-mingw32/bin/../lib/gcc/nios2-elf/4.9.2\libgcc.a(fixdfsi.o)
                                        0x1f4 (size before relaxing)
 .debug_str     0x00000000000012e5       0x49 f:/tools/bin/altera/15.1/nios2eds/bin/gnu/h-x86_64-mingw32/bin/../lib/gcc/nios2-elf/4.9.2\libgcc.a(floatsidf.o)
                                        0x1f8 (size before relaxing)
 .debug_str     0x000000000000132e       0x63 f:/tools/bin/altera/15.1/nios2eds/bin/gnu/h-x86_64-mingw32/bin/../lib/gcc/nios2-elf/4.9.2\libgcc.a(_clzsi2.o)
                                        0x1d8 (size before relaxing)
 .debug_str     0x0000000000000000      0x1bb f:/tools/bin/altera/15.1/nios2eds/bin/gnu/h-x86_64-mingw32/bin/../lib/gcc/nios2-elf/4.9.2\libgcc.a(_clz.o)
 .debug_str     0x0000000000001391      0x125 f:/tools/bin/altera/15.1/nios2eds/bin/gnu/h-x86_64-mingw32/bin/../lib/gcc/nios2-elf/4.9.2/../../../../../H-x86_64-mingw32/nios2-elf/lib\libsmallc.a(lib_a-memset.o)
                                        0x1b7 (size before relaxing)
 .debug_str     0x00000000000014b6      0x3e2 f:/tools/bin/altera/15.1/nios2eds/bin/gnu/h-x86_64-mingw32/bin/../lib/gcc/nios2-elf/4.9.2/../../../../../H-x86_64-mingw32/nios2-elf/lib\libsmallc.a(lib_a-sprintf.o)
                                        0x501 (size before relaxing)
 .debug_str     0x0000000000001898      0x20f f:/tools/bin/altera/15.1/nios2eds/bin/gnu/h-x86_64-mingw32/bin/../lib/gcc/nios2-elf/4.9.2/../../../../../H-x86_64-mingw32/nios2-elf/lib\libsmallc.a(lib_a-svfprintf.o)
                                        0x672 (size before relaxing)
 .debug_str     0x0000000000001aa7       0x61 f:/tools/bin/altera/15.1/nios2eds/bin/gnu/h-x86_64-mingw32/bin/../lib/gcc/nios2-elf/4.9.2/../../../../../H-x86_64-mingw32/nios2-elf/lib\libsmallc.a(lib_a-fvwrite_small_str.o)
                                        0x4cf (size before relaxing)
 .debug_str     0x0000000000001b08       0xe1 f:/tools/bin/altera/15.1/nios2eds/bin/gnu/h-x86_64-mingw32/bin/../lib/gcc/nios2-elf/4.9.2/../../../../../H-x86_64-mingw32/nios2-elf/lib\libsmallc.a(lib_a-impure.o)
                                        0x496 (size before relaxing)
 .debug_str     0x0000000000001be9       0x54 f:/tools/bin/altera/15.1/nios2eds/bin/gnu/h-x86_64-mingw32/bin/../lib/gcc/nios2-elf/4.9.2/../../../../../H-x86_64-mingw32/nios2-elf/lib\libsmallc.a(lib_a-memmove.o)
                                        0x1d2 (size before relaxing)
 .debug_str     0x0000000000001c3d       0x3a f:/tools/bin/altera/15.1/nios2eds/bin/gnu/h-x86_64-mingw32/bin/../lib/gcc/nios2-elf/4.9.2/../../../../../H-x86_64-mingw32/nios2-elf/lib\libsmallc.a(lib_a-strlen.o)
                                        0x1bd (size before relaxing)
 .debug_str     0x0000000000001c77      0x143 ../rx_fluid_nios_bsp/\libhal_bsp.a(alt_irq_register.o)
                                        0x1ed (size before relaxing)
 .debug_str     0x0000000000001dba       0x17 ../rx_fluid_nios_bsp/\libhal_bsp.a(alt_irq_vars.o)
                                        0x12b (size before relaxing)
 .debug_str     0x0000000000001dd1      0x113 ../rx_fluid_nios_bsp/\libhal_bsp.a(alt_load.o)
                                        0x221 (size before relaxing)
 .debug_str     0x0000000000001ee4       0x5e ../rx_fluid_nios_bsp/\libhal_bsp.a(alt_main.o)
                                        0x19a (size before relaxing)
 .debug_str     0x0000000000001f42      0x153 ../rx_fluid_nios_bsp/\libhal_bsp.a(alt_sys_init.o)
                                        0x308 (size before relaxing)
 .debug_str     0x0000000000002095       0xde ../rx_fluid_nios_bsp/\libhal_bsp.a(altera_avalon_jtag_uart_init.o)
                                        0x34e (size before relaxing)
 .debug_str     0x0000000000002173       0x61 ../rx_fluid_nios_bsp/\libhal_bsp.a(altera_avalon_sysid_qsys.o)
                                        0x162 (size before relaxing)
 .debug_str     0x00000000000021d4       0x5d ../rx_fluid_nios_bsp/\libhal_bsp.a(altera_avalon_timer_sc.o)
                                        0x25a (size before relaxing)
 .debug_str     0x0000000000002231       0x48 ../rx_fluid_nios_bsp/\libhal_bsp.a(i2c_master.o)
                                        0x162 (size before relaxing)
 .debug_str     0x0000000000002279       0x49 ../rx_fluid_nios_bsp/\libhal_bsp.a(alt_alarm_start.o)
                                        0x263 (size before relaxing)
 .debug_str     0x00000000000022c2       0x1f ../rx_fluid_nios_bsp/\libhal_bsp.a(alt_dcache_flush_all.o)
                                        0x13a (size before relaxing)
 .debug_str     0x00000000000022e1       0x30 ../rx_fluid_nios_bsp/\libhal_bsp.a(alt_icache_flush_all.o)
                                        0x153 (size before relaxing)
 .debug_str     0x0000000000002311       0x71 ../rx_fluid_nios_bsp/\libhal_bsp.a(alt_iic.o)
                                        0x238 (size before relaxing)
 .debug_str     0x0000000000002382       0x1f ../rx_fluid_nios_bsp/\libhal_bsp.a(alt_iic_isr_register.o)
                                        0x1f2 (size before relaxing)
 .debug_str     0x00000000000023a1       0x3a ../rx_fluid_nios_bsp/\libhal_bsp.a(alt_irq_handler.o)
                                        0x17c (size before relaxing)
 .debug_str     0x00000000000023db       0x41 ../rx_fluid_nios_bsp/\libhal_bsp.a(alt_tick.o)
                                        0x237 (size before relaxing)
 .debug_str     0x000000000000241c       0x20 ../rx_fluid_nios_bsp/\libhal_bsp.a(altera_nios2_gen2_irq.o)
                                        0x141 (size before relaxing)
 .debug_str     0x000000000000243c       0x1b ../rx_fluid_nios_bsp/\libhal_bsp.a(alt_icache_flush.o)
                                        0x140 (size before relaxing)
 .debug_str     0x0000000000002457      0x48b ../rx_fluid_nios_bsp/\libhal_bsp.a(alt_instruction_exception_entry.o)
                                        0x584 (size before relaxing)

.debug_loc      0x0000000000000000     0x4542
 *(.debug_loc)
 .debug_loc     0x0000000000000000      0x273 f:/tools/bin/altera/15.1/nios2eds/bin/gnu/h-x86_64-mingw32/bin/../lib/gcc/nios2-elf/4.9.2\libgcc.a(lib2-divmod.o)
 .debug_loc     0x0000000000000273     0x16ec f:/tools/bin/altera/15.1/nios2eds/bin/gnu/h-x86_64-mingw32/bin/../lib/gcc/nios2-elf/4.9.2\libgcc.a(adddf3.o)
 .debug_loc     0x000000000000195f     0x107e f:/tools/bin/altera/15.1/nios2eds/bin/gnu/h-x86_64-mingw32/bin/../lib/gcc/nios2-elf/4.9.2\libgcc.a(muldf3.o)
 .debug_loc     0x00000000000029dd      0x136 f:/tools/bin/altera/15.1/nios2eds/bin/gnu/h-x86_64-mingw32/bin/../lib/gcc/nios2-elf/4.9.2\libgcc.a(fixdfsi.o)
 .debug_loc     0x0000000000002b13      0x17f f:/tools/bin/altera/15.1/nios2eds/bin/gnu/h-x86_64-mingw32/bin/../lib/gcc/nios2-elf/4.9.2\libgcc.a(floatsidf.o)
 .debug_loc     0x0000000000002c92       0x2c f:/tools/bin/altera/15.1/nios2eds/bin/gnu/h-x86_64-mingw32/bin/../lib/gcc/nios2-elf/4.9.2\libgcc.a(_clzsi2.o)
 .debug_loc     0x0000000000002cbe       0xa5 f:/tools/bin/altera/15.1/nios2eds/bin/gnu/h-x86_64-mingw32/bin/../lib/gcc/nios2-elf/4.9.2/../../../../../H-x86_64-mingw32/nios2-elf/lib\libsmallc.a(lib_a-memset.o)
 .debug_loc     0x0000000000002d63      0x122 f:/tools/bin/altera/15.1/nios2eds/bin/gnu/h-x86_64-mingw32/bin/../lib/gcc/nios2-elf/4.9.2/../../../../../H-x86_64-mingw32/nios2-elf/lib\libsmallc.a(lib_a-sprintf.o)
 .debug_loc     0x0000000000002e85      0x946 f:/tools/bin/altera/15.1/nios2eds/bin/gnu/h-x86_64-mingw32/bin/../lib/gcc/nios2-elf/4.9.2/../../../../../H-x86_64-mingw32/nios2-elf/lib\libsmallc.a(lib_a-svfprintf.o)
 .debug_loc     0x00000000000037cb      0x15f f:/tools/bin/altera/15.1/nios2eds/bin/gnu/h-x86_64-mingw32/bin/../lib/gcc/nios2-elf/4.9.2/../../../../../H-x86_64-mingw32/nios2-elf/lib\libsmallc.a(lib_a-fvwrite_small_str.o)
 .debug_loc     0x000000000000392a      0x204 f:/tools/bin/altera/15.1/nios2eds/bin/gnu/h-x86_64-mingw32/bin/../lib/gcc/nios2-elf/4.9.2/../../../../../H-x86_64-mingw32/nios2-elf/lib\libsmallc.a(lib_a-memmove.o)
 .debug_loc     0x0000000000003b2e       0x1e f:/tools/bin/altera/15.1/nios2eds/bin/gnu/h-x86_64-mingw32/bin/../lib/gcc/nios2-elf/4.9.2/../../../../../H-x86_64-mingw32/nios2-elf/lib\libsmallc.a(lib_a-strlen.o)
 .debug_loc     0x0000000000003b4c      0x129 ../rx_fluid_nios_bsp/\libhal_bsp.a(alt_irq_register.o)
 .debug_loc     0x0000000000003c75       0x21 ../rx_fluid_nios_bsp/\libhal_bsp.a(alt_sys_init.o)
 .debug_loc     0x0000000000003c96      0x11e ../rx_fluid_nios_bsp/\libhal_bsp.a(altera_avalon_jtag_uart_init.o)
 .debug_loc     0x0000000000003db4       0xec ../rx_fluid_nios_bsp/\libhal_bsp.a(altera_avalon_timer_sc.o)
 .debug_loc     0x0000000000003ea0      0x14f ../rx_fluid_nios_bsp/\libhal_bsp.a(i2c_master.o)
 .debug_loc     0x0000000000003fef       0xaf ../rx_fluid_nios_bsp/\libhal_bsp.a(alt_alarm_start.o)
 .debug_loc     0x000000000000409e      0x129 ../rx_fluid_nios_bsp/\libhal_bsp.a(alt_iic.o)
 .debug_loc     0x00000000000041c7      0x193 ../rx_fluid_nios_bsp/\libhal_bsp.a(alt_iic_isr_register.o)
 .debug_loc     0x000000000000435a       0x98 ../rx_fluid_nios_bsp/\libhal_bsp.a(alt_irq_handler.o)
 .debug_loc     0x00000000000043f2       0x4f ../rx_fluid_nios_bsp/\libhal_bsp.a(alt_tick.o)
 .debug_loc     0x0000000000004441       0x52 ../rx_fluid_nios_bsp/\libhal_bsp.a(alt_icache_flush.o)
 .debug_loc     0x0000000000004493       0xaf ../rx_fluid_nios_bsp/\libhal_bsp.a(alt_instruction_exception_entry.o)

.debug_macinfo
 *(.debug_macinfo)

.debug_weaknames
 *(.debug_weaknames)

.debug_funcnames
 *(.debug_funcnames)

.debug_typenames
 *(.debug_typenames)

.debug_varnames
 *(.debug_varnames)

.debug_alt_sim_info
                0x0000000000000000       0x20
 *(.debug_alt_sim_info)
 .debug_alt_sim_info
                0x0000000000000000       0x20 ../rx_fluid_nios_bsp//obj/HAL/src/crt0.o
                0x0000000000020000                __alt_data_end = 0x20000
                0x0000000000020000                PROVIDE (__alt_stack_pointer, __alt_data_end)
                0x000000000001ac2c                PROVIDE (__alt_stack_limit, __alt_stack_base)
                0x000000000001ac2c                PROVIDE (__alt_heap_start, end)
                0x0000000000020000                PROVIDE (__alt_heap_limit, 0x20000)
OUTPUT(FluidBoard_V007.elf elf32-littlenios2)

.debug_ranges   0x0000000000000000      0x748
 .debug_ranges  0x0000000000000000       0x20 ../rx_fluid_nios_bsp//obj/HAL/src/crt0.o
 .debug_ranges  0x0000000000000020      0x238 f:/tools/bin/altera/15.1/nios2eds/bin/gnu/h-x86_64-mingw32/bin/../lib/gcc/nios2-elf/4.9.2\libgcc.a(adddf3.o)
 .debug_ranges  0x0000000000000258      0x218 f:/tools/bin/altera/15.1/nios2eds/bin/gnu/h-x86_64-mingw32/bin/../lib/gcc/nios2-elf/4.9.2\libgcc.a(muldf3.o)
 .debug_ranges  0x0000000000000470       0x38 f:/tools/bin/altera/15.1/nios2eds/bin/gnu/h-x86_64-mingw32/bin/../lib/gcc/nios2-elf/4.9.2\libgcc.a(fixdfsi.o)
 .debug_ranges  0x00000000000004a8       0x30 f:/tools/bin/altera/15.1/nios2eds/bin/gnu/h-x86_64-mingw32/bin/../lib/gcc/nios2-elf/4.9.2\libgcc.a(floatsidf.o)
 .debug_ranges  0x00000000000004d8       0x18 f:/tools/bin/altera/15.1/nios2eds/bin/gnu/h-x86_64-mingw32/bin/../lib/gcc/nios2-elf/4.9.2\libgcc.a(_clzsi2.o)
 .debug_ranges  0x00000000000004f0       0x10 f:/tools/bin/altera/15.1/nios2eds/bin/gnu/h-x86_64-mingw32/bin/../lib/gcc/nios2-elf/4.9.2/../../../../../H-x86_64-mingw32/nios2-elf/lib\libsmallc.a(lib_a-memset.o)
 .debug_ranges  0x0000000000000500       0x18 f:/tools/bin/altera/15.1/nios2eds/bin/gnu/h-x86_64-mingw32/bin/../lib/gcc/nios2-elf/4.9.2/../../../../../H-x86_64-mingw32/nios2-elf/lib\libsmallc.a(lib_a-sprintf.o)
 .debug_ranges  0x0000000000000518       0xd8 f:/tools/bin/altera/15.1/nios2eds/bin/gnu/h-x86_64-mingw32/bin/../lib/gcc/nios2-elf/4.9.2/../../../../../H-x86_64-mingw32/nios2-elf/lib\libsmallc.a(lib_a-svfprintf.o)
 .debug_ranges  0x00000000000005f0       0x10 f:/tools/bin/altera/15.1/nios2eds/bin/gnu/h-x86_64-mingw32/bin/../lib/gcc/nios2-elf/4.9.2/../../../../../H-x86_64-mingw32/nios2-elf/lib\libsmallc.a(lib_a-fvwrite_small_str.o)
 .debug_ranges  0x0000000000000600       0x10 f:/tools/bin/altera/15.1/nios2eds/bin/gnu/h-x86_64-mingw32/bin/../lib/gcc/nios2-elf/4.9.2/../../../../../H-x86_64-mingw32/nios2-elf/lib\libsmallc.a(lib_a-memmove.o)
 .debug_ranges  0x0000000000000610       0x10 f:/tools/bin/altera/15.1/nios2eds/bin/gnu/h-x86_64-mingw32/bin/../lib/gcc/nios2-elf/4.9.2/../../../../../H-x86_64-mingw32/nios2-elf/lib\libsmallc.a(lib_a-strlen.o)
 .debug_ranges  0x0000000000000620       0x48 ../rx_fluid_nios_bsp/\libhal_bsp.a(alt_load.o)
 .debug_ranges  0x0000000000000668       0x30 ../rx_fluid_nios_bsp/\libhal_bsp.a(altera_avalon_jtag_uart_init.o)
 .debug_ranges  0x0000000000000698       0x20 ../rx_fluid_nios_bsp/\libhal_bsp.a(altera_avalon_timer_sc.o)
 .debug_ranges  0x00000000000006b8       0x28 ../rx_fluid_nios_bsp/\libhal_bsp.a(alt_irq_entry.o)
 .debug_ranges  0x00000000000006e0       0x10 ../rx_fluid_nios_bsp/\libhal_bsp.a(alt_irq_handler.o)
 .debug_ranges  0x00000000000006f0       0x30 ../rx_fluid_nios_bsp/\libhal_bsp.a(alt_exception_entry.o)
 .debug_ranges  0x0000000000000720       0x10 ../rx_fluid_nios_bsp/\libhal_bsp.a(alt_icache_flush.o)
 .debug_ranges  0x0000000000000730       0x18 ../rx_fluid_nios_bsp/\libhal_bsp.a(alt_instruction_exception_entry.o)
