Archive member included to satisfy reference by file (symbol)

f:/tools/bin/altera/15.1/nios2eds/bin/gnu/h-x86_64-mingw32/bin/../lib/gcc/nios2-elf/4.9.2\libgcc.a(_divdi3.o)
                              obj/default/average.o (__divdi3)
f:/tools/bin/altera/15.1/nios2eds/bin/gnu/h-x86_64-mingw32/bin/../lib/gcc/nios2-elf/4.9.2\libgcc.a(lib2-divmod.o)
                              obj/default/heater.o (__divsi3)
f:/tools/bin/altera/15.1/nios2eds/bin/gnu/h-x86_64-mingw32/bin/../lib/gcc/nios2-elf/4.9.2\libgcc.a(_clz.o)
                              f:/tools/bin/altera/15.1/nios2eds/bin/gnu/h-x86_64-mingw32/bin/../lib/gcc/nios2-elf/4.9.2\libgcc.a(_divdi3.o) (__clz_tab)
f:/tools/bin/altera/15.1/nios2eds/bin/gnu/h-x86_64-mingw32/bin/../lib/gcc/nios2-elf/4.9.2/../../../../../H-x86_64-mingw32/nios2-elf/lib\libsmallc.a(lib_a-memcpy.o)
                              obj/default/comm.o (memcpy)
f:/tools/bin/altera/15.1/nios2eds/bin/gnu/h-x86_64-mingw32/bin/../lib/gcc/nios2-elf/4.9.2/../../../../../H-x86_64-mingw32/nios2-elf/lib\libsmallc.a(lib_a-memset.o)
                              obj/default/comm.o (memset)
f:/tools/bin/altera/15.1/nios2eds/bin/gnu/h-x86_64-mingw32/bin/../lib/gcc/nios2-elf/4.9.2/../../../../../H-x86_64-mingw32/nios2-elf/lib\libsmallc.a(lib_a-sprintf.o)
                              obj/default/log.o (sprintf)
f:/tools/bin/altera/15.1/nios2eds/bin/gnu/h-x86_64-mingw32/bin/../lib/gcc/nios2-elf/4.9.2/../../../../../H-x86_64-mingw32/nios2-elf/lib\libsmallc.a(lib_a-svfprintf.o)
                              f:/tools/bin/altera/15.1/nios2eds/bin/gnu/h-x86_64-mingw32/bin/../lib/gcc/nios2-elf/4.9.2/../../../../../H-x86_64-mingw32/nios2-elf/lib\libsmallc.a(lib_a-sprintf.o) (___svfprintf_internal_r)
f:/tools/bin/altera/15.1/nios2eds/bin/gnu/h-x86_64-mingw32/bin/../lib/gcc/nios2-elf/4.9.2/../../../../../H-x86_64-mingw32/nios2-elf/lib\libsmallc.a(lib_a-vprintf.o)
                              obj/default/trprintf.o (vprintf)
f:/tools/bin/altera/15.1/nios2eds/bin/gnu/h-x86_64-mingw32/bin/../lib/gcc/nios2-elf/4.9.2/../../../../../H-x86_64-mingw32/nios2-elf/lib\libsmallc.a(lib_a-fvwrite_small_dev.o)
                              f:/tools/bin/altera/15.1/nios2eds/bin/gnu/h-x86_64-mingw32/bin/../lib/gcc/nios2-elf/4.9.2/../../../../../H-x86_64-mingw32/nios2-elf/lib\libsmallc.a(lib_a-vprintf.o) (__sfvwrite_small_dev)
f:/tools/bin/altera/15.1/nios2eds/bin/gnu/h-x86_64-mingw32/bin/../lib/gcc/nios2-elf/4.9.2/../../../../../H-x86_64-mingw32/nios2-elf/lib\libsmallc.a(lib_a-fvwrite_small_str.o)
                              f:/tools/bin/altera/15.1/nios2eds/bin/gnu/h-x86_64-mingw32/bin/../lib/gcc/nios2-elf/4.9.2/../../../../../H-x86_64-mingw32/nios2-elf/lib\libsmallc.a(lib_a-sprintf.o) (__sfvwrite_small_str)
f:/tools/bin/altera/15.1/nios2eds/bin/gnu/h-x86_64-mingw32/bin/../lib/gcc/nios2-elf/4.9.2/../../../../../H-x86_64-mingw32/nios2-elf/lib\libsmallc.a(lib_a-impure.o)
                              f:/tools/bin/altera/15.1/nios2eds/bin/gnu/h-x86_64-mingw32/bin/../lib/gcc/nios2-elf/4.9.2/../../../../../H-x86_64-mingw32/nios2-elf/lib\libsmallc.a(lib_a-sprintf.o) (_impure_ptr)
f:/tools/bin/altera/15.1/nios2eds/bin/gnu/h-x86_64-mingw32/bin/../lib/gcc/nios2-elf/4.9.2/../../../../../H-x86_64-mingw32/nios2-elf/lib\libsmallc.a(lib_a-memmove.o)
                              f:/tools/bin/altera/15.1/nios2eds/bin/gnu/h-x86_64-mingw32/bin/../lib/gcc/nios2-elf/4.9.2/../../../../../H-x86_64-mingw32/nios2-elf/lib\libsmallc.a(lib_a-fvwrite_small_str.o) (memmove)
f:/tools/bin/altera/15.1/nios2eds/bin/gnu/h-x86_64-mingw32/bin/../lib/gcc/nios2-elf/4.9.2/../../../../../H-x86_64-mingw32/nios2-elf/lib\libsmallc.a(lib_a-strlen.o)
                              f:/tools/bin/altera/15.1/nios2eds/bin/gnu/h-x86_64-mingw32/bin/../lib/gcc/nios2-elf/4.9.2/../../../../../H-x86_64-mingw32/nios2-elf/lib\libsmallc.a(lib_a-svfprintf.o) (strlen)
f:/tools/bin/altera/15.1/nios2eds/bin/gnu/h-x86_64-mingw32/bin/../lib/gcc/nios2-elf/4.9.2/../../../../../H-x86_64-mingw32/nios2-elf/lib\libsmallc.a(lib_a-vfprintf.o)
                              f:/tools/bin/altera/15.1/nios2eds/bin/gnu/h-x86_64-mingw32/bin/../lib/gcc/nios2-elf/4.9.2/../../../../../H-x86_64-mingw32/nios2-elf/lib\libsmallc.a(lib_a-vprintf.o) (__vfprintf_internal)
f:/tools/bin/altera/15.1/nios2eds/bin/gnu/h-x86_64-mingw32/bin/../lib/gcc/nios2-elf/4.9.2/../../../../../H-x86_64-mingw32/nios2-elf/lib\libsmallc.a(lib_a-writer.o)
                              f:/tools/bin/altera/15.1/nios2eds/bin/gnu/h-x86_64-mingw32/bin/../lib/gcc/nios2-elf/4.9.2/../../../../../H-x86_64-mingw32/nios2-elf/lib\libsmallc.a(lib_a-fvwrite_small_dev.o) (_write_r)
f:/tools/bin/altera/15.1/nios2eds/bin/gnu/h-x86_64-mingw32/bin/../lib/gcc/nios2-elf/4.9.2/../../../../../H-x86_64-mingw32/nios2-elf/lib\libsmallc.a(lib_a-int_errno.o)
                              f:/tools/bin/altera/15.1/nios2eds/bin/gnu/h-x86_64-mingw32/bin/../lib/gcc/nios2-elf/4.9.2/../../../../../H-x86_64-mingw32/nios2-elf/lib\libsmallc.a(lib_a-writer.o) (errno)
[...]
Memory Configuration

Name             Origin             Length             Attributes
reset            0x0000000000010000 0x0000000000000020
onchip_memory_nios_cpu 0x0000000000010020 0x000000000000ffe0
onchip_memory_nios_arm 0x0000000000050000 0x0000000000008000
*default*        0x0000000000000000 0xffffffffffffffff

Linker script and memory map

LOAD ../rx_fluid_nios_bsp//obj/HAL/src/crt0.o
LOAD obj/default/AMC7891.o
LOAD obj/default/MAX31865.o
LOAD obj/default/adc_thermistor.o
LOAD obj/default/average.o
LOAD obj/default/comm.o
LOAD obj/default/fifo.o
LOAD obj/default/heater.o
LOAD obj/default/i2c.o
LOAD obj/default/ink_ctrl.o
LOAD obj/default/log.o
LOAD obj/default/main.o
LOAD obj/default/pid.o
LOAD obj/default/pres.o
LOAD obj/default/timer.o
LOAD obj/default/trprintf.o
LOAD obj/default/version.o
LOAD f:/tools/bin/altera/15.1/nios2eds/bin/gnu/h-x86_64-mingw32/bin/../lib/gcc/nios2-elf/4.9.2/../../../../../H-x86_64-mingw32/nios2-elf/lib\libstdc++.a
LOAD f:/tools/bin/altera/15.1/nios2eds/bin/gnu/h-x86_64-mingw32/bin/../lib/gcc/nios2-elf/4.9.2/../../../../../H-x86_64-mingw32/nios2-elf/lib\libm.a
LOAD f:/tools/bin/altera/15.1/nios2eds/bin/gnu/h-x86_64-mingw32/bin/../lib/gcc/nios2-elf/4.9.2\libgcc.a
START GROUP
LOAD f:/tools/bin/altera/15.1/nios2eds/bin/gnu/h-x86_64-mingw32/bin/../lib/gcc/nios2-elf/4.9.2/../../../../../H-x86_64-mingw32/nios2-elf/lib\libsmallc.a
LOAD f:/tools/bin/altera/15.1/nios2eds/bin/gnu/h-x86_64-mingw32/bin/../lib/gcc/nios2-elf/4.9.2\libgcc.a
LOAD ../rx_fluid_nios_bsp/\libhal_bsp.a
LOAD f:/tools/bin/altera/15.1/nios2eds/bin/gnu/h-x86_64-mingw32/bin/../lib/gcc/nios2-elf/4.9.2/../../../../../H-x86_64-mingw32/nios2-elf/lib\libm.a
END GROUP
LOAD f:/tools/bin/altera/15.1/nios2eds/bin/gnu/h-x86_64-mingw32/bin/../lib/gcc/nios2-elf/4.9.2\libgcc.a
                0x0000000000010000                __alt_mem_onchip_memory_nios_cpu = 0x10000
                0x0000000000050000                __alt_mem_onchip_memory_nios_arm = 0x50000

.entry          0x0000000000010000       0x20
 *(.entry)
 .entry         0x0000000000010000       0x20 ../rx_fluid_nios_bsp//obj/HAL/src/crt0.o
                0x0000000000010000                __reset
                0x000000000001001c                _exit

.exceptions     0x0000000000010020      0x16c
                0x0000000000010020                PROVIDE (__ram_exceptions_start, ABSOLUTE (.))
                0x0000000000010020                . = ALIGN (0x20)
 *(.irq)
 *(.exceptions.entry.label)
 .exceptions.entry.label
                0x0000000000010020        0x0 ../rx_fluid_nios_bsp/\libhal_bsp.a(alt_irq_entry.o)
                0x0000000000010020                alt_irq_entry
 .exceptions.entry.label
                0x0000000000010020        0x0 ../rx_fluid_nios_bsp/\libhal_bsp.a(alt_exception_entry.o)
                0x0000000000010020                alt_exception
 *(.exceptions.entry.user)
 *(.exceptions.entry.ecc_fatal)
 *(.exceptions.entry)
 .exceptions.entry
                0x0000000000010020       0x54 ../rx_fluid_nios_bsp/\libhal_bsp.a(alt_exception_entry.o)
 *(.exceptions.irqtest.user)
 *(.exceptions.irqtest)
 .exceptions.irqtest
                0x0000000000010074       0x10 ../rx_fluid_nios_bsp/\libhal_bsp.a(alt_irq_entry.o)
 *(.exceptions.irqhandler.user)
 *(.exceptions.irqhandler)
 .exceptions.irqhandler
                0x0000000000010084        0x4 ../rx_fluid_nios_bsp/\libhal_bsp.a(alt_irq_entry.o)
 *(.exceptions.irqreturn.user)
 *(.exceptions.irqreturn)
 .exceptions.irqreturn
                0x0000000000010088        0x4 ../rx_fluid_nios_bsp/\libhal_bsp.a(alt_irq_entry.o)
 *(.exceptions.notirq.label)
 .exceptions.notirq.label
                0x000000000001008c        0x0 ../rx_fluid_nios_bsp/\libhal_bsp.a(alt_irq_entry.o)
 *(.exceptions.notirq.user)
 *(.exceptions.notirq)
 .exceptions.notirq
                0x000000000001008c        0x8 ../rx_fluid_nios_bsp/\libhal_bsp.a(alt_exception_entry.o)
 *(.exceptions.soft.user)
 *(.exceptions.soft)
 *(.exceptions.unknown.user)
 *(.exceptions.unknown)
 .exceptions.unknown
                0x0000000000010094       0x14 ../rx_fluid_nios_bsp/\libhal_bsp.a(alt_exception_entry.o)
 *(.exceptions.exit.label)
 .exceptions.exit.label
                0x00000000000100a8        0x0 ../rx_fluid_nios_bsp/\libhal_bsp.a(alt_irq_entry.o)
 .exceptions.exit.label
                0x00000000000100a8        0x0 ../rx_fluid_nios_bsp/\libhal_bsp.a(alt_exception_entry.o)
 *(.exceptions.exit.user)
 *(.exceptions.exit)
 .exceptions.exit
                0x00000000000100a8       0x54 ../rx_fluid_nios_bsp/\libhal_bsp.a(alt_exception_entry.o)
 *(.exceptions)
 .exceptions    0x00000000000100fc       0x64 ../rx_fluid_nios_bsp/\libhal_bsp.a(alt_irq_handler.o)
                0x00000000000100fc                alt_irq_handler
 .exceptions    0x0000000000010160       0x2c ../rx_fluid_nios_bsp/\libhal_bsp.a(alt_instruction_exception_entry.o)
                0x0000000000010160                alt_instruction_exception_entry
                0x000000000001018c                PROVIDE (__ram_exceptions_end, ABSOLUTE (.))
                0x0000000000010020                PROVIDE (__flash_exceptions_start, LOADADDR (.exceptions))

.text           0x000000000001018c     0x9bc0
                0x000000000001018c                PROVIDE (stext, ABSOLUTE (.))
 *(.interp)
 *(.hash)
 *(.dynsym)
 *(.dynstr)
 *(.gnu.version)
 *(.gnu.version_d)
 *(.gnu.version_r)
 *(.rel.init)
 *(.rela.init)
 *(.rel.text .rel.text.* .rel.gnu.linkonce.t.*)
 *(.rela.text .rela.text.* .rela.gnu.linkonce.t.*)
 *(.rel.fini)
 *(.rela.fini)
 *(.rel.rodata .rel.rodata.* .rel.gnu.linkonce.r.*)
 *(.rela.rodata .rela.rodata.* .rela.gnu.linkonce.r.*)
 *(.rel.data .rel.data.* .rel.gnu.linkonce.d.*)
 *(.rela.data .rela.data.* .rela.gnu.linkonce.d.*)
 *(.rel.tdata .rel.tdata.* .rel.gnu.linkonce.td.*)
 *(.rela.tdata .rela.tdata.* .rela.gnu.linkonce.td.*)
 *(.rel.tbss .rel.tbss.* .rel.gnu.linkonce.tb.*)
 *(.rela.tbss .rela.tbss.* .rela.gnu.linkonce.tb.*)
 *(.rel.ctors)
 *(.rela.ctors)
 *(.rel.dtors)
 *(.rela.dtors)
 *(.rel.got)
 *(.rela.got)
 *(.rel.sdata .rel.sdata.* .rel.gnu.linkonce.s.*)
 *(.rela.sdata .rela.sdata.* .rela.gnu.linkonce.s.*)
 *(.rel.sbss .rel.sbss.* .rel.gnu.linkonce.sb.*)
 *(.rela.sbss .rela.sbss.* .rela.gnu.linkonce.sb.*)
 *(.rel.sdata2 .rel.sdata2.* .rel.gnu.linkonce.s2.*)
 *(.rela.sdata2 .rela.sdata2.* .rela.gnu.linkonce.s2.*)
 *(.rel.sbss2 .rel.sbss2.* .rel.gnu.linkonce.sb2.*)
 *(.rela.sbss2 .rela.sbss2.* .rela.gnu.linkonce.sb2.*)
 *(.rel.bss .rel.bss.* .rel.gnu.linkonce.b.*)
 *(.rela.bss .rela.bss.* .rela.gnu.linkonce.b.*)
 *(.rel.plt)
 *(.rela.plt)
 *(.rel.dyn)
 *(.init)
 *(.plt)
 *(.text .stub .text.* .gnu.linkonce.t.*)
 .text          0x000000000001018c       0x3c ../rx_fluid_nios_bsp//obj/HAL/src/crt0.o
                0x000000000001018c                _start
 .text          0x00000000000101c8      0x1e4 obj/default/AMC7891.o
                0x00000000000101c8                init_AMC7891
 .text          0x00000000000103ac       0xac obj/default/MAX31865.o
                0x00000000000103ac                init_MAX31865
 .text          0x0000000000010458      0x270 obj/default/adc_thermistor.o
                0x0000000000010458                Main_adc_polling
 .text          0x00000000000106c8      0x27c obj/default/average.o
                0x00000000000106c8                selection_sort
                0x0000000000010804                average
 .text          0x0000000000010944      0x4b4 obj/default/comm.o
                0x0000000000010944                comm_init
                0x0000000000010990                comm_encode
                0x0000000000010b54                comm_received
                0x0000000000010d4c                comm_get_data
 .text          0x0000000000010df8      0x19c obj/default/fifo.o
                0x0000000000010df8                fifo_init
                0x0000000000010e30                fifo_put
                0x0000000000010ef8                fifo_get
 .text          0x0000000000010f94      0xd7c obj/default/heater.o
                0x0000000000010f94                heater_init
                0x0000000000011044                heater_tick_10ms
                0x0000000000011c04                heater_tick_1000ms
 .text          0x0000000000011d10       0x58 obj/default/i2c.o
                0x0000000000011d10                init_I2C
 .text          0x0000000000011d68     0x4074 obj/default/ink_ctrl.o
                0x0000000000011d68                abs
                0x0000000000011da0                ink_init
                0x0000000000012074                ink_tick_10ms
                0x00000000000148f8                ink_tick_1000ms
 .text          0x0000000000015ddc      0x558 obj/default/log.o
                0x0000000000015ddc                log_init
                0x0000000000015e80                log_tick_10ms
 .text          0x0000000000016334      0x438 obj/default/main.o
                0x0000000000016370                main_error_reset
                0x00000000000163f0                main
 .text          0x000000000001676c      0x170 obj/default/pid.o
                0x000000000001676c                pid_reset
                0x0000000000016794                pid_calc
 .text          0x00000000000168dc      0xba8 obj/default/pres.o
                0x00000000000168dc                pres_init
                0x0000000000017028                pres_valid
                0x0000000000017064                pres_tick_10ms
 .text          0x0000000000017484      0x508 obj/default/timer.o
                0x0000000000017484                timer_main
                0x00000000000178c0                timer_init
 .text          0x000000000001798c       0xa8 obj/default/trprintf.o
                0x000000000001798c                tr_debug
                0x00000000000179b0                tr_debug_on
                0x00000000000179d0                trprintf
 .text          0x0000000000017a34      0x16c obj/default/version.o
                0x0000000000017a34                get_version
 .text          0x0000000000017ba0      0x620 f:/tools/bin/altera/15.1/nios2eds/bin/gnu/h-x86_64-mingw32/bin/../lib/gcc/nios2-elf/4.9.2\libgcc.a(_divdi3.o)
                0x0000000000017ba0                __divdi3
 .text          0x00000000000181c0      0x12c f:/tools/bin/altera/15.1/nios2eds/bin/gnu/h-x86_64-mingw32/bin/../lib/gcc/nios2-elf/4.9.2\libgcc.a(lib2-divmod.o)
                0x000000000001822c                __divsi3
                0x0000000000018280                __modsi3
                0x00000000000182dc                __udivsi3
                0x00000000000182e4                __umodsi3
 .text          0x00000000000182ec        0x0 f:/tools/bin/altera/15.1/nios2eds/bin/gnu/h-x86_64-mingw32/bin/../lib/gcc/nios2-elf/4.9.2\libgcc.a(_clz.o)
 .text          0x00000000000182ec        0x0 f:/tools/bin/altera/15.1/nios2eds/bin/gnu/h-x86_64-mingw32/bin/../lib/gcc/nios2-elf/4.9.2/../../../../../H-x86_64-mingw32/nios2-elf/lib\libsmallc.a(lib_a-memcpy.o)
 .text.memcpy   0x00000000000182ec       0x28 f:/tools/bin/altera/15.1/nios2eds/bin/gnu/h-x86_64-mingw32/bin/../lib/gcc/nios2-elf/4.9.2/../../../../../H-x86_64-mingw32/nios2-elf/lib\libsmallc.a(lib_a-memcpy.o)
                0x00000000000182ec                memcpy
 .text          0x0000000000018314        0x0 f:/tools/bin/altera/15.1/nios2eds/bin/gnu/h-x86_64-mingw32/bin/../lib/gcc/nios2-elf/4.9.2/../../../../../H-x86_64-mingw32/nios2-elf/lib\libsmallc.a(lib_a-memset.o)
 .text.memset   0x0000000000018314       0x20 f:/tools/bin/altera/15.1/nios2eds/bin/gnu/h-x86_64-mingw32/bin/../lib/gcc/nios2-elf/4.9.2/../../../../../H-x86_64-mingw32/nios2-elf/lib\libsmallc.a(lib_a-memset.o)
                0x0000000000018314                memset
 .text          0x0000000000018334        0x0 f:/tools/bin/altera/15.1/nios2eds/bin/gnu/h-x86_64-mingw32/bin/../lib/gcc/nios2-elf/4.9.2/../../../../../H-x86_64-mingw32/nios2-elf/lib\libsmallc.a(lib_a-sprintf.o)
 .text._sprintf_r
                0x0000000000018334       0x64 f:/tools/bin/altera/15.1/nios2eds/bin/gnu/h-x86_64-mingw32/bin/../lib/gcc/nios2-elf/4.9.2/../../../../../H-x86_64-mingw32/nios2-elf/lib\libsmallc.a(lib_a-sprintf.o)
                0x0000000000018334                _sprintf_r
 .text.sprintf  0x0000000000018398       0x78 f:/tools/bin/altera/15.1/nios2eds/bin/gnu/h-x86_64-mingw32/bin/../lib/gcc/nios2-elf/4.9.2/../../../../../H-x86_64-mingw32/nios2-elf/lib\libsmallc.a(lib_a-sprintf.o)
                0x0000000000018398                sprintf
 .text          0x0000000000018410        0x0 f:/tools/bin/altera/15.1/nios2eds/bin/gnu/h-x86_64-mingw32/bin/../lib/gcc/nios2-elf/4.9.2/../../../../../H-x86_64-mingw32/nios2-elf/lib\libsmallc.a(lib_a-svfprintf.o)
 .text.print_repeat
                0x0000000000018410       0x6c f:/tools/bin/altera/15.1/nios2eds/bin/gnu/h-x86_64-mingw32/bin/../lib/gcc/nios2-elf/4.9.2/../../../../../H-x86_64-mingw32/nios2-elf/lib\libsmallc.a(lib_a-svfprintf.o)
 .text.___svfprintf_internal_r
                0x000000000001847c      0x544 f:/tools/bin/altera/15.1/nios2eds/bin/gnu/h-x86_64-mingw32/bin/../lib/gcc/nios2-elf/4.9.2/../../../../../H-x86_64-mingw32/nios2-elf/lib\libsmallc.a(lib_a-svfprintf.o)
                0x000000000001847c                ___svfprintf_internal_r
 .text.__vfprintf_internal_unused
                0x00000000000189c0       0x24 f:/tools/bin/altera/15.1/nios2eds/bin/gnu/h-x86_64-mingw32/bin/../lib/gcc/nios2-elf/4.9.2/../../../../../H-x86_64-mingw32/nios2-elf/lib\libsmallc.a(lib_a-svfprintf.o)
                0x00000000000189c0                __vfprintf_internal_unused
 .text          0x00000000000189e4        0x0 f:/tools/bin/altera/15.1/nios2eds/bin/gnu/h-x86_64-mingw32/bin/../lib/gcc/nios2-elf/4.9.2/../../../../../H-x86_64-mingw32/nios2-elf/lib\libsmallc.a(lib_a-vprintf.o)
 .text.vprintf  0x00000000000189e4       0x30 f:/tools/bin/altera/15.1/nios2eds/bin/gnu/h-x86_64-mingw32/bin/../lib/gcc/nios2-elf/4.9.2/../../../../../H-x86_64-mingw32/nios2-elf/lib\libsmallc.a(lib_a-vprintf.o)
                0x00000000000189e4                vprintf
 .text          0x0000000000018a14        0x0 f:/tools/bin/altera/15.1/nios2eds/bin/gnu/h-x86_64-mingw32/bin/../lib/gcc/nios2-elf/4.9.2/../../../../../H-x86_64-mingw32/nios2-elf/lib\libsmallc.a(lib_a-fvwrite_small_dev.o)
 .text.__sfvwrite_small_dev
                0x0000000000018a14       0xac f:/tools/bin/altera/15.1/nios2eds/bin/gnu/h-x86_64-mingw32/bin/../lib/gcc/nios2-elf/4.9.2/../../../../../H-x86_64-mingw32/nios2-elf/lib\libsmallc.a(lib_a-fvwrite_small_dev.o)
                0x0000000000018a14                __sfvwrite_small_dev
 .text          0x0000000000018ac0        0x0 f:/tools/bin/altera/15.1/nios2eds/bin/gnu/h-x86_64-mingw32/bin/../lib/gcc/nios2-elf/4.9.2/../../../../../H-x86_64-mingw32/nios2-elf/lib\libsmallc.a(lib_a-fvwrite_small_str.o)
 .text.__sfvwrite_small_str
                0x0000000000018ac0       0x9c f:/tools/bin/altera/15.1/nios2eds/bin/gnu/h-x86_64-mingw32/bin/../lib/gcc/nios2-elf/4.9.2/../../../../../H-x86_64-mingw32/nios2-elf/lib\libsmallc.a(lib_a-fvwrite_small_str.o)
                0x0000000000018ac0                __sfvwrite_small_str
 .text          0x0000000000018b5c        0x0 f:/tools/bin/altera/15.1/nios2eds/bin/gnu/h-x86_64-mingw32/bin/../lib/gcc/nios2-elf/4.9.2/../../../../../H-x86_64-mingw32/nios2-elf/lib\libsmallc.a(lib_a-impure.o)
 .text          0x0000000000018b5c        0x0 f:/tools/bin/altera/15.1/nios2eds/bin/gnu/h-x86_64-mingw32/bin/../lib/gcc/nios2-elf/4.9.2/../../../../../H-x86_64-mingw32/nios2-elf/lib\libsmallc.a(lib_a-memmove.o)
 .text.memmove  0x0000000000018b5c       0x60 f:/tools/bin/altera/15.1/nios2eds/bin/gnu/h-x86_64-mingw32/bin/../lib/gcc/nios2-elf/4.9.2/../../../../../H-x86_64-mingw32/nios2-elf/lib\libsmallc.a(lib_a-memmove.o)
                0x0000000000018b5c                memmove
 .text          0x0000000000018bbc        0x0 f:/tools/bin/altera/15.1/nios2eds/bin/gnu/h-x86_64-mingw32/bin/../lib/gcc/nios2-elf/4.9.2/../../../../../H-x86_64-mingw32/nios2-elf/lib\libsmallc.a(lib_a-strlen.o)
 .text.strlen   0x0000000000018bbc       0x1c f:/tools/bin/altera/15.1/nios2eds/bin/gnu/h-x86_64-mingw32/bin/../lib/gcc/nios2-elf/4.9.2/../../../../../H-x86_64-mingw32/nios2-elf/lib\libsmallc.a(lib_a-strlen.o)
                0x0000000000018bbc                strlen
 .text          0x0000000000018bd8        0x0 f:/tools/bin/altera/15.1/nios2eds/bin/gnu/h-x86_64-mingw32/bin/../lib/gcc/nios2-elf/4.9.2/../../../../../H-x86_64-mingw32/nios2-elf/lib\libsmallc.a(lib_a-vfprintf.o)
 .text.print_repeat
                0x0000000000018bd8       0x6c f:/tools/bin/altera/15.1/nios2eds/bin/gnu/h-x86_64-mingw32/bin/../lib/gcc/nios2-elf/4.9.2/../../../../../H-x86_64-mingw32/nios2-elf/lib\libsmallc.a(lib_a-vfprintf.o)
 .text.___vfprintf_internal_r
                0x0000000000018c44      0x544 f:/tools/bin/altera/15.1/nios2eds/bin/gnu/h-x86_64-mingw32/bin/../lib/gcc/nios2-elf/4.9.2/../../../../../H-x86_64-mingw32/nios2-elf/lib\libsmallc.a(lib_a-vfprintf.o)
                0x0000000000018c44                ___vfprintf_internal_r
 .text.__vfprintf_internal
                0x0000000000019188       0x24 f:/tools/bin/altera/15.1/nios2eds/bin/gnu/h-x86_64-mingw32/bin/../lib/gcc/nios2-elf/4.9.2/../../../../../H-x86_64-mingw32/nios2-elf/lib\libsmallc.a(lib_a-vfprintf.o)
                0x0000000000019188                __vfprintf_internal
 .text          0x00000000000191ac        0x0 f:/tools/bin/altera/15.1/nios2eds/bin/gnu/h-x86_64-mingw32/bin/../lib/gcc/nios2-elf/4.9.2/../../../../../H-x86_64-mingw32/nios2-elf/lib\libsmallc.a(lib_a-writer.o)
 .text._write_r
                0x00000000000191ac       0x58 f:/tools/bin/altera/15.1/nios2eds/bin/gnu/h-x86_64-mingw32/bin/../lib/gcc/nios2-elf/4.9.2/../../../../../H-x86_64-mingw32/nios2-elf/lib\libsmallc.a(lib_a-writer.o)
                0x00000000000191ac                _write_r
 .text          0x0000000000019204        0x0 f:/tools/bin/altera/15.1/nios2eds/bin/gnu/h-x86_64-mingw32/bin/../lib/gcc/nios2-elf/4.9.2/../../../../../H-x86_64-mingw32/nios2-elf/lib\libsmallc.a(lib_a-int_errno.o)
 .text          0x0000000000019204       0x9c ../rx_fluid_nios_bsp/\libhal_bsp.a(alt_irq_register.o)
                0x0000000000019204                alt_irq_register
 .text          0x00000000000192a0        0x0 ../rx_fluid_nios_bsp/\libhal_bsp.a(alt_irq_vars.o)
 .text          0x00000000000192a0       0xf8 ../rx_fluid_nios_bsp/\libhal_bsp.a(alt_load.o)
                0x00000000000192a0                alt_load
 .text          0x0000000000019398       0x2c ../rx_fluid_nios_bsp/\libhal_bsp.a(alt_main.o)
                0x0000000000019398                alt_main
 .text          0x00000000000193c4       0x6c ../rx_fluid_nios_bsp/\libhal_bsp.a(alt_write.o)
                0x00000000000193c4                write
 .text          0x0000000000019430       0x58 ../rx_fluid_nios_bsp/\libhal_bsp.a(alt_sys_init.o)
                0x0000000000019430                alt_irq_init
                0x0000000000019450                alt_sys_init
 .text          0x0000000000019488      0x1e8 ../rx_fluid_nios_bsp/\libhal_bsp.a(altera_avalon_jtag_uart_init.o)
                0x00000000000195c0                altera_avalon_jtag_uart_init
                0x0000000000019640                altera_avalon_jtag_uart_close
 .text          0x0000000000019670      0x174 ../rx_fluid_nios_bsp/\libhal_bsp.a(altera_avalon_jtag_uart_write.o)
                0x0000000000019670                altera_avalon_jtag_uart_write
 .text          0x00000000000197e4       0x4c ../rx_fluid_nios_bsp/\libhal_bsp.a(altera_avalon_sysid_qsys.o)
                0x00000000000197e4                alt_avalon_sysid_qsys_test
 .text          0x0000000000019830       0x8c ../rx_fluid_nios_bsp/\libhal_bsp.a(altera_avalon_timer_sc.o)
                0x000000000001986c                alt_avalon_timer_sc_init
 .text          0x00000000000198bc      0x148 ../rx_fluid_nios_bsp/\libhal_bsp.a(i2c_master.o)
                0x00000000000198bc                I2C_init
                0x0000000000019910                I2C_start
                0x000000000001995c                I2C_read
                0x00000000000199ac                I2C_write
 .text          0x0000000000019a04       0x94 ../rx_fluid_nios_bsp/\libhal_bsp.a(alt_alarm_start.o)
                0x0000000000019a04                alt_alarm_start
 .text          0x0000000000019a98        0x4 ../rx_fluid_nios_bsp/\libhal_bsp.a(alt_dcache_flush_all.o)
                0x0000000000019a98                alt_dcache_flush_all
 .text          0x0000000000019a9c        0x0 ../rx_fluid_nios_bsp/\libhal_bsp.a(alt_errno.o)
 .text          0x0000000000019a9c        0xc ../rx_fluid_nios_bsp/\libhal_bsp.a(alt_icache_flush_all.o)
                0x0000000000019a9c                alt_icache_flush_all
 .text          0x0000000000019aa8       0x9c ../rx_fluid_nios_bsp/\libhal_bsp.a(alt_iic.o)
                0x0000000000019aa8                alt_ic_isr_register
                0x0000000000019aac                alt_ic_irq_enable
                0x0000000000019aec                alt_ic_irq_disable
                0x0000000000019b2c                alt_ic_irq_enabled
 .text          0x0000000000019b44       0x68 ../rx_fluid_nios_bsp/\libhal_bsp.a(alt_iic_isr_register.o)
                0x0000000000019b44                alt_iic_isr_register
 .text          0x0000000000019bac        0x0 ../rx_fluid_nios_bsp/\libhal_bsp.a(alt_irq_entry.o)
 .text          0x0000000000019bac        0x0 ../rx_fluid_nios_bsp/\libhal_bsp.a(alt_irq_handler.o)
 .text          0x0000000000019bac       0xec ../rx_fluid_nios_bsp/\libhal_bsp.a(alt_tick.o)
                0x0000000000019bac                alt_alarm_stop
                0x0000000000019be0                alt_tick
 .text          0x0000000000019c98        0x8 ../rx_fluid_nios_bsp/\libhal_bsp.a(altera_nios2_gen2_irq.o)
                0x0000000000019c98                altera_nios2_gen2_irq_init
 .text          0x0000000000019ca0        0x0 ../rx_fluid_nios_bsp/\libhal_bsp.a(alt_exception_entry.o)
 .text          0x0000000000019ca0       0x38 ../rx_fluid_nios_bsp/\libhal_bsp.a(alt_icache_flush.o)
                0x0000000000019ca0                alt_icache_flush
 .text          0x0000000000019cd8       0x74 ../rx_fluid_nios_bsp/\libhal_bsp.a(alt_instruction_exception_entry.o)
                0x0000000000019cd8                alt_exception_cause_generated_bad_addr
 *(.gnu.warning.*)
 *(.fini)
                0x0000000000019d4c                PROVIDE (__etext, ABSOLUTE (.))
                0x0000000000019d4c                PROVIDE (_etext, ABSOLUTE (.))
                0x0000000000019d4c                PROVIDE (etext, ABSOLUTE (.))
 *(.eh_frame_hdr)
                0x0000000000019d4c                . = ALIGN (0x4)
                0x0000000000019d4c                PROVIDE (__preinit_array_start, ABSOLUTE (.))
 *(.preinit_array)
                0x0000000000019d4c                PROVIDE (__preinit_array_end, ABSOLUTE (.))
                0x0000000000019d4c                PROVIDE (__init_array_start, ABSOLUTE (.))
 *(.init_array)
                0x0000000000019d4c                PROVIDE (__init_array_end, ABSOLUTE (.))
                0x0000000000019d4c                PROVIDE (__fini_array_start, ABSOLUTE (.))
 *(.fini_array)
                0x0000000000019d4c                PROVIDE (__fini_array_end, ABSOLUTE (.))
 *(.eh_frame)
 *(.gcc_except_table .gcc_except_table.*)
 *(.dynamic)
                0x0000000000019d4c                PROVIDE (__CTOR_LIST__, ABSOLUTE (.))
 *(.ctors)
 *(SORT(.ctors.*))
                0x0000000000019d4c                PROVIDE (__CTOR_END__, ABSOLUTE (.))
                0x0000000000019d4c                PROVIDE (__DTOR_LIST__, ABSOLUTE (.))
 *(.dtors)
 *(SORT(.dtors.*))
                0x0000000000019d4c                PROVIDE (__DTOR_END__, ABSOLUTE (.))
 *(.jcr)
                0x0000000000019d4c                . = ALIGN (0x4)

.rodata         0x0000000000019d4c      0x284
                0x0000000000019d4c                PROVIDE (__ram_rodata_start, ABSOLUTE (.))
                0x0000000000019d4c                . = ALIGN (0x4)
 *(.rodata .rodata.* .gnu.linkonce.r.*)
 .rodata        0x0000000000019d4c       0x8c obj/default/ink_ctrl.o
 .rodata        0x0000000000019dd8       0x48 obj/default/log.o
 .rodata        0x0000000000019e20       0x74 obj/default/pres.o
 .rodata        0x0000000000019e94       0x1c obj/default/timer.o
 .rodata        0x0000000000019eb0       0x20 obj/default/version.o
                0x0000000000019eb0                version
 .rodata        0x0000000000019ed0      0x100 f:/tools/bin/altera/15.1/nios2eds/bin/gnu/h-x86_64-mingw32/bin/../lib/gcc/nios2-elf/4.9.2\libgcc.a(_clz.o)
                0x0000000000019ed0                __clz_tab
 *(.rodata1)
                0x0000000000019fd0                . = ALIGN (0x4)
                0x0000000000019fd0                PROVIDE (__ram_rodata_end, ABSOLUTE (.))
                0x0000000000019d4c                PROVIDE (__flash_rodata_start, LOADADDR (.rodata))

.rwdata         0x0000000000019fd0     0x1320 load address 0x000000000001b2f0
                0x0000000000019fd0                PROVIDE (__ram_rwdata_start, ABSOLUTE (.))
                0x0000000000019fd0                . = ALIGN (0x4)
 *(.got.plt)
 *(.got)
 *(.data1)
 *(.data .data.* .gnu.linkonce.d.*)
 .data          0x0000000000019fd0        0x0 ../rx_fluid_nios_bsp//obj/HAL/src/crt0.o
 .data          0x0000000000019fd0        0x0 obj/default/AMC7891.o
 .data          0x0000000000019fd0        0x0 obj/default/MAX31865.o
 .data          0x0000000000019fd0      0x1e0 obj/default/adc_thermistor.o
                0x0000000000019fd0                my_table
 .data          0x000000000001a1b0        0x0 obj/default/average.o
 .data          0x000000000001a1b0        0x0 obj/default/comm.o
 .data          0x000000000001a1b0        0x0 obj/default/fifo.o
 .data          0x000000000001a1b0        0x0 obj/default/heater.o
 .data          0x000000000001a1b0        0x0 obj/default/i2c.o
 .data          0x000000000001a1b0        0x0 obj/default/ink_ctrl.o
 .data          0x000000000001a1b0        0x0 obj/default/log.o
 .data          0x000000000001a1b0        0x0 obj/default/main.o
 .data          0x000000000001a1b0        0x0 obj/default/pid.o
 .data          0x000000000001a1b0        0x0 obj/default/pres.o
 .data          0x000000000001a1b0        0x0 obj/default/timer.o
 .data          0x000000000001a1b0        0x0 obj/default/trprintf.o
 .data          0x000000000001a1b0        0x0 obj/default/version.o
 .data          0x000000000001a1b0        0x0 f:/tools/bin/altera/15.1/nios2eds/bin/gnu/h-x86_64-mingw32/bin/../lib/gcc/nios2-elf/4.9.2\libgcc.a(_divdi3.o)
 .data          0x000000000001a1b0        0x0 f:/tools/bin/altera/15.1/nios2eds/bin/gnu/h-x86_64-mingw32/bin/../lib/gcc/nios2-elf/4.9.2\libgcc.a(lib2-divmod.o)
 .data          0x000000000001a1b0        0x0 f:/tools/bin/altera/15.1/nios2eds/bin/gnu/h-x86_64-mingw32/bin/../lib/gcc/nios2-elf/4.9.2\libgcc.a(_clz.o)
 .data          0x000000000001a1b0        0x0 f:/tools/bin/altera/15.1/nios2eds/bin/gnu/h-x86_64-mingw32/bin/../lib/gcc/nios2-elf/4.9.2/../../../../../H-x86_64-mingw32/nios2-elf/lib\libsmallc.a(lib_a-memcpy.o)
 .data          0x000000000001a1b0        0x0 f:/tools/bin/altera/15.1/nios2eds/bin/gnu/h-x86_64-mingw32/bin/../lib/gcc/nios2-elf/4.9.2/../../../../../H-x86_64-mingw32/nios2-elf/lib\libsmallc.a(lib_a-memset.o)
 .data          0x000000000001a1b0        0x0 f:/tools/bin/altera/15.1/nios2eds/bin/gnu/h-x86_64-mingw32/bin/../lib/gcc/nios2-elf/4.9.2/../../../../../H-x86_64-mingw32/nios2-elf/lib\libsmallc.a(lib_a-sprintf.o)
 .data          0x000000000001a1b0        0x0 f:/tools/bin/altera/15.1/nios2eds/bin/gnu/h-x86_64-mingw32/bin/../lib/gcc/nios2-elf/4.9.2/../../../../../H-x86_64-mingw32/nios2-elf/lib\libsmallc.a(lib_a-svfprintf.o)
 .data          0x000000000001a1b0        0x0 f:/tools/bin/altera/15.1/nios2eds/bin/gnu/h-x86_64-mingw32/bin/../lib/gcc/nios2-elf/4.9.2/../../../../../H-x86_64-mingw32/nios2-elf/lib\libsmallc.a(lib_a-vprintf.o)
 .data          0x000000000001a1b0        0x0 f:/tools/bin/altera/15.1/nios2eds/bin/gnu/h-x86_64-mingw32/bin/../lib/gcc/nios2-elf/4.9.2/../../../../../H-x86_64-mingw32/nios2-elf/lib\libsmallc.a(lib_a-fvwrite_small_dev.o)
 .data          0x000000000001a1b0        0x0 f:/tools/bin/altera/15.1/nios2eds/bin/gnu/h-x86_64-mingw32/bin/../lib/gcc/nios2-elf/4.9.2/../../../../../H-x86_64-mingw32/nios2-elf/lib\libsmallc.a(lib_a-fvwrite_small_str.o)
 .data          0x000000000001a1b0        0x0 f:/tools/bin/altera/15.1/nios2eds/bin/gnu/h-x86_64-mingw32/bin/../lib/gcc/nios2-elf/4.9.2/../../../../../H-x86_64-mingw32/nios2-elf/lib\libsmallc.a(lib_a-impure.o)
 .data.impure_data
                0x000000000001a1b0       0xe0 f:/tools/bin/altera/15.1/nios2eds/bin/gnu/h-x86_64-mingw32/bin/../lib/gcc/nios2-elf/4.9.2/../../../../../H-x86_64-mingw32/nios2-elf/lib\libsmallc.a(lib_a-impure.o)
 .data          0x000000000001a290        0x0 f:/tools/bin/altera/15.1/nios2eds/bin/gnu/h-x86_64-mingw32/bin/../lib/gcc/nios2-elf/4.9.2/../../../../../H-x86_64-mingw32/nios2-elf/lib\libsmallc.a(lib_a-memmove.o)
 .data          0x000000000001a290        0x0 f:/tools/bin/altera/15.1/nios2eds/bin/gnu/h-x86_64-mingw32/bin/../lib/gcc/nios2-elf/4.9.2/../../../../../H-x86_64-mingw32/nios2-elf/lib\libsmallc.a(lib_a-strlen.o)
 .data          0x000000000001a290        0x0 f:/tools/bin/altera/15.1/nios2eds/bin/gnu/h-x86_64-mingw32/bin/../lib/gcc/nios2-elf/4.9.2/../../../../../H-x86_64-mingw32/nios2-elf/lib\libsmallc.a(lib_a-vfprintf.o)
 .data          0x000000000001a290        0x0 f:/tools/bin/altera/15.1/nios2eds/bin/gnu/h-x86_64-mingw32/bin/../lib/gcc/nios2-elf/4.9.2/../../../../../H-x86_64-mingw32/nios2-elf/lib\libsmallc.a(lib_a-writer.o)
 .data          0x000000000001a290        0x0 f:/tools/bin/altera/15.1/nios2eds/bin/gnu/h-x86_64-mingw32/bin/../lib/gcc/nios2-elf/4.9.2/../../../../../H-x86_64-mingw32/nios2-elf/lib\libsmallc.a(lib_a-int_errno.o)
 .data          0x000000000001a290        0x0 ../rx_fluid_nios_bsp/\libhal_bsp.a(alt_irq_register.o)
 .data          0x000000000001a290        0x0 ../rx_fluid_nios_bsp/\libhal_bsp.a(alt_irq_vars.o)
 .data          0x000000000001a290        0x0 ../rx_fluid_nios_bsp/\libhal_bsp.a(alt_load.o)
 .data          0x000000000001a290        0x0 ../rx_fluid_nios_bsp/\libhal_bsp.a(alt_main.o)
 .data          0x000000000001a290        0x0 ../rx_fluid_nios_bsp/\libhal_bsp.a(alt_write.o)
 .data          0x000000000001a290     0x1038 ../rx_fluid_nios_bsp/\libhal_bsp.a(alt_sys_init.o)
                0x000000000001a290                jtag_uart
 .data          0x000000000001b2c8        0x0 ../rx_fluid_nios_bsp/\libhal_bsp.a(altera_avalon_jtag_uart_init.o)
 .data          0x000000000001b2c8        0x0 ../rx_fluid_nios_bsp/\libhal_bsp.a(altera_avalon_jtag_uart_write.o)
 .data          0x000000000001b2c8        0x0 ../rx_fluid_nios_bsp/\libhal_bsp.a(altera_avalon_sysid_qsys.o)
 .data          0x000000000001b2c8        0x0 ../rx_fluid_nios_bsp/\libhal_bsp.a(altera_avalon_timer_sc.o)
 .data          0x000000000001b2c8        0x0 ../rx_fluid_nios_bsp/\libhal_bsp.a(i2c_master.o)
 .data          0x000000000001b2c8        0x0 ../rx_fluid_nios_bsp/\libhal_bsp.a(alt_alarm_start.o)
 .data          0x000000000001b2c8        0x0 ../rx_fluid_nios_bsp/\libhal_bsp.a(alt_dcache_flush_all.o)
 .data          0x000000000001b2c8        0x0 ../rx_fluid_nios_bsp/\libhal_bsp.a(alt_errno.o)
 .data          0x000000000001b2c8        0x0 ../rx_fluid_nios_bsp/\libhal_bsp.a(alt_icache_flush_all.o)
 .data          0x000000000001b2c8        0x0 ../rx_fluid_nios_bsp/\libhal_bsp.a(alt_iic.o)
 .data          0x000000000001b2c8        0x0 ../rx_fluid_nios_bsp/\libhal_bsp.a(alt_iic_isr_register.o)
 .data          0x000000000001b2c8        0x0 ../rx_fluid_nios_bsp/\libhal_bsp.a(alt_irq_entry.o)
 .data          0x000000000001b2c8        0x0 ../rx_fluid_nios_bsp/\libhal_bsp.a(alt_irq_handler.o)
 .data          0x000000000001b2c8        0x0 ../rx_fluid_nios_bsp/\libhal_bsp.a(alt_tick.o)
 .data          0x000000000001b2c8        0x0 ../rx_fluid_nios_bsp/\libhal_bsp.a(altera_nios2_gen2_irq.o)
 .data          0x000000000001b2c8        0x0 ../rx_fluid_nios_bsp/\libhal_bsp.a(alt_exception_entry.o)
 .data          0x000000000001b2c8        0x0 ../rx_fluid_nios_bsp/\libhal_bsp.a(alt_icache_flush.o)
 .data          0x000000000001b2c8        0x0 ../rx_fluid_nios_bsp/\libhal_bsp.a(alt_instruction_exception_entry.o)
                0x00000000000232c8                _gp = ABSOLUTE ((. + 0x8000))
                0x00000000000232c8                PROVIDE (gp, _gp)
 *(.rwdata .rwdata.*)
 *(.sdata .sdata.* .gnu.linkonce.s.*)
 .sdata         0x000000000001b2c8        0x4 obj/default/main.o
 .sdata         0x000000000001b2cc        0x4 obj/default/pres.o
 .sdata         0x000000000001b2d0        0x8 obj/default/timer.o
 .sdata._global_impure_ptr
                0x000000000001b2d8        0x4 f:/tools/bin/altera/15.1/nios2eds/bin/gnu/h-x86_64-mingw32/bin/../lib/gcc/nios2-elf/4.9.2/../../../../../H-x86_64-mingw32/nios2-elf/lib\libsmallc.a(lib_a-impure.o)
                0x000000000001b2d8                _global_impure_ptr
 .sdata._impure_ptr
                0x000000000001b2dc        0x4 f:/tools/bin/altera/15.1/nios2eds/bin/gnu/h-x86_64-mingw32/bin/../lib/gcc/nios2-elf/4.9.2/../../../../../H-x86_64-mingw32/nios2-elf/lib\libsmallc.a(lib_a-impure.o)
                0x000000000001b2dc                _impure_ptr
 .sdata         0x000000000001b2e0        0x4 ../rx_fluid_nios_bsp/\libhal_bsp.a(alt_irq_vars.o)
                0x000000000001b2e0                alt_priority_mask
 .sdata         0x000000000001b2e4        0x4 ../rx_fluid_nios_bsp/\libhal_bsp.a(alt_errno.o)
                0x000000000001b2e4                alt_errno
 .sdata         0x000000000001b2e8        0x8 ../rx_fluid_nios_bsp/\libhal_bsp.a(alt_tick.o)
                0x000000000001b2e8                alt_alarm_list
 *(.sdata2 .sdata2.* .gnu.linkonce.s2.*)
                0x000000000001b2f0                . = ALIGN (0x4)
                0x000000000001b2f0                _edata = ABSOLUTE (.)
                0x000000000001b2f0                PROVIDE (edata, ABSOLUTE (.))
                0x000000000001b2f0                PROVIDE (__ram_rwdata_end, ABSOLUTE (.))
                0x000000000001b2f0                PROVIDE (__flash_rwdata_start, LOADADDR (.rwdata))

.bss            0x000000000001c610     0x151c
                0x000000000001c610                __bss_start = ABSOLUTE (.)
                0x000000000001c610                PROVIDE (__sbss_start, ABSOLUTE (.))
                0x000000000001c610                PROVIDE (___sbss_start, ABSOLUTE (.))
 *(.dynsbss)
 *(.sbss .sbss.* .gnu.linkonce.sb.*)
 .sbss          0x000000000001c610       0x14 obj/default/heater.o
 .sbss          0x000000000001c624       0x1c obj/default/ink_ctrl.o
 .sbss          0x000000000001c640        0x8 obj/default/ink_ctrl.o
                0x000000000001c640                _PumpOFFTime
                0x000000000001c644                _PumpBeforeOFF
 .sbss          0x000000000001c648        0x4 obj/default/log.o
 .sbss          0x000000000001c64c       0x10 obj/default/main.o
                0x000000000001c654                pRX_Status
                0x000000000001c658                pRX_Config
 .sbss          0x000000000001c65c        0x4 obj/default/pres.o
 .sbss          0x000000000001c660       0x10 obj/default/timer.o
 .sbss          0x000000000001c670        0x4 obj/default/trprintf.o
 .sbss          0x000000000001c674        0x4 f:/tools/bin/altera/15.1/nios2eds/bin/gnu/h-x86_64-mingw32/bin/../lib/gcc/nios2-elf/4.9.2/../../../../../H-x86_64-mingw32/nios2-elf/lib\libsmallc.a(lib_a-int_errno.o)
                0x000000000001c674                errno
 .sbss          0x000000000001c678        0x4 ../rx_fluid_nios_bsp/\libhal_bsp.a(alt_irq_vars.o)
                0x000000000001c678                alt_irq_active
 .sbss          0x000000000001c67c        0xc ../rx_fluid_nios_bsp/\libhal_bsp.a(alt_main.o)
                0x000000000001c67c                alt_envp
                0x000000000001c680                alt_argv
                0x000000000001c684                alt_argc
 .sbss          0x000000000001c688        0x8 ../rx_fluid_nios_bsp/\libhal_bsp.a(i2c_master.o)
 .sbss          0x000000000001c690        0x8 ../rx_fluid_nios_bsp/\libhal_bsp.a(alt_tick.o)
                0x000000000001c690                _alt_nticks
                0x000000000001c694                _alt_tick_rate
 .sbss          0x000000000001c698        0x4 ../rx_fluid_nios_bsp/\libhal_bsp.a(alt_instruction_exception_entry.o)
                0x000000000001c698                alt_instruction_exception_handler
 *(.sbss2 .sbss2.* .gnu.linkonce.sb2.*)
 *(.scommon)
                0x000000000001c69c                PROVIDE (__sbss_end, ABSOLUTE (.))
                0x000000000001c69c                PROVIDE (___sbss_end, ABSOLUTE (.))
 *(.dynbss)
 *(.bss .bss.* .gnu.linkonce.b.*)
 .bss           0x000000000001c69c        0x0 ../rx_fluid_nios_bsp//obj/HAL/src/crt0.o
 .bss           0x000000000001c69c        0x0 obj/default/AMC7891.o
 .bss           0x000000000001c69c        0x0 obj/default/MAX31865.o
 .bss           0x000000000001c69c        0x0 obj/default/adc_thermistor.o
 .bss           0x000000000001c69c        0x0 obj/default/average.o
 .bss           0x000000000001c69c      0x830 obj/default/comm.o
 .bss           0x000000000001cecc        0x0 obj/default/fifo.o
 .bss           0x000000000001cecc      0x6a0 obj/default/heater.o
 .bss           0x000000000001d56c        0x0 obj/default/i2c.o
 .bss           0x000000000001d56c      0x2e0 obj/default/ink_ctrl.o
 .bss           0x000000000001d84c        0x0 obj/default/log.o
 .bss           0x000000000001d84c        0x0 obj/default/main.o
 .bss           0x000000000001d84c        0x0 obj/default/pid.o
 .bss           0x000000000001d84c      0x150 obj/default/pres.o
 .bss           0x000000000001d99c       0x10 obj/default/timer.o
 .bss           0x000000000001d9ac        0x0 obj/default/trprintf.o
 .bss           0x000000000001d9ac        0x0 obj/default/version.o
 .bss           0x000000000001d9ac        0x0 f:/tools/bin/altera/15.1/nios2eds/bin/gnu/h-x86_64-mingw32/bin/../lib/gcc/nios2-elf/4.9.2\libgcc.a(_divdi3.o)
 .bss           0x000000000001d9ac        0x0 f:/tools/bin/altera/15.1/nios2eds/bin/gnu/h-x86_64-mingw32/bin/../lib/gcc/nios2-elf/4.9.2\libgcc.a(lib2-divmod.o)
 .bss           0x000000000001d9ac        0x0 f:/tools/bin/altera/15.1/nios2eds/bin/gnu/h-x86_64-mingw32/bin/../lib/gcc/nios2-elf/4.9.2\libgcc.a(_clz.o)
 .bss           0x000000000001d9ac        0x0 f:/tools/bin/altera/15.1/nios2eds/bin/gnu/h-x86_64-mingw32/bin/../lib/gcc/nios2-elf/4.9.2/../../../../../H-x86_64-mingw32/nios2-elf/lib\libsmallc.a(lib_a-memcpy.o)
 .bss           0x000000000001d9ac        0x0 f:/tools/bin/altera/15.1/nios2eds/bin/gnu/h-x86_64-mingw32/bin/../lib/gcc/nios2-elf/4.9.2/../../../../../H-x86_64-mingw32/nios2-elf/lib\libsmallc.a(lib_a-memset.o)
 .bss           0x000000000001d9ac        0x0 f:/tools/bin/altera/15.1/nios2eds/bin/gnu/h-x86_64-mingw32/bin/../lib/gcc/nios2-elf/4.9.2/../../../../../H-x86_64-mingw32/nios2-elf/lib\libsmallc.a(lib_a-sprintf.o)
 .bss           0x000000000001d9ac        0x0 f:/tools/bin/altera/15.1/nios2eds/bin/gnu/h-x86_64-mingw32/bin/../lib/gcc/nios2-elf/4.9.2/../../../../../H-x86_64-mingw32/nios2-elf/lib\libsmallc.a(lib_a-svfprintf.o)
 .bss           0x000000000001d9ac        0x0 f:/tools/bin/altera/15.1/nios2eds/bin/gnu/h-x86_64-mingw32/bin/../lib/gcc/nios2-elf/4.9.2/../../../../../H-x86_64-mingw32/nios2-elf/lib\libsmallc.a(lib_a-vprintf.o)
 .bss           0x000000000001d9ac        0x0 f:/tools/bin/altera/15.1/nios2eds/bin/gnu/h-x86_64-mingw32/bin/../lib/gcc/nios2-elf/4.9.2/../../../../../H-x86_64-mingw32/nios2-elf/lib\libsmallc.a(lib_a-fvwrite_small_dev.o)
 .bss           0x000000000001d9ac        0x0 f:/tools/bin/altera/15.1/nios2eds/bin/gnu/h-x86_64-mingw32/bin/../lib/gcc/nios2-elf/4.9.2/../../../../../H-x86_64-mingw32/nios2-elf/lib\libsmallc.a(lib_a-fvwrite_small_str.o)
 .bss           0x000000000001d9ac        0x0 f:/tools/bin/altera/15.1/nios2eds/bin/gnu/h-x86_64-mingw32/bin/../lib/gcc/nios2-elf/4.9.2/../../../../../H-x86_64-mingw32/nios2-elf/lib\libsmallc.a(lib_a-impure.o)
 .bss           0x000000000001d9ac        0x0 f:/tools/bin/altera/15.1/nios2eds/bin/gnu/h-x86_64-mingw32/bin/../lib/gcc/nios2-elf/4.9.2/../../../../../H-x86_64-mingw32/nios2-elf/lib\libsmallc.a(lib_a-memmove.o)
 .bss           0x000000000001d9ac        0x0 f:/tools/bin/altera/15.1/nios2eds/bin/gnu/h-x86_64-mingw32/bin/../lib/gcc/nios2-elf/4.9.2/../../../../../H-x86_64-mingw32/nios2-elf/lib\libsmallc.a(lib_a-strlen.o)
 .bss           0x000000000001d9ac        0x0 f:/tools/bin/altera/15.1/nios2eds/bin/gnu/h-x86_64-mingw32/bin/../lib/gcc/nios2-elf/4.9.2/../../../../../H-x86_64-mingw32/nios2-elf/lib\libsmallc.a(lib_a-vfprintf.o)
 .bss           0x000000000001d9ac        0x0 f:/tools/bin/altera/15.1/nios2eds/bin/gnu/h-x86_64-mingw32/bin/../lib/gcc/nios2-elf/4.9.2/../../../../../H-x86_64-mingw32/nios2-elf/lib\libsmallc.a(lib_a-writer.o)
 .bss           0x000000000001d9ac        0x0 f:/tools/bin/altera/15.1/nios2eds/bin/gnu/h-x86_64-mingw32/bin/../lib/gcc/nios2-elf/4.9.2/../../../../../H-x86_64-mingw32/nios2-elf/lib\libsmallc.a(lib_a-int_errno.o)
 .bss           0x000000000001d9ac        0x0 ../rx_fluid_nios_bsp/\libhal_bsp.a(alt_irq_register.o)
 .bss           0x000000000001d9ac        0x0 ../rx_fluid_nios_bsp/\libhal_bsp.a(alt_irq_vars.o)
 .bss           0x000000000001d9ac        0x0 ../rx_fluid_nios_bsp/\libhal_bsp.a(alt_load.o)
 .bss           0x000000000001d9ac        0x0 ../rx_fluid_nios_bsp/\libhal_bsp.a(alt_main.o)
 .bss           0x000000000001d9ac        0x0 ../rx_fluid_nios_bsp/\libhal_bsp.a(alt_write.o)
 .bss           0x000000000001d9ac        0x0 ../rx_fluid_nios_bsp/\libhal_bsp.a(alt_sys_init.o)
 .bss           0x000000000001d9ac        0x0 ../rx_fluid_nios_bsp/\libhal_bsp.a(altera_avalon_jtag_uart_init.o)
 .bss           0x000000000001d9ac        0x0 ../rx_fluid_nios_bsp/\libhal_bsp.a(altera_avalon_jtag_uart_write.o)
 .bss           0x000000000001d9ac        0x0 ../rx_fluid_nios_bsp/\libhal_bsp.a(altera_avalon_sysid_qsys.o)
 .bss           0x000000000001d9ac        0x0 ../rx_fluid_nios_bsp/\libhal_bsp.a(altera_avalon_timer_sc.o)
 .bss           0x000000000001d9ac        0x0 ../rx_fluid_nios_bsp/\libhal_bsp.a(i2c_master.o)
 .bss           0x000000000001d9ac        0x0 ../rx_fluid_nios_bsp/\libhal_bsp.a(alt_alarm_start.o)
 .bss           0x000000000001d9ac        0x0 ../rx_fluid_nios_bsp/\libhal_bsp.a(alt_dcache_flush_all.o)
 .bss           0x000000000001d9ac        0x0 ../rx_fluid_nios_bsp/\libhal_bsp.a(alt_errno.o)
 .bss           0x000000000001d9ac        0x0 ../rx_fluid_nios_bsp/\libhal_bsp.a(alt_icache_flush_all.o)
 .bss           0x000000000001d9ac        0x0 ../rx_fluid_nios_bsp/\libhal_bsp.a(alt_iic.o)
 .bss           0x000000000001d9ac        0x0 ../rx_fluid_nios_bsp/\libhal_bsp.a(alt_iic_isr_register.o)
 .bss           0x000000000001d9ac        0x0 ../rx_fluid_nios_bsp/\libhal_bsp.a(alt_irq_entry.o)
 .bss           0x000000000001d9ac        0x0 ../rx_fluid_nios_bsp/\libhal_bsp.a(alt_irq_handler.o)
 .bss           0x000000000001d9ac        0x0 ../rx_fluid_nios_bsp/\libhal_bsp.a(alt_tick.o)
 .bss           0x000000000001d9ac        0x0 ../rx_fluid_nios_bsp/\libhal_bsp.a(altera_nios2_gen2_irq.o)
 .bss           0x000000000001d9ac        0x0 ../rx_fluid_nios_bsp/\libhal_bsp.a(alt_exception_entry.o)
 .bss           0x000000000001d9ac        0x0 ../rx_fluid_nios_bsp/\libhal_bsp.a(alt_icache_flush.o)
 .bss           0x000000000001d9ac        0x0 ../rx_fluid_nios_bsp/\libhal_bsp.a(alt_instruction_exception_entry.o)
 *(COMMON)
 COMMON         0x000000000001d9ac       0x80 obj/default/heater.o
                0x000000000001d9ac                _pid_Temp
 COMMON         0x000000000001da2c      0x100 ../rx_fluid_nios_bsp/\libhal_bsp.a(alt_irq_handler.o)
                0x000000000001da2c                alt_irq
                0x000000000001db2c                . = ALIGN (0x4)
                0x000000000001db2c                __bss_end = ABSOLUTE (.)

.onchip_memory_nios_cpu
                0x000000000001db2c        0x0
                0x000000000001db2c                PROVIDE (_alt_partition_onchip_memory_nios_cpu_start, ABSOLUTE (.))
 *(.onchip_memory_nios_cpu .onchip_memory_nios_cpu. onchip_memory_nios_cpu.*)
                0x000000000001db2c                . = ALIGN (0x4)
                0x000000000001db2c                PROVIDE (_alt_partition_onchip_memory_nios_cpu_end, ABSOLUTE (.))
                0x000000000001db2c                _end = ABSOLUTE (.)
                0x000000000001db2c                end = ABSOLUTE (.)
                0x000000000001db2c                __alt_stack_base = ABSOLUTE (.)
                0x000000000001db2c                PROVIDE (_alt_partition_onchip_memory_nios_cpu_load_addr, LOADADDR (.onchip_memory_nios_cpu))

.onchip_memory_nios_arm
                0x0000000000050000        0x0 load address 0x000000000001db2c
                0x0000000000050000                PROVIDE (_alt_partition_onchip_memory_nios_arm_start, ABSOLUTE (.))
 *(.onchip_memory_nios_arm .onchip_memory_nios_arm. onchip_memory_nios_arm.*)
                0x0000000000050000                . = ALIGN (0x4)
                0x0000000000050000                PROVIDE (_alt_partition_onchip_memory_nios_arm_end, ABSOLUTE (.))
                0x000000000001db2c                PROVIDE (_alt_partition_onchip_memory_nios_arm_load_addr, LOADADDR (.onchip_memory_nios_arm))

.stab
 *(.stab)

.stabstr
 *(.stabstr)

.stab.excl
 *(.stab.excl)

.stab.exclstr
 *(.stab.exclstr)

.stab.index
 *(.stab.index)

.stab.indexstr
 *(.stab.indexstr)

.comment        0x0000000000000000       0x23
 *(.comment)
 .comment       0x0000000000000000       0x23 obj/default/AMC7891.o
                                         0x24 (size before relaxing)
 .comment       0x0000000000000000       0x24 obj/default/MAX31865.o
 .comment       0x0000000000000000       0x24 obj/default/adc_thermistor.o
 .comment       0x0000000000000000       0x24 obj/default/average.o
 .comment       0x0000000000000000       0x24 obj/default/comm.o
 .comment       0x0000000000000000       0x24 obj/default/fifo.o
 .comment       0x0000000000000000       0x24 obj/default/heater.o
 .comment       0x0000000000000000       0x24 obj/default/i2c.o
 .comment       0x0000000000000000       0x24 obj/default/ink_ctrl.o
 .comment       0x0000000000000000       0x24 obj/default/log.o
 .comment       0x0000000000000000       0x24 obj/default/main.o
 .comment       0x0000000000000000       0x24 obj/default/pid.o
 .comment       0x0000000000000000       0x24 obj/default/pres.o
 .comment       0x0000000000000000       0x24 obj/default/timer.o
 .comment       0x0000000000000000       0x24 obj/default/trprintf.o
 .comment       0x0000000000000000       0x24 obj/default/version.o
 .comment       0x0000000000000000       0x24 f:/tools/bin/altera/15.1/nios2eds/bin/gnu/h-x86_64-mingw32/bin/../lib/gcc/nios2-elf/4.9.2\libgcc.a(_divdi3.o)
 .comment       0x0000000000000000       0x24 f:/tools/bin/altera/15.1/nios2eds/bin/gnu/h-x86_64-mingw32/bin/../lib/gcc/nios2-elf/4.9.2\libgcc.a(lib2-divmod.o)
 .comment       0x0000000000000000       0x24 f:/tools/bin/altera/15.1/nios2eds/bin/gnu/h-x86_64-mingw32/bin/../lib/gcc/nios2-elf/4.9.2\libgcc.a(_clz.o)
 .comment       0x0000000000000000       0x24 f:/tools/bin/altera/15.1/nios2eds/bin/gnu/h-x86_64-mingw32/bin/../lib/gcc/nios2-elf/4.9.2/../../../../../H-x86_64-mingw32/nios2-elf/lib\libsmallc.a(lib_a-memcpy.o)
 .comment       0x0000000000000000       0x24 f:/tools/bin/altera/15.1/nios2eds/bin/gnu/h-x86_64-mingw32/bin/../lib/gcc/nios2-elf/4.9.2/../../../../../H-x86_64-mingw32/nios2-elf/lib\libsmallc.a(lib_a-memset.o)
 .comment       0x0000000000000000       0x24 f:/tools/bin/altera/15.1/nios2eds/bin/gnu/h-x86_64-mingw32/bin/../lib/gcc/nios2-elf/4.9.2/../../../../../H-x86_64-mingw32/nios2-elf/lib\libsmallc.a(lib_a-sprintf.o)
 .comment       0x0000000000000000       0x24 f:/tools/bin/altera/15.1/nios2eds/bin/gnu/h-x86_64-mingw32/bin/../lib/gcc/nios2-elf/4.9.2/../../../../../H-x86_64-mingw32/nios2-elf/lib\libsmallc.a(lib_a-svfprintf.o)
 .comment       0x0000000000000000       0x24 f:/tools/bin/altera/15.1/nios2eds/bin/gnu/h-x86_64-mingw32/bin/../lib/gcc/nios2-elf/4.9.2/../../../../../H-x86_64-mingw32/nios2-elf/lib\libsmallc.a(lib_a-vprintf.o)
 .comment       0x0000000000000000       0x24 f:/tools/bin/altera/15.1/nios2eds/bin/gnu/h-x86_64-mingw32/bin/../lib/gcc/nios2-elf/4.9.2/../../../../../H-x86_64-mingw32/nios2-elf/lib\libsmallc.a(lib_a-fvwrite_small_dev.o)
 .comment       0x0000000000000000       0x24 f:/tools/bin/altera/15.1/nios2eds/bin/gnu/h-x86_64-mingw32/bin/../lib/gcc/nios2-elf/4.9.2/../../../../../H-x86_64-mingw32/nios2-elf/lib\libsmallc.a(lib_a-fvwrite_small_str.o)
 .comment       0x0000000000000000       0x24 f:/tools/bin/altera/15.1/nios2eds/bin/gnu/h-x86_64-mingw32/bin/../lib/gcc/nios2-elf/4.9.2/../../../../../H-x86_64-mingw32/nios2-elf/lib\libsmallc.a(lib_a-impure.o)
 .comment       0x0000000000000000       0x24 f:/tools/bin/altera/15.1/nios2eds/bin/gnu/h-x86_64-mingw32/bin/../lib/gcc/nios2-elf/4.9.2/../../../../../H-x86_64-mingw32/nios2-elf/lib\libsmallc.a(lib_a-memmove.o)
 .comment       0x0000000000000000       0x24 f:/tools/bin/altera/15.1/nios2eds/bin/gnu/h-x86_64-mingw32/bin/../lib/gcc/nios2-elf/4.9.2/../../../../../H-x86_64-mingw32/nios2-elf/lib\libsmallc.a(lib_a-strlen.o)
 .comment       0x0000000000000000       0x24 f:/tools/bin/altera/15.1/nios2eds/bin/gnu/h-x86_64-mingw32/bin/../lib/gcc/nios2-elf/4.9.2/../../../../../H-x86_64-mingw32/nios2-elf/lib\libsmallc.a(lib_a-vfprintf.o)
 .comment       0x0000000000000000       0x24 f:/tools/bin/altera/15.1/nios2eds/bin/gnu/h-x86_64-mingw32/bin/../lib/gcc/nios2-elf/4.9.2/../../../../../H-x86_64-mingw32/nios2-elf/lib\libsmallc.a(lib_a-writer.o)
 .comment       0x0000000000000000       0x24 f:/tools/bin/altera/15.1/nios2eds/bin/gnu/h-x86_64-mingw32/bin/../lib/gcc/nios2-elf/4.9.2/../../../../../H-x86_64-mingw32/nios2-elf/lib\libsmallc.a(lib_a-int_errno.o)
 .comment       0x0000000000000000       0x24 ../rx_fluid_nios_bsp/\libhal_bsp.a(alt_irq_register.o)
 .comment       0x0000000000000000       0x24 ../rx_fluid_nios_bsp/\libhal_bsp.a(alt_irq_vars.o)
 .comment       0x0000000000000000       0x24 ../rx_fluid_nios_bsp/\libhal_bsp.a(alt_load.o)
 .comment       0x0000000000000000       0x24 ../rx_fluid_nios_bsp/\libhal_bsp.a(alt_main.o)
 .comment       0x0000000000000000       0x24 ../rx_fluid_nios_bsp/\libhal_bsp.a(alt_write.o)
 .comment       0x0000000000000000       0x24 ../rx_fluid_nios_bsp/\libhal_bsp.a(alt_sys_init.o)
 .comment       0x0000000000000000       0x24 ../rx_fluid_nios_bsp/\libhal_bsp.a(altera_avalon_jtag_uart_init.o)
 .comment       0x0000000000000000       0x24 ../rx_fluid_nios_bsp/\libhal_bsp.a(altera_avalon_jtag_uart_write.o)
 .comment       0x0000000000000000       0x24 ../rx_fluid_nios_bsp/\libhal_bsp.a(altera_avalon_sysid_qsys.o)
 .comment       0x0000000000000000       0x24 ../rx_fluid_nios_bsp/\libhal_bsp.a(altera_avalon_timer_sc.o)
 .comment       0x0000000000000000       0x24 ../rx_fluid_nios_bsp/\libhal_bsp.a(i2c_master.o)
 .comment       0x0000000000000000       0x24 ../rx_fluid_nios_bsp/\libhal_bsp.a(alt_alarm_start.o)
 .comment       0x0000000000000000       0x24 ../rx_fluid_nios_bsp/\libhal_bsp.a(alt_dcache_flush_all.o)
 .comment       0x0000000000000000       0x24 ../rx_fluid_nios_bsp/\libhal_bsp.a(alt_errno.o)
 .comment       0x0000000000000000       0x24 ../rx_fluid_nios_bsp/\libhal_bsp.a(alt_icache_flush_all.o)
 .comment       0x0000000000000000       0x24 ../rx_fluid_nios_bsp/\libhal_bsp.a(alt_iic.o)
 .comment       0x0000000000000000       0x24 ../rx_fluid_nios_bsp/\libhal_bsp.a(alt_iic_isr_register.o)
 .comment       0x0000000000000000       0x24 ../rx_fluid_nios_bsp/\libhal_bsp.a(alt_irq_handler.o)
 .comment       0x0000000000000000       0x24 ../rx_fluid_nios_bsp/\libhal_bsp.a(alt_tick.o)
 .comment       0x0000000000000000       0x24 ../rx_fluid_nios_bsp/\libhal_bsp.a(altera_nios2_gen2_irq.o)
 .comment       0x0000000000000000       0x24 ../rx_fluid_nios_bsp/\libhal_bsp.a(alt_icache_flush.o)
 .comment       0x0000000000000000       0x24 ../rx_fluid_nios_bsp/\libhal_bsp.a(alt_instruction_exception_entry.o)

.debug
 *(.debug)

.line
 *(.line)

.debug_srcinfo
 *(.debug_srcinfo)

.debug_sfnames
 *(.debug_sfnames)

.debug_aranges  0x0000000000000000      0x758
 *(.debug_aranges)
 .debug_aranges
                0x0000000000000000       0x28 ../rx_fluid_nios_bsp//obj/HAL/src/crt0.o
 .debug_aranges
                0x0000000000000028       0x20 obj/default/AMC7891.o
 .debug_aranges
                0x0000000000000048       0x20 obj/default/MAX31865.o
 .debug_aranges
                0x0000000000000068       0x20 obj/default/adc_thermistor.o
 .debug_aranges
                0x0000000000000088       0x20 obj/default/average.o
 .debug_aranges
                0x00000000000000a8       0x20 obj/default/comm.o
 .debug_aranges
                0x00000000000000c8       0x20 obj/default/fifo.o
 .debug_aranges
                0x00000000000000e8       0x20 obj/default/heater.o
 .debug_aranges
                0x0000000000000108       0x20 obj/default/i2c.o
 .debug_aranges
                0x0000000000000128       0x20 obj/default/ink_ctrl.o
 .debug_aranges
                0x0000000000000148       0x20 obj/default/log.o
 .debug_aranges
                0x0000000000000168       0x20 obj/default/main.o
 .debug_aranges
                0x0000000000000188       0x20 obj/default/pid.o
 .debug_aranges
                0x00000000000001a8       0x20 obj/default/pres.o
 .debug_aranges
                0x00000000000001c8       0x20 obj/default/timer.o
 .debug_aranges
                0x00000000000001e8       0x20 obj/default/trprintf.o
 .debug_aranges
                0x0000000000000208       0x20 obj/default/version.o
 .debug_aranges
                0x0000000000000228       0x20 f:/tools/bin/altera/15.1/nios2eds/bin/gnu/h-x86_64-mingw32/bin/../lib/gcc/nios2-elf/4.9.2\libgcc.a(_divdi3.o)
 .debug_aranges
                0x0000000000000248       0x20 f:/tools/bin/altera/15.1/nios2eds/bin/gnu/h-x86_64-mingw32/bin/../lib/gcc/nios2-elf/4.9.2\libgcc.a(lib2-divmod.o)
 .debug_aranges
                0x0000000000000268       0x18 f:/tools/bin/altera/15.1/nios2eds/bin/gnu/h-x86_64-mingw32/bin/../lib/gcc/nios2-elf/4.9.2\libgcc.a(_clz.o)
 .debug_aranges
                0x0000000000000280       0x20 f:/tools/bin/altera/15.1/nios2eds/bin/gnu/h-x86_64-mingw32/bin/../lib/gcc/nios2-elf/4.9.2/../../../../../H-x86_64-mingw32/nios2-elf/lib\libsmallc.a(lib_a-memcpy.o)
 .debug_aranges
                0x00000000000002a0       0x20 f:/tools/bin/altera/15.1/nios2eds/bin/gnu/h-x86_64-mingw32/bin/../lib/gcc/nios2-elf/4.9.2/../../../../../H-x86_64-mingw32/nios2-elf/lib\libsmallc.a(lib_a-memset.o)
 .debug_aranges
                0x00000000000002c0       0x28 f:/tools/bin/altera/15.1/nios2eds/bin/gnu/h-x86_64-mingw32/bin/../lib/gcc/nios2-elf/4.9.2/../../../../../H-x86_64-mingw32/nios2-elf/lib\libsmallc.a(lib_a-sprintf.o)
 .debug_aranges
                0x00000000000002e8       0x30 f:/tools/bin/altera/15.1/nios2eds/bin/gnu/h-x86_64-mingw32/bin/../lib/gcc/nios2-elf/4.9.2/../../../../../H-x86_64-mingw32/nios2-elf/lib\libsmallc.a(lib_a-svfprintf.o)
 .debug_aranges
                0x0000000000000318       0x20 f:/tools/bin/altera/15.1/nios2eds/bin/gnu/h-x86_64-mingw32/bin/../lib/gcc/nios2-elf/4.9.2/../../../../../H-x86_64-mingw32/nios2-elf/lib\libsmallc.a(lib_a-vprintf.o)
 .debug_aranges
                0x0000000000000338       0x20 f:/tools/bin/altera/15.1/nios2eds/bin/gnu/h-x86_64-mingw32/bin/../lib/gcc/nios2-elf/4.9.2/../../../../../H-x86_64-mingw32/nios2-elf/lib\libsmallc.a(lib_a-fvwrite_small_dev.o)
 .debug_aranges
                0x0000000000000358       0x20 f:/tools/bin/altera/15.1/nios2eds/bin/gnu/h-x86_64-mingw32/bin/../lib/gcc/nios2-elf/4.9.2/../../../../../H-x86_64-mingw32/nios2-elf/lib\libsmallc.a(lib_a-fvwrite_small_str.o)
 .debug_aranges
                0x0000000000000378       0x18 f:/tools/bin/altera/15.1/nios2eds/bin/gnu/h-x86_64-mingw32/bin/../lib/gcc/nios2-elf/4.9.2/../../../../../H-x86_64-mingw32/nios2-elf/lib\libsmallc.a(lib_a-impure.o)
 .debug_aranges
                0x0000000000000390       0x20 f:/tools/bin/altera/15.1/nios2eds/bin/gnu/h-x86_64-mingw32/bin/../lib/gcc/nios2-elf/4.9.2/../../../../../H-x86_64-mingw32/nios2-elf/lib\libsmallc.a(lib_a-memmove.o)
 .debug_aranges
                0x00000000000003b0       0x20 f:/tools/bin/altera/15.1/nios2eds/bin/gnu/h-x86_64-mingw32/bin/../lib/gcc/nios2-elf/4.9.2/../../../../../H-x86_64-mingw32/nios2-elf/lib\libsmallc.a(lib_a-strlen.o)
 .debug_aranges
                0x00000000000003d0       0x30 f:/tools/bin/altera/15.1/nios2eds/bin/gnu/h-x86_64-mingw32/bin/../lib/gcc/nios2-elf/4.9.2/../../../../../H-x86_64-mingw32/nios2-elf/lib\libsmallc.a(lib_a-vfprintf.o)
 .debug_aranges
                0x0000000000000400       0x20 f:/tools/bin/altera/15.1/nios2eds/bin/gnu/h-x86_64-mingw32/bin/../lib/gcc/nios2-elf/4.9.2/../../../../../H-x86_64-mingw32/nios2-elf/lib\libsmallc.a(lib_a-writer.o)
 .debug_aranges
                0x0000000000000420       0x18 f:/tools/bin/altera/15.1/nios2eds/bin/gnu/h-x86_64-mingw32/bin/../lib/gcc/nios2-elf/4.9.2/../../../../../H-x86_64-mingw32/nios2-elf/lib\libsmallc.a(lib_a-int_errno.o)
 .debug_aranges
                0x0000000000000438       0x20 ../rx_fluid_nios_bsp/\libhal_bsp.a(alt_irq_register.o)
 .debug_aranges
                0x0000000000000458       0x18 ../rx_fluid_nios_bsp/\libhal_bsp.a(alt_irq_vars.o)
 .debug_aranges
                0x0000000000000470       0x20 ../rx_fluid_nios_bsp/\libhal_bsp.a(alt_load.o)
 .debug_aranges
                0x0000000000000490       0x20 ../rx_fluid_nios_bsp/\libhal_bsp.a(alt_main.o)
 .debug_aranges
                0x00000000000004b0       0x20 ../rx_fluid_nios_bsp/\libhal_bsp.a(alt_write.o)
 .debug_aranges
                0x00000000000004d0       0x20 ../rx_fluid_nios_bsp/\libhal_bsp.a(alt_sys_init.o)
 .debug_aranges
                0x00000000000004f0       0x20 ../rx_fluid_nios_bsp/\libhal_bsp.a(altera_avalon_jtag_uart_init.o)
 .debug_aranges
                0x0000000000000510       0x20 ../rx_fluid_nios_bsp/\libhal_bsp.a(altera_avalon_jtag_uart_write.o)
 .debug_aranges
                0x0000000000000530       0x20 ../rx_fluid_nios_bsp/\libhal_bsp.a(altera_avalon_sysid_qsys.o)
 .debug_aranges
                0x0000000000000550       0x20 ../rx_fluid_nios_bsp/\libhal_bsp.a(altera_avalon_timer_sc.o)
 .debug_aranges
                0x0000000000000570       0x20 ../rx_fluid_nios_bsp/\libhal_bsp.a(i2c_master.o)
 .debug_aranges
                0x0000000000000590       0x20 ../rx_fluid_nios_bsp/\libhal_bsp.a(alt_alarm_start.o)
 .debug_aranges
                0x00000000000005b0       0x20 ../rx_fluid_nios_bsp/\libhal_bsp.a(alt_dcache_flush_all.o)
 .debug_aranges
                0x00000000000005d0       0x18 ../rx_fluid_nios_bsp/\libhal_bsp.a(alt_errno.o)
 .debug_aranges
                0x00000000000005e8       0x20 ../rx_fluid_nios_bsp/\libhal_bsp.a(alt_icache_flush_all.o)
 .debug_aranges
                0x0000000000000608       0x20 ../rx_fluid_nios_bsp/\libhal_bsp.a(alt_iic.o)
 .debug_aranges
                0x0000000000000628       0x20 ../rx_fluid_nios_bsp/\libhal_bsp.a(alt_iic_isr_register.o)
 .debug_aranges
                0x0000000000000648       0x30 ../rx_fluid_nios_bsp/\libhal_bsp.a(alt_irq_entry.o)
 .debug_aranges
                0x0000000000000678       0x20 ../rx_fluid_nios_bsp/\libhal_bsp.a(alt_irq_handler.o)
 .debug_aranges
                0x0000000000000698       0x20 ../rx_fluid_nios_bsp/\libhal_bsp.a(alt_tick.o)
 .debug_aranges
                0x00000000000006b8       0x20 ../rx_fluid_nios_bsp/\libhal_bsp.a(altera_nios2_gen2_irq.o)
 .debug_aranges
                0x00000000000006d8       0x38 ../rx_fluid_nios_bsp/\libhal_bsp.a(alt_exception_entry.o)
 .debug_aranges
                0x0000000000000710       0x20 ../rx_fluid_nios_bsp/\libhal_bsp.a(alt_icache_flush.o)
 .debug_aranges
                0x0000000000000730       0x28 ../rx_fluid_nios_bsp/\libhal_bsp.a(alt_instruction_exception_entry.o)

.debug_pubnames
 *(.debug_pubnames)

.debug_info     0x0000000000000000     0xedbb
 *(.debug_info .gnu.linkonce.wi.*)
 .debug_info    0x0000000000000000       0x7b ../rx_fluid_nios_bsp//obj/HAL/src/crt0.o
 .debug_info    0x000000000000007b      0x12e obj/default/AMC7891.o
 .debug_info    0x00000000000001a9      0x110 obj/default/MAX31865.o
 .debug_info    0x00000000000002b9      0x193 obj/default/adc_thermistor.o
 .debug_info    0x000000000000044c      0x153 obj/default/average.o
 .debug_info    0x000000000000059f      0x282 obj/default/comm.o
 .debug_info    0x0000000000000821      0x19b obj/default/fifo.o
 .debug_info    0x00000000000009bc     0x114a obj/default/heater.o
 .debug_info    0x0000000000001b06      0x105 obj/default/i2c.o
 .debug_info    0x0000000000001c0b     0x1515 obj/default/ink_ctrl.o
 .debug_info    0x0000000000003120      0xf32 obj/default/log.o
 .debug_info    0x0000000000004052     0x1046 obj/default/main.o
 .debug_info    0x0000000000005098      0x15d obj/default/pid.o
 .debug_info    0x00000000000051f5     0x1137 obj/default/pres.o
 .debug_info    0x000000000000632c     0x1087 obj/default/timer.o
 .debug_info    0x00000000000073b3      0x126 obj/default/trprintf.o
 .debug_info    0x00000000000074d9      0x15f obj/default/version.o
 .debug_info    0x0000000000007638      0x741 f:/tools/bin/altera/15.1/nios2eds/bin/gnu/h-x86_64-mingw32/bin/../lib/gcc/nios2-elf/4.9.2\libgcc.a(_divdi3.o)
 .debug_info    0x0000000000007d79      0x234 f:/tools/bin/altera/15.1/nios2eds/bin/gnu/h-x86_64-mingw32/bin/../lib/gcc/nios2-elf/4.9.2\libgcc.a(lib2-divmod.o)
 .debug_info    0x0000000000007fad       0xab f:/tools/bin/altera/15.1/nios2eds/bin/gnu/h-x86_64-mingw32/bin/../lib/gcc/nios2-elf/4.9.2\libgcc.a(_clz.o)
 .debug_info    0x0000000000008058      0x106 f:/tools/bin/altera/15.1/nios2eds/bin/gnu/h-x86_64-mingw32/bin/../lib/gcc/nios2-elf/4.9.2/../../../../../H-x86_64-mingw32/nios2-elf/lib\libsmallc.a(lib_a-memcpy.o)
 .debug_info    0x000000000000815e       0xd5 f:/tools/bin/altera/15.1/nios2eds/bin/gnu/h-x86_64-mingw32/bin/../lib/gcc/nios2-elf/4.9.2/../../../../../H-x86_64-mingw32/nios2-elf/lib\libsmallc.a(lib_a-memset.o)
 .debug_info    0x0000000000008233      0x7ca f:/tools/bin/altera/15.1/nios2eds/bin/gnu/h-x86_64-mingw32/bin/../lib/gcc/nios2-elf/4.9.2/../../../../../H-x86_64-mingw32/nios2-elf/lib\libsmallc.a(lib_a-sprintf.o)
 .debug_info    0x00000000000089fd      0xb38 f:/tools/bin/altera/15.1/nios2eds/bin/gnu/h-x86_64-mingw32/bin/../lib/gcc/nios2-elf/4.9.2/../../../../../H-x86_64-mingw32/nios2-elf/lib\libsmallc.a(lib_a-svfprintf.o)
 .debug_info    0x0000000000009535      0x632 f:/tools/bin/altera/15.1/nios2eds/bin/gnu/h-x86_64-mingw32/bin/../lib/gcc/nios2-elf/4.9.2/../../../../../H-x86_64-mingw32/nios2-elf/lib\libsmallc.a(lib_a-vprintf.o)
 .debug_info    0x0000000000009b67      0x656 f:/tools/bin/altera/15.1/nios2eds/bin/gnu/h-x86_64-mingw32/bin/../lib/gcc/nios2-elf/4.9.2/../../../../../H-x86_64-mingw32/nios2-elf/lib\libsmallc.a(lib_a-fvwrite_small_dev.o)
 .debug_info    0x000000000000a1bd      0x710 f:/tools/bin/altera/15.1/nios2eds/bin/gnu/h-x86_64-mingw32/bin/../lib/gcc/nios2-elf/4.9.2/../../../../../H-x86_64-mingw32/nios2-elf/lib\libsmallc.a(lib_a-fvwrite_small_str.o)
 .debug_info    0x000000000000a8cd      0x5a7 f:/tools/bin/altera/15.1/nios2eds/bin/gnu/h-x86_64-mingw32/bin/../lib/gcc/nios2-elf/4.9.2/../../../../../H-x86_64-mingw32/nios2-elf/lib\libsmallc.a(lib_a-impure.o)
 .debug_info    0x000000000000ae74      0x104 f:/tools/bin/altera/15.1/nios2eds/bin/gnu/h-x86_64-mingw32/bin/../lib/gcc/nios2-elf/4.9.2/../../../../../H-x86_64-mingw32/nios2-elf/lib\libsmallc.a(lib_a-memmove.o)
 .debug_info    0x000000000000af78       0xc2 f:/tools/bin/altera/15.1/nios2eds/bin/gnu/h-x86_64-mingw32/bin/../lib/gcc/nios2-elf/4.9.2/../../../../../H-x86_64-mingw32/nios2-elf/lib\libsmallc.a(lib_a-strlen.o)
 .debug_info    0x000000000000b03a      0xb38 f:/tools/bin/altera/15.1/nios2eds/bin/gnu/h-x86_64-mingw32/bin/../lib/gcc/nios2-elf/4.9.2/../../../../../H-x86_64-mingw32/nios2-elf/lib\libsmallc.a(lib_a-vfprintf.o)
 .debug_info    0x000000000000bb72      0x639 f:/tools/bin/altera/15.1/nios2eds/bin/gnu/h-x86_64-mingw32/bin/../lib/gcc/nios2-elf/4.9.2/../../../../../H-x86_64-mingw32/nios2-elf/lib\libsmallc.a(lib_a-writer.o)
 .debug_info    0x000000000000c1ab       0x83 f:/tools/bin/altera/15.1/nios2eds/bin/gnu/h-x86_64-mingw32/bin/../lib/gcc/nios2-elf/4.9.2/../../../../../H-x86_64-mingw32/nios2-elf/lib\libsmallc.a(lib_a-int_errno.o)
 .debug_info    0x000000000000c22e      0x307 ../rx_fluid_nios_bsp/\libhal_bsp.a(alt_irq_register.o)
 .debug_info    0x000000000000c535       0x88 ../rx_fluid_nios_bsp/\libhal_bsp.a(alt_irq_vars.o)
 .debug_info    0x000000000000c5bd      0x1ba ../rx_fluid_nios_bsp/\libhal_bsp.a(alt_load.o)
 .debug_info    0x000000000000c777      0x17b ../rx_fluid_nios_bsp/\libhal_bsp.a(alt_main.o)
 .debug_info    0x000000000000c8f2      0x1d5 ../rx_fluid_nios_bsp/\libhal_bsp.a(alt_write.o)
 .debug_info    0x000000000000cac7      0x31e ../rx_fluid_nios_bsp/\libhal_bsp.a(alt_sys_init.o)
 .debug_info    0x000000000000cde5      0x439 ../rx_fluid_nios_bsp/\libhal_bsp.a(altera_avalon_jtag_uart_init.o)
 .debug_info    0x000000000000d21e      0x374 ../rx_fluid_nios_bsp/\libhal_bsp.a(altera_avalon_jtag_uart_write.o)
 .debug_info    0x000000000000d592       0xaf ../rx_fluid_nios_bsp/\libhal_bsp.a(altera_avalon_sysid_qsys.o)
 .debug_info    0x000000000000d641      0x2a6 ../rx_fluid_nios_bsp/\libhal_bsp.a(altera_avalon_timer_sc.o)
 .debug_info    0x000000000000d8e7      0x1bc ../rx_fluid_nios_bsp/\libhal_bsp.a(i2c_master.o)
 .debug_info    0x000000000000daa3      0x2c5 ../rx_fluid_nios_bsp/\libhal_bsp.a(alt_alarm_start.o)
 .debug_info    0x000000000000dd68       0x8b ../rx_fluid_nios_bsp/\libhal_bsp.a(alt_dcache_flush_all.o)
 .debug_info    0x000000000000ddf3       0x9f ../rx_fluid_nios_bsp/\libhal_bsp.a(alt_errno.o)
 .debug_info    0x000000000000de92       0xc5 ../rx_fluid_nios_bsp/\libhal_bsp.a(alt_icache_flush_all.o)
 .debug_info    0x000000000000df57      0x39d ../rx_fluid_nios_bsp/\libhal_bsp.a(alt_iic.o)
 .debug_info    0x000000000000e2f4      0x249 ../rx_fluid_nios_bsp/\libhal_bsp.a(alt_iic_isr_register.o)
 .debug_info    0x000000000000e53d       0x84 ../rx_fluid_nios_bsp/\libhal_bsp.a(alt_irq_entry.o)
 .debug_info    0x000000000000e5c1      0x185 ../rx_fluid_nios_bsp/\libhal_bsp.a(alt_irq_handler.o)
 .debug_info    0x000000000000e746      0x2a0 ../rx_fluid_nios_bsp/\libhal_bsp.a(alt_tick.o)
 .debug_info    0x000000000000e9e6       0x8b ../rx_fluid_nios_bsp/\libhal_bsp.a(altera_nios2_gen2_irq.o)
 .debug_info    0x000000000000ea71       0x8a ../rx_fluid_nios_bsp/\libhal_bsp.a(alt_exception_entry.o)
 .debug_info    0x000000000000eafb       0xd7 ../rx_fluid_nios_bsp/\libhal_bsp.a(alt_icache_flush.o)
 .debug_info    0x000000000000ebd2      0x1e9 ../rx_fluid_nios_bsp/\libhal_bsp.a(alt_instruction_exception_entry.o)

.debug_abbrev   0x0000000000000000     0x3faa
 *(.debug_abbrev)
 .debug_abbrev  0x0000000000000000       0x12 ../rx_fluid_nios_bsp//obj/HAL/src/crt0.o
 .debug_abbrev  0x0000000000000012       0xbf obj/default/AMC7891.o
 .debug_abbrev  0x00000000000000d1       0x9f obj/default/MAX31865.o
 .debug_abbrev  0x0000000000000170       0xf8 obj/default/adc_thermistor.o
 .debug_abbrev  0x0000000000000268       0xb2 obj/default/average.o
 .debug_abbrev  0x000000000000031a      0x12a obj/default/comm.o
 .debug_abbrev  0x0000000000000444       0xe5 obj/default/fifo.o
 .debug_abbrev  0x0000000000000529      0x1d1 obj/default/heater.o
 .debug_abbrev  0x00000000000006fa       0x9f obj/default/i2c.o
 .debug_abbrev  0x0000000000000799      0x248 obj/default/ink_ctrl.o
 .debug_abbrev  0x00000000000009e1      0x1a1 obj/default/log.o
 .debug_abbrev  0x0000000000000b82      0x200 obj/default/main.o
 .debug_abbrev  0x0000000000000d82       0xc8 obj/default/pid.o
 .debug_abbrev  0x0000000000000e4a      0x214 obj/default/pres.o
 .debug_abbrev  0x000000000000105e      0x1f7 obj/default/timer.o
 .debug_abbrev  0x0000000000001255       0xd9 obj/default/trprintf.o
 .debug_abbrev  0x000000000000132e       0xc0 obj/default/version.o
 .debug_abbrev  0x00000000000013ee      0x176 f:/tools/bin/altera/15.1/nios2eds/bin/gnu/h-x86_64-mingw32/bin/../lib/gcc/nios2-elf/4.9.2\libgcc.a(_divdi3.o)
 .debug_abbrev  0x0000000000001564       0xd9 f:/tools/bin/altera/15.1/nios2eds/bin/gnu/h-x86_64-mingw32/bin/../lib/gcc/nios2-elf/4.9.2\libgcc.a(lib2-divmod.o)
 .debug_abbrev  0x000000000000163d       0x5d f:/tools/bin/altera/15.1/nios2eds/bin/gnu/h-x86_64-mingw32/bin/../lib/gcc/nios2-elf/4.9.2\libgcc.a(_clz.o)
 .debug_abbrev  0x000000000000169a       0xa4 f:/tools/bin/altera/15.1/nios2eds/bin/gnu/h-x86_64-mingw32/bin/../lib/gcc/nios2-elf/4.9.2/../../../../../H-x86_64-mingw32/nios2-elf/lib\libsmallc.a(lib_a-memcpy.o)
 .debug_abbrev  0x000000000000173e       0x8e f:/tools/bin/altera/15.1/nios2eds/bin/gnu/h-x86_64-mingw32/bin/../lib/gcc/nios2-elf/4.9.2/../../../../../H-x86_64-mingw32/nios2-elf/lib\libsmallc.a(lib_a-memset.o)
 .debug_abbrev  0x00000000000017cc      0x1d1 f:/tools/bin/altera/15.1/nios2eds/bin/gnu/h-x86_64-mingw32/bin/../lib/gcc/nios2-elf/4.9.2/../../../../../H-x86_64-mingw32/nios2-elf/lib\libsmallc.a(lib_a-sprintf.o)
 .debug_abbrev  0x000000000000199d      0x2a1 f:/tools/bin/altera/15.1/nios2eds/bin/gnu/h-x86_64-mingw32/bin/../lib/gcc/nios2-elf/4.9.2/../../../../../H-x86_64-mingw32/nios2-elf/lib\libsmallc.a(lib_a-svfprintf.o)
 .debug_abbrev  0x0000000000001c3e      0x1af f:/tools/bin/altera/15.1/nios2eds/bin/gnu/h-x86_64-mingw32/bin/../lib/gcc/nios2-elf/4.9.2/../../../../../H-x86_64-mingw32/nios2-elf/lib\libsmallc.a(lib_a-vprintf.o)
 .debug_abbrev  0x0000000000001ded      0x1c3 f:/tools/bin/altera/15.1/nios2eds/bin/gnu/h-x86_64-mingw32/bin/../lib/gcc/nios2-elf/4.9.2/../../../../../H-x86_64-mingw32/nios2-elf/lib\libsmallc.a(lib_a-fvwrite_small_dev.o)
 .debug_abbrev  0x0000000000001fb0      0x1bc f:/tools/bin/altera/15.1/nios2eds/bin/gnu/h-x86_64-mingw32/bin/../lib/gcc/nios2-elf/4.9.2/../../../../../H-x86_64-mingw32/nios2-elf/lib\libsmallc.a(lib_a-fvwrite_small_str.o)
 .debug_abbrev  0x000000000000216c      0x14a f:/tools/bin/altera/15.1/nios2eds/bin/gnu/h-x86_64-mingw32/bin/../lib/gcc/nios2-elf/4.9.2/../../../../../H-x86_64-mingw32/nios2-elf/lib\libsmallc.a(lib_a-impure.o)
 .debug_abbrev  0x00000000000022b6       0x8d f:/tools/bin/altera/15.1/nios2eds/bin/gnu/h-x86_64-mingw32/bin/../lib/gcc/nios2-elf/4.9.2/../../../../../H-x86_64-mingw32/nios2-elf/lib\libsmallc.a(lib_a-memmove.o)
 .debug_abbrev  0x0000000000002343       0x7f f:/tools/bin/altera/15.1/nios2eds/bin/gnu/h-x86_64-mingw32/bin/../lib/gcc/nios2-elf/4.9.2/../../../../../H-x86_64-mingw32/nios2-elf/lib\libsmallc.a(lib_a-strlen.o)
 .debug_abbrev  0x00000000000023c2      0x2a1 f:/tools/bin/altera/15.1/nios2eds/bin/gnu/h-x86_64-mingw32/bin/../lib/gcc/nios2-elf/4.9.2/../../../../../H-x86_64-mingw32/nios2-elf/lib\libsmallc.a(lib_a-vfprintf.o)
 .debug_abbrev  0x0000000000002663      0x1a8 f:/tools/bin/altera/15.1/nios2eds/bin/gnu/h-x86_64-mingw32/bin/../lib/gcc/nios2-elf/4.9.2/../../../../../H-x86_64-mingw32/nios2-elf/lib\libsmallc.a(lib_a-writer.o)
 .debug_abbrev  0x000000000000280b       0x37 f:/tools/bin/altera/15.1/nios2eds/bin/gnu/h-x86_64-mingw32/bin/../lib/gcc/nios2-elf/4.9.2/../../../../../H-x86_64-mingw32/nios2-elf/lib\libsmallc.a(lib_a-int_errno.o)
 .debug_abbrev  0x0000000000002842      0x18f ../rx_fluid_nios_bsp/\libhal_bsp.a(alt_irq_register.o)
 .debug_abbrev  0x00000000000029d1       0x40 ../rx_fluid_nios_bsp/\libhal_bsp.a(alt_irq_vars.o)
 .debug_abbrev  0x0000000000002a11       0xd8 ../rx_fluid_nios_bsp/\libhal_bsp.a(alt_load.o)
 .debug_abbrev  0x0000000000002ae9      0x120 ../rx_fluid_nios_bsp/\libhal_bsp.a(alt_main.o)
 .debug_abbrev  0x0000000000002c09      0x130 ../rx_fluid_nios_bsp/\libhal_bsp.a(alt_write.o)
 .debug_abbrev  0x0000000000002d39      0x172 ../rx_fluid_nios_bsp/\libhal_bsp.a(alt_sys_init.o)
 .debug_abbrev  0x0000000000002eab      0x209 ../rx_fluid_nios_bsp/\libhal_bsp.a(altera_avalon_jtag_uart_init.o)
 .debug_abbrev  0x00000000000030b4      0x1e2 ../rx_fluid_nios_bsp/\libhal_bsp.a(altera_avalon_jtag_uart_write.o)
 .debug_abbrev  0x0000000000003296       0x55 ../rx_fluid_nios_bsp/\libhal_bsp.a(altera_avalon_sysid_qsys.o)
 .debug_abbrev  0x00000000000032eb      0x1ad ../rx_fluid_nios_bsp/\libhal_bsp.a(altera_avalon_timer_sc.o)
 .debug_abbrev  0x0000000000003498       0xd2 ../rx_fluid_nios_bsp/\libhal_bsp.a(i2c_master.o)
 .debug_abbrev  0x000000000000356a      0x187 ../rx_fluid_nios_bsp/\libhal_bsp.a(alt_alarm_start.o)
 .debug_abbrev  0x00000000000036f1       0x42 ../rx_fluid_nios_bsp/\libhal_bsp.a(alt_dcache_flush_all.o)
 .debug_abbrev  0x0000000000003733       0x5a ../rx_fluid_nios_bsp/\libhal_bsp.a(alt_errno.o)
 .debug_abbrev  0x000000000000378d       0x8a ../rx_fluid_nios_bsp/\libhal_bsp.a(alt_icache_flush_all.o)
 .debug_abbrev  0x0000000000003817      0x17d ../rx_fluid_nios_bsp/\libhal_bsp.a(alt_iic.o)
 .debug_abbrev  0x0000000000003994      0x1a6 ../rx_fluid_nios_bsp/\libhal_bsp.a(alt_iic_isr_register.o)
 .debug_abbrev  0x0000000000003b3a       0x12 ../rx_fluid_nios_bsp/\libhal_bsp.a(alt_irq_entry.o)
 .debug_abbrev  0x0000000000003b4c      0x122 ../rx_fluid_nios_bsp/\libhal_bsp.a(alt_irq_handler.o)
 .debug_abbrev  0x0000000000003c6e      0x180 ../rx_fluid_nios_bsp/\libhal_bsp.a(alt_tick.o)
 .debug_abbrev  0x0000000000003dee       0x42 ../rx_fluid_nios_bsp/\libhal_bsp.a(altera_nios2_gen2_irq.o)
 .debug_abbrev  0x0000000000003e30       0x12 ../rx_fluid_nios_bsp/\libhal_bsp.a(alt_exception_entry.o)
 .debug_abbrev  0x0000000000003e42       0x9b ../rx_fluid_nios_bsp/\libhal_bsp.a(alt_icache_flush.o)
 .debug_abbrev  0x0000000000003edd       0xcd ../rx_fluid_nios_bsp/\libhal_bsp.a(alt_instruction_exception_entry.o)

.debug_line     0x0000000000000000     0x44b0
 *(.debug_line)
 .debug_line    0x0000000000000000       0x6c ../rx_fluid_nios_bsp//obj/HAL/src/crt0.o
 .debug_line    0x000000000000006c      0x109 obj/default/AMC7891.o
 .debug_line    0x0000000000000175      0x107 obj/default/MAX31865.o
 .debug_line    0x000000000000027c       0xb5 obj/default/adc_thermistor.o
 .debug_line    0x0000000000000331       0xc6 obj/default/average.o
 .debug_line    0x00000000000003f7       0xfb obj/default/comm.o
 .debug_line    0x00000000000004f2       0xa7 obj/default/fifo.o
 .debug_line    0x0000000000000599      0x1ff obj/default/heater.o
 .debug_line    0x0000000000000798       0xd8 obj/default/i2c.o
 .debug_line    0x0000000000000870      0x733 obj/default/ink_ctrl.o
 .debug_line    0x0000000000000fa3      0x12e obj/default/log.o
 .debug_line    0x00000000000010d1      0x1ba obj/default/main.o
 .debug_line    0x000000000000128b       0xa6 obj/default/pid.o
 .debug_line    0x0000000000001331      0x1f8 obj/default/pres.o
 .debug_line    0x0000000000001529      0x19d obj/default/timer.o
 .debug_line    0x00000000000016c6       0xb3 obj/default/trprintf.o
 .debug_line    0x0000000000001779       0xaa obj/default/version.o
 .debug_line    0x0000000000001823      0x14e f:/tools/bin/altera/15.1/nios2eds/bin/gnu/h-x86_64-mingw32/bin/../lib/gcc/nios2-elf/4.9.2\libgcc.a(_divdi3.o)
 .debug_line    0x0000000000001971       0xc4 f:/tools/bin/altera/15.1/nios2eds/bin/gnu/h-x86_64-mingw32/bin/../lib/gcc/nios2-elf/4.9.2\libgcc.a(lib2-divmod.o)
 .debug_line    0x0000000000001a35       0x53 f:/tools/bin/altera/15.1/nios2eds/bin/gnu/h-x86_64-mingw32/bin/../lib/gcc/nios2-elf/4.9.2\libgcc.a(_clz.o)
 .debug_line    0x0000000000001a88      0x15b f:/tools/bin/altera/15.1/nios2eds/bin/gnu/h-x86_64-mingw32/bin/../lib/gcc/nios2-elf/4.9.2/../../../../../H-x86_64-mingw32/nios2-elf/lib\libsmallc.a(lib_a-memcpy.o)
 .debug_line    0x0000000000001be3      0x15a f:/tools/bin/altera/15.1/nios2eds/bin/gnu/h-x86_64-mingw32/bin/../lib/gcc/nios2-elf/4.9.2/../../../../../H-x86_64-mingw32/nios2-elf/lib\libsmallc.a(lib_a-memset.o)
 .debug_line    0x0000000000001d3d      0x213 f:/tools/bin/altera/15.1/nios2eds/bin/gnu/h-x86_64-mingw32/bin/../lib/gcc/nios2-elf/4.9.2/../../../../../H-x86_64-mingw32/nios2-elf/lib\libsmallc.a(lib_a-sprintf.o)
 .debug_line    0x0000000000001f50      0x353 f:/tools/bin/altera/15.1/nios2eds/bin/gnu/h-x86_64-mingw32/bin/../lib/gcc/nios2-elf/4.9.2/../../../../../H-x86_64-mingw32/nios2-elf/lib\libsmallc.a(lib_a-svfprintf.o)
 .debug_line    0x00000000000022a3      0x1ed f:/tools/bin/altera/15.1/nios2eds/bin/gnu/h-x86_64-mingw32/bin/../lib/gcc/nios2-elf/4.9.2/../../../../../H-x86_64-mingw32/nios2-elf/lib\libsmallc.a(lib_a-vprintf.o)
 .debug_line    0x0000000000002490      0x1ef f:/tools/bin/altera/15.1/nios2eds/bin/gnu/h-x86_64-mingw32/bin/../lib/gcc/nios2-elf/4.9.2/../../../../../H-x86_64-mingw32/nios2-elf/lib\libsmallc.a(lib_a-fvwrite_small_dev.o)
 .debug_line    0x000000000000267f      0x1fb f:/tools/bin/altera/15.1/nios2eds/bin/gnu/h-x86_64-mingw32/bin/../lib/gcc/nios2-elf/4.9.2/../../../../../H-x86_64-mingw32/nios2-elf/lib\libsmallc.a(lib_a-fvwrite_small_str.o)
 .debug_line    0x000000000000287a      0x153 f:/tools/bin/altera/15.1/nios2eds/bin/gnu/h-x86_64-mingw32/bin/../lib/gcc/nios2-elf/4.9.2/../../../../../H-x86_64-mingw32/nios2-elf/lib\libsmallc.a(lib_a-impure.o)
 .debug_line    0x00000000000029cd      0x168 f:/tools/bin/altera/15.1/nios2eds/bin/gnu/h-x86_64-mingw32/bin/../lib/gcc/nios2-elf/4.9.2/../../../../../H-x86_64-mingw32/nios2-elf/lib\libsmallc.a(lib_a-memmove.o)
 .debug_line    0x0000000000002b35      0x159 f:/tools/bin/altera/15.1/nios2eds/bin/gnu/h-x86_64-mingw32/bin/../lib/gcc/nios2-elf/4.9.2/../../../../../H-x86_64-mingw32/nios2-elf/lib\libsmallc.a(lib_a-strlen.o)
 .debug_line    0x0000000000002c8e      0x353 f:/tools/bin/altera/15.1/nios2eds/bin/gnu/h-x86_64-mingw32/bin/../lib/gcc/nios2-elf/4.9.2/../../../../../H-x86_64-mingw32/nios2-elf/lib\libsmallc.a(lib_a-vfprintf.o)
 .debug_line    0x0000000000002fe1      0x1ea f:/tools/bin/altera/15.1/nios2eds/bin/gnu/h-x86_64-mingw32/bin/../lib/gcc/nios2-elf/4.9.2/../../../../../H-x86_64-mingw32/nios2-elf/lib\libsmallc.a(lib_a-writer.o)
 .debug_line    0x00000000000031cb       0x5c f:/tools/bin/altera/15.1/nios2eds/bin/gnu/h-x86_64-mingw32/bin/../lib/gcc/nios2-elf/4.9.2/../../../../../H-x86_64-mingw32/nios2-elf/lib\libsmallc.a(lib_a-int_errno.o)
 .debug_line    0x0000000000003227       0xed ../rx_fluid_nios_bsp/\libhal_bsp.a(alt_irq_register.o)
 .debug_line    0x0000000000003314       0x50 ../rx_fluid_nios_bsp/\libhal_bsp.a(alt_irq_vars.o)
 .debug_line    0x0000000000003364       0xa6 ../rx_fluid_nios_bsp/\libhal_bsp.a(alt_load.o)
 .debug_line    0x000000000000340a       0xbd ../rx_fluid_nios_bsp/\libhal_bsp.a(alt_main.o)
 .debug_line    0x00000000000034c7      0x16e ../rx_fluid_nios_bsp/\libhal_bsp.a(alt_write.o)
 .debug_line    0x0000000000003635      0x133 ../rx_fluid_nios_bsp/\libhal_bsp.a(alt_sys_init.o)
 .debug_line    0x0000000000003768      0x17b ../rx_fluid_nios_bsp/\libhal_bsp.a(altera_avalon_jtag_uart_init.o)
 .debug_line    0x00000000000038e3      0x177 ../rx_fluid_nios_bsp/\libhal_bsp.a(altera_avalon_jtag_uart_write.o)
 .debug_line    0x0000000000003a5a       0x84 ../rx_fluid_nios_bsp/\libhal_bsp.a(altera_avalon_sysid_qsys.o)
 .debug_line    0x0000000000003ade      0x103 ../rx_fluid_nios_bsp/\libhal_bsp.a(altera_avalon_timer_sc.o)
 .debug_line    0x0000000000003be1       0x95 ../rx_fluid_nios_bsp/\libhal_bsp.a(i2c_master.o)
 .debug_line    0x0000000000003c76       0xf2 ../rx_fluid_nios_bsp/\libhal_bsp.a(alt_alarm_start.o)
 .debug_line    0x0000000000003d68       0x4e ../rx_fluid_nios_bsp/\libhal_bsp.a(alt_dcache_flush_all.o)
 .debug_line    0x0000000000003db6       0x51 ../rx_fluid_nios_bsp/\libhal_bsp.a(alt_errno.o)
 .debug_line    0x0000000000003e07       0x87 ../rx_fluid_nios_bsp/\libhal_bsp.a(alt_icache_flush_all.o)
 .debug_line    0x0000000000003e8e       0xf1 ../rx_fluid_nios_bsp/\libhal_bsp.a(alt_iic.o)
 .debug_line    0x0000000000003f7f       0xd6 ../rx_fluid_nios_bsp/\libhal_bsp.a(alt_iic_isr_register.o)
 .debug_line    0x0000000000004055       0x6b ../rx_fluid_nios_bsp/\libhal_bsp.a(alt_irq_entry.o)
 .debug_line    0x00000000000040c0       0xa5 ../rx_fluid_nios_bsp/\libhal_bsp.a(alt_irq_handler.o)
 .debug_line    0x0000000000004165      0x104 ../rx_fluid_nios_bsp/\libhal_bsp.a(alt_tick.o)
 .debug_line    0x0000000000004269       0x50 ../rx_fluid_nios_bsp/\libhal_bsp.a(altera_nios2_gen2_irq.o)
 .debug_line    0x00000000000042b9       0xb3 ../rx_fluid_nios_bsp/\libhal_bsp.a(alt_exception_entry.o)
 .debug_line    0x000000000000436c       0x7d ../rx_fluid_nios_bsp/\libhal_bsp.a(alt_icache_flush.o)
 .debug_line    0x00000000000043e9       0xc7 ../rx_fluid_nios_bsp/\libhal_bsp.a(alt_instruction_exception_entry.o)

.debug_frame    0x0000000000000000     0x11f4
 *(.debug_frame)
 .debug_frame   0x0000000000000000       0x34 obj/default/AMC7891.o
 .debug_frame   0x0000000000000034       0x34 obj/default/MAX31865.o
 .debug_frame   0x0000000000000068       0x60 obj/default/adc_thermistor.o
 .debug_frame   0x00000000000000c8       0x70 obj/default/average.o
 .debug_frame   0x0000000000000138       0xac obj/default/comm.o
 .debug_frame   0x00000000000001e4       0x80 obj/default/fifo.o
 .debug_frame   0x0000000000000264       0xb0 obj/default/heater.o
 .debug_frame   0x0000000000000314       0x38 obj/default/i2c.o
 .debug_frame   0x000000000000034c      0x260 obj/default/ink_ctrl.o
 .debug_frame   0x00000000000005ac       0x8c obj/default/log.o
 .debug_frame   0x0000000000000638       0x78 obj/default/main.o
 .debug_frame   0x00000000000006b0       0x64 obj/default/pid.o
 .debug_frame   0x0000000000000714      0x15c obj/default/pres.o
 .debug_frame   0x0000000000000870       0xf8 obj/default/timer.o
 .debug_frame   0x0000000000000968       0x80 obj/default/trprintf.o
 .debug_frame   0x00000000000009e8       0x38 obj/default/version.o
 .debug_frame   0x0000000000000a20       0x54 f:/tools/bin/altera/15.1/nios2eds/bin/gnu/h-x86_64-mingw32/bin/../lib/gcc/nios2-elf/4.9.2\libgcc.a(_divdi3.o)
 .debug_frame   0x0000000000000a74       0x8c f:/tools/bin/altera/15.1/nios2eds/bin/gnu/h-x86_64-mingw32/bin/../lib/gcc/nios2-elf/4.9.2\libgcc.a(lib2-divmod.o)
 .debug_frame   0x0000000000000b00       0x20 f:/tools/bin/altera/15.1/nios2eds/bin/gnu/h-x86_64-mingw32/bin/../lib/gcc/nios2-elf/4.9.2/../../../../../H-x86_64-mingw32/nios2-elf/lib\libsmallc.a(lib_a-memcpy.o)
 .debug_frame   0x0000000000000b20       0x20 f:/tools/bin/altera/15.1/nios2eds/bin/gnu/h-x86_64-mingw32/bin/../lib/gcc/nios2-elf/4.9.2/../../../../../H-x86_64-mingw32/nios2-elf/lib\libsmallc.a(lib_a-memset.o)
 .debug_frame   0x0000000000000b40       0x48 f:/tools/bin/altera/15.1/nios2eds/bin/gnu/h-x86_64-mingw32/bin/../lib/gcc/nios2-elf/4.9.2/../../../../../H-x86_64-mingw32/nios2-elf/lib\libsmallc.a(lib_a-sprintf.o)
 .debug_frame   0x0000000000000b88       0x8c f:/tools/bin/altera/15.1/nios2eds/bin/gnu/h-x86_64-mingw32/bin/../lib/gcc/nios2-elf/4.9.2/../../../../../H-x86_64-mingw32/nios2-elf/lib\libsmallc.a(lib_a-svfprintf.o)
 .debug_frame   0x0000000000000c14       0x20 f:/tools/bin/altera/15.1/nios2eds/bin/gnu/h-x86_64-mingw32/bin/../lib/gcc/nios2-elf/4.9.2/../../../../../H-x86_64-mingw32/nios2-elf/lib\libsmallc.a(lib_a-vprintf.o)
 .debug_frame   0x0000000000000c34       0x40 f:/tools/bin/altera/15.1/nios2eds/bin/gnu/h-x86_64-mingw32/bin/../lib/gcc/nios2-elf/4.9.2/../../../../../H-x86_64-mingw32/nios2-elf/lib\libsmallc.a(lib_a-fvwrite_small_dev.o)
 .debug_frame   0x0000000000000c74       0x34 f:/tools/bin/altera/15.1/nios2eds/bin/gnu/h-x86_64-mingw32/bin/../lib/gcc/nios2-elf/4.9.2/../../../../../H-x86_64-mingw32/nios2-elf/lib\libsmallc.a(lib_a-fvwrite_small_str.o)
 .debug_frame   0x0000000000000ca8       0x20 f:/tools/bin/altera/15.1/nios2eds/bin/gnu/h-x86_64-mingw32/bin/../lib/gcc/nios2-elf/4.9.2/../../../../../H-x86_64-mingw32/nios2-elf/lib\libsmallc.a(lib_a-memmove.o)
 .debug_frame   0x0000000000000cc8       0x20 f:/tools/bin/altera/15.1/nios2eds/bin/gnu/h-x86_64-mingw32/bin/../lib/gcc/nios2-elf/4.9.2/../../../../../H-x86_64-mingw32/nios2-elf/lib\libsmallc.a(lib_a-strlen.o)
 .debug_frame   0x0000000000000ce8       0x8c f:/tools/bin/altera/15.1/nios2eds/bin/gnu/h-x86_64-mingw32/bin/../lib/gcc/nios2-elf/4.9.2/../../../../../H-x86_64-mingw32/nios2-elf/lib\libsmallc.a(lib_a-vfprintf.o)
 .debug_frame   0x0000000000000d74       0x38 f:/tools/bin/altera/15.1/nios2eds/bin/gnu/h-x86_64-mingw32/bin/../lib/gcc/nios2-elf/4.9.2/../../../../../H-x86_64-mingw32/nios2-elf/lib\libsmallc.a(lib_a-writer.o)
 .debug_frame   0x0000000000000dac       0x20 ../rx_fluid_nios_bsp/\libhal_bsp.a(alt_irq_register.o)
 .debug_frame   0x0000000000000dcc       0x30 ../rx_fluid_nios_bsp/\libhal_bsp.a(alt_load.o)
 .debug_frame   0x0000000000000dfc       0x2c ../rx_fluid_nios_bsp/\libhal_bsp.a(alt_main.o)
 .debug_frame   0x0000000000000e28       0x2c ../rx_fluid_nios_bsp/\libhal_bsp.a(alt_write.o)
 .debug_frame   0x0000000000000e54       0x48 ../rx_fluid_nios_bsp/\libhal_bsp.a(alt_sys_init.o)
 .debug_frame   0x0000000000000e9c       0x64 ../rx_fluid_nios_bsp/\libhal_bsp.a(altera_avalon_jtag_uart_init.o)
 .debug_frame   0x0000000000000f00       0x54 ../rx_fluid_nios_bsp/\libhal_bsp.a(altera_avalon_jtag_uart_write.o)
 .debug_frame   0x0000000000000f54       0x20 ../rx_fluid_nios_bsp/\libhal_bsp.a(altera_avalon_sysid_qsys.o)
 .debug_frame   0x0000000000000f74       0x4c ../rx_fluid_nios_bsp/\libhal_bsp.a(altera_avalon_timer_sc.o)
 .debug_frame   0x0000000000000fc0       0x60 ../rx_fluid_nios_bsp/\libhal_bsp.a(i2c_master.o)
 .debug_frame   0x0000000000001020       0x20 ../rx_fluid_nios_bsp/\libhal_bsp.a(alt_alarm_start.o)
 .debug_frame   0x0000000000001040       0x20 ../rx_fluid_nios_bsp/\libhal_bsp.a(alt_dcache_flush_all.o)
 .debug_frame   0x0000000000001060       0x20 ../rx_fluid_nios_bsp/\libhal_bsp.a(alt_icache_flush_all.o)
 .debug_frame   0x0000000000001080       0x50 ../rx_fluid_nios_bsp/\libhal_bsp.a(alt_iic.o)
 .debug_frame   0x00000000000010d0       0x30 ../rx_fluid_nios_bsp/\libhal_bsp.a(alt_iic_isr_register.o)
 .debug_frame   0x0000000000001100       0x34 ../rx_fluid_nios_bsp/\libhal_bsp.a(alt_irq_handler.o)
 .debug_frame   0x0000000000001134       0x50 ../rx_fluid_nios_bsp/\libhal_bsp.a(alt_tick.o)
 .debug_frame   0x0000000000001184       0x20 ../rx_fluid_nios_bsp/\libhal_bsp.a(altera_nios2_gen2_irq.o)
 .debug_frame   0x00000000000011a4       0x20 ../rx_fluid_nios_bsp/\libhal_bsp.a(alt_icache_flush.o)
 .debug_frame   0x00000000000011c4       0x30 ../rx_fluid_nios_bsp/\libhal_bsp.a(alt_instruction_exception_entry.o)

.debug_str      0x0000000000000000     0x34a5
 *(.debug_str)
 .debug_str     0x0000000000000000      0x147 obj/default/AMC7891.o
                                        0x18a (size before relaxing)
 .debug_str     0x0000000000000147       0x19 obj/default/MAX31865.o
                                        0x184 (size before relaxing)
 .debug_str     0x0000000000000160       0x6e obj/default/adc_thermistor.o
                                        0x181 (size before relaxing)
 .debug_str     0x00000000000001ce       0x3c obj/default/average.o
                                        0x146 (size before relaxing)
 .debug_str     0x000000000000020a       0x85 obj/default/comm.o
                                        0x19b (size before relaxing)
 .debug_str     0x000000000000028f       0x3b obj/default/fifo.o
                                        0x157 (size before relaxing)
 .debug_str     0x00000000000002ca     0x11d9 obj/default/heater.o
                                       0x1366 (size before relaxing)
 .debug_str     0x00000000000014a3        0xf obj/default/i2c.o
                                        0x172 (size before relaxing)
 .debug_str     0x00000000000014b2      0x30b obj/default/ink_ctrl.o
                                       0x1554 (size before relaxing)
 .debug_str     0x00000000000017bd       0x29 obj/default/log.o
                                       0x1202 (size before relaxing)
 .debug_str     0x00000000000017e6       0x6e obj/default/main.o
                                       0x12a6 (size before relaxing)
 .debug_str     0x0000000000001854       0x25 obj/default/pid.o
                                        0x163 (size before relaxing)
 .debug_str     0x0000000000001879       0xb2 obj/default/pres.o
                                       0x12a6 (size before relaxing)
 .debug_str     0x000000000000192b       0xcb obj/default/timer.o
                                       0x130d (size before relaxing)
 .debug_str     0x00000000000019f6       0x58 obj/default/trprintf.o
                                        0x16a (size before relaxing)
 .debug_str     0x0000000000001a4e       0x1f obj/default/version.o
                                        0x15d (size before relaxing)
 .debug_str     0x0000000000001a6d      0x1e1 f:/tools/bin/altera/15.1/nios2eds/bin/gnu/h-x86_64-mingw32/bin/../lib/gcc/nios2-elf/4.9.2\libgcc.a(_divdi3.o)
                                        0x273 (size before relaxing)
 .debug_str     0x0000000000001c4e       0xee f:/tools/bin/altera/15.1/nios2eds/bin/gnu/h-x86_64-mingw32/bin/../lib/gcc/nios2-elf/4.9.2\libgcc.a(lib2-divmod.o)
                                        0x1b6 (size before relaxing)
 .debug_str     0x0000000000000000      0x1bb f:/tools/bin/altera/15.1/nios2eds/bin/gnu/h-x86_64-mingw32/bin/../lib/gcc/nios2-elf/4.9.2\libgcc.a(_clz.o)
 .debug_str     0x0000000000001d3c      0x132 f:/tools/bin/altera/15.1/nios2eds/bin/gnu/h-x86_64-mingw32/bin/../lib/gcc/nios2-elf/4.9.2/../../../../../H-x86_64-mingw32/nios2-elf/lib\libsmallc.a(lib_a-memcpy.o)
                                        0x1cb (size before relaxing)
 .debug_str     0x0000000000001e6e       0x41 f:/tools/bin/altera/15.1/nios2eds/bin/gnu/h-x86_64-mingw32/bin/../lib/gcc/nios2-elf/4.9.2/../../../../../H-x86_64-mingw32/nios2-elf/lib\libsmallc.a(lib_a-memset.o)
                                        0x1b7 (size before relaxing)
 .debug_str     0x0000000000001eaf      0x3ba f:/tools/bin/altera/15.1/nios2eds/bin/gnu/h-x86_64-mingw32/bin/../lib/gcc/nios2-elf/4.9.2/../../../../../H-x86_64-mingw32/nios2-elf/lib\libsmallc.a(lib_a-sprintf.o)
                                        0x501 (size before relaxing)
 .debug_str     0x0000000000002269      0x20f f:/tools/bin/altera/15.1/nios2eds/bin/gnu/h-x86_64-mingw32/bin/../lib/gcc/nios2-elf/4.9.2/../../../../../H-x86_64-mingw32/nios2-elf/lib\libsmallc.a(lib_a-svfprintf.o)
                                        0x672 (size before relaxing)
 .debug_str     0x0000000000002478       0x56 f:/tools/bin/altera/15.1/nios2eds/bin/gnu/h-x86_64-mingw32/bin/../lib/gcc/nios2-elf/4.9.2/../../../../../H-x86_64-mingw32/nios2-elf/lib\libsmallc.a(lib_a-vprintf.o)
                                        0x4c2 (size before relaxing)
 .debug_str     0x00000000000024ce       0x7e f:/tools/bin/altera/15.1/nios2eds/bin/gnu/h-x86_64-mingw32/bin/../lib/gcc/nios2-elf/4.9.2/../../../../../H-x86_64-mingw32/nios2-elf/lib\libsmallc.a(lib_a-fvwrite_small_dev.o)
                                        0x4bc (size before relaxing)
 .debug_str     0x000000000000254c       0x61 f:/tools/bin/altera/15.1/nios2eds/bin/gnu/h-x86_64-mingw32/bin/../lib/gcc/nios2-elf/4.9.2/../../../../../H-x86_64-mingw32/nios2-elf/lib\libsmallc.a(lib_a-fvwrite_small_str.o)
                                        0x4cf (size before relaxing)
 .debug_str     0x00000000000025ad       0xe1 f:/tools/bin/altera/15.1/nios2eds/bin/gnu/h-x86_64-mingw32/bin/../lib/gcc/nios2-elf/4.9.2/../../../../../H-x86_64-mingw32/nios2-elf/lib\libsmallc.a(lib_a-impure.o)
                                        0x496 (size before relaxing)
 .debug_str     0x000000000000268e       0x54 f:/tools/bin/altera/15.1/nios2eds/bin/gnu/h-x86_64-mingw32/bin/../lib/gcc/nios2-elf/4.9.2/../../../../../H-x86_64-mingw32/nios2-elf/lib\libsmallc.a(lib_a-memmove.o)
                                        0x1d2 (size before relaxing)
 .debug_str     0x00000000000026e2       0x3a f:/tools/bin/altera/15.1/nios2eds/bin/gnu/h-x86_64-mingw32/bin/../lib/gcc/nios2-elf/4.9.2/../../../../../H-x86_64-mingw32/nios2-elf/lib\libsmallc.a(lib_a-strlen.o)
                                        0x1bd (size before relaxing)
 .debug_str     0x000000000000271c       0x17 f:/tools/bin/altera/15.1/nios2eds/bin/gnu/h-x86_64-mingw32/bin/../lib/gcc/nios2-elf/4.9.2/../../../../../H-x86_64-mingw32/nios2-elf/lib\libsmallc.a(lib_a-vfprintf.o)
                                        0x66a (size before relaxing)
 .debug_str     0x0000000000002733       0x39 f:/tools/bin/altera/15.1/nios2eds/bin/gnu/h-x86_64-mingw32/bin/../lib/gcc/nios2-elf/4.9.2/../../../../../H-x86_64-mingw32/nios2-elf/lib\libsmallc.a(lib_a-writer.o)
                                        0x490 (size before relaxing)
 .debug_str     0x000000000000276c       0x3c f:/tools/bin/altera/15.1/nios2eds/bin/gnu/h-x86_64-mingw32/bin/../lib/gcc/nios2-elf/4.9.2/../../../../../H-x86_64-mingw32/nios2-elf/lib\libsmallc.a(lib_a-int_errno.o)
                                        0x1b0 (size before relaxing)
 .debug_str     0x00000000000027a8      0x14b ../rx_fluid_nios_bsp/\libhal_bsp.a(alt_irq_register.o)
                                        0x1f5 (size before relaxing)
 .debug_str     0x00000000000028f3       0x17 ../rx_fluid_nios_bsp/\libhal_bsp.a(alt_irq_vars.o)
                                        0x133 (size before relaxing)
 .debug_str     0x000000000000290a      0x113 ../rx_fluid_nios_bsp/\libhal_bsp.a(alt_load.o)
                                        0x229 (size before relaxing)
 .debug_str     0x0000000000002a1d       0x5e ../rx_fluid_nios_bsp/\libhal_bsp.a(alt_main.o)
                                        0x1a2 (size before relaxing)
 .debug_str     0x0000000000002a7b       0x74 ../rx_fluid_nios_bsp/\libhal_bsp.a(alt_write.o)
                                        0x1cb (size before relaxing)
 .debug_str     0x0000000000002aef      0x129 ../rx_fluid_nios_bsp/\libhal_bsp.a(alt_sys_init.o)
                                        0x310 (size before relaxing)
 .debug_str     0x0000000000002c18       0xde ../rx_fluid_nios_bsp/\libhal_bsp.a(altera_avalon_jtag_uart_init.o)
                                        0x356 (size before relaxing)
 .debug_str     0x0000000000002cf6       0x2c ../rx_fluid_nios_bsp/\libhal_bsp.a(altera_avalon_jtag_uart_write.o)
                                        0x2dd (size before relaxing)