Archive member included to satisfy reference by file (symbol)

f:/tools/bin/altera/15.1/nios2eds/bin/gnu/h-x86_64-mingw32/bin/../lib/gcc/nios2-elf/4.9.2\libgcc.a(_divdi3.o)
                              obj/default/average.o (__divdi3)
f:/tools/bin/altera/15.1/nios2eds/bin/gnu/h-x86_64-mingw32/bin/../lib/gcc/nios2-elf/4.9.2\libgcc.a(lib2-divmod.o)
                              obj/default/ink_ctrl.o (__divsi3)
f:/tools/bin/altera/15.1/nios2eds/bin/gnu/h-x86_64-mingw32/bin/../lib/gcc/nios2-elf/4.9.2\libgcc.a(_clz.o)
                              f:/tools/bin/altera/15.1/nios2eds/bin/gnu/h-x86_64-mingw32/bin/../lib/gcc/nios2-elf/4.9.2\libgcc.a(_divdi3.o) (__clz_tab)
f:/tools/bin/altera/15.1/nios2eds/bin/gnu/h-x86_64-mingw32/bin/../lib/gcc/nios2-elf/4.9.2/../../../../../H-x86_64-mingw32/nios2-elf/lib\libsmallc.a(lib_a-memcpy.o)
                              obj/default/comm.o (memcpy)
f:/tools/bin/altera/15.1/nios2eds/bin/gnu/h-x86_64-mingw32/bin/../lib/gcc/nios2-elf/4.9.2/../../../../../H-x86_64-mingw32/nios2-elf/lib\libsmallc.a(lib_a-memset.o)
                              obj/default/comm.o (memset)
f:/tools/bin/altera/15.1/nios2eds/bin/gnu/h-x86_64-mingw32/bin/../lib/gcc/nios2-elf/4.9.2/../../../../../H-x86_64-mingw32/nios2-elf/lib\libsmallc.a(lib_a-sprintf.o)
                              obj/default/log.o (sprintf)
f:/tools/bin/altera/15.1/nios2eds/bin/gnu/h-x86_64-mingw32/bin/../lib/gcc/nios2-elf/4.9.2/../../../../../H-x86_64-mingw32/nios2-elf/lib\libsmallc.a(lib_a-svfprintf.o)
                              f:/tools/bin/altera/15.1/nios2eds/bin/gnu/h-x86_64-mingw32/bin/../lib/gcc/nios2-elf/4.9.2/../../../../../H-x86_64-mingw32/nios2-elf/lib\libsmallc.a(lib_a-sprintf.o) (___svfprintf_internal_r)
f:/tools/bin/altera/15.1/nios2eds/bin/gnu/h-x86_64-mingw32/bin/../lib/gcc/nios2-elf/4.9.2/../../../../../H-x86_64-mingw32/nios2-elf/lib\libsmallc.a(lib_a-vprintf.o)
                              obj/default/trprintf.o (vprintf)
f:/tools/bin/altera/15.1/nios2eds/bin/gnu/h-x86_64-mingw32/bin/../lib/gcc/nios2-elf/4.9.2/../../../../../H-x86_64-mingw32/nios2-elf/lib\libsmallc.a(lib_a-fvwrite_small_dev.o)
                              f:/tools/bin/altera/15.1/nios2eds/bin/gnu/h-x86_64-mingw32/bin/../lib/gcc/nios2-elf/4.9.2/../../../../../H-x86_64-mingw32/nios2-elf/lib\libsmallc.a(lib_a-vprintf.o) (__sfvwrite_small_dev)
f:/tools/bin/altera/15.1/nios2eds/bin/gnu/h-x86_64-mingw32/bin/../lib/gcc/nios2-elf/4.9.2/../../../../../H-x86_64-mingw32/nios2-elf/lib\libsmallc.a(lib_a-fvwrite_small_str.o)
                              f:/tools/bin/altera/15.1/nios2eds/bin/gnu/h-x86_64-mingw32/bin/../lib/gcc/nios2-elf/4.9.2/../../../../../H-x86_64-mingw32/nios2-elf/lib\libsmallc.a(lib_a-sprintf.o) (__sfvwrite_small_str)
f:/tools/bin/altera/15.1/nios2eds/bin/gnu/h-x86_64-mingw32/bin/../lib/gcc/nios2-elf/4.9.2/../../../../../H-x86_64-mingw32/nios2-elf/lib\libsmallc.a(lib_a-impure.o)
                              f:/tools/bin/altera/15.1/nios2eds/bin/gnu/h-x86_64-mingw32/bin/../lib/gcc/nios2-elf/4.9.2/../../../../../H-x86_64-mingw32/nios2-elf/lib\libsmallc.a(lib_a-sprintf.o) (_impure_ptr)
f:/tools/bin/altera/15.1/nios2eds/bin/gnu/h-x86_64-mingw32/bin/../lib/gcc/nios2-elf/4.9.2/../../../../../H-x86_64-mingw32/nios2-elf/lib\libsmallc.a(lib_a-memmove.o)
                              f:/tools/bin/altera/15.1/nios2eds/bin/gnu/h-x86_64-mingw32/bin/../lib/gcc/nios2-elf/4.9.2/../../../../../H-x86_64-mingw32/nios2-elf/lib\libsmallc.a(lib_a-fvwrite_small_str.o) (memmove)
f:/tools/bin/altera/15.1/nios2eds/bin/gnu/h-x86_64-mingw32/bin/../lib/gcc/nios2-elf/4.9.2/../../../../../H-x86_64-mingw32/nios2-elf/lib\libsmallc.a(lib_a-strlen.o)
                              f:/tools/bin/altera/15.1/nios2eds/bin/gnu/h-x86_64-mingw32/bin/../lib/gcc/nios2-elf/4.9.2/../../../../../H-x86_64-mingw32/nios2-elf/lib\libsmallc.a(lib_a-svfprintf.o) (strlen)
f:/tools/bin/altera/15.1/nios2eds/bin/gnu/h-x86_64-mingw32/bin/../lib/gcc/nios2-elf/4.9.2/../../../../../H-x86_64-mingw32/nios2-elf/lib\libsmallc.a(lib_a-vfprintf.o)
                              f:/tools/bin/altera/15.1/nios2eds/bin/gnu/h-x86_64-mingw32/bin/../lib/gcc/nios2-elf/4.9.2/../../../../../H-x86_64-mingw32/nios2-elf/lib\libsmallc.a(lib_a-vprintf.o) (__vfprintf_internal)
f:/tools/bin/altera/15.1/nios2eds/bin/gnu/h-x86_64-mingw32/bin/../lib/gcc/nios2-elf/4.9.2/../../../../../H-x86_64-mingw32/nios2-elf/lib\libsmallc.a(lib_a-writer.o)
                              f:/tools/bin/altera/15.1/nios2eds/bin/gnu/h-x86_64-mingw32/bin/../lib/gcc/nios2-elf/4.9.2/../../../../../H-x86_64-mingw32/nios2-elf/lib\libsmallc.a(lib_a-fvwrite_small_dev.o) (_write_r)
f:/tools/bin/altera/15.1/nios2eds/bin/gnu/h-x86_64-mingw32/bin/../lib/gcc/nios2-elf/4.9.2/../../../../../H-x86_64-mingw32/nios2-elf/lib\libsmallc.a(lib_a-int_errno.o)
                              f:/tools/bin/altera/15.1/nios2eds/bin/gnu/h-x86_64-mingw32/bin/../lib/gcc/nios2-elf/4.9.2/../../../../../H-x86_64-mingw32/nios2-elf/lib\libsmallc.a(lib_a-writer.o) (errno)
[...]
Memory Configuration

Name             Origin             Length             Attributes
reset            0x0000000000010000 0x0000000000000020
onchip_memory_nios_cpu 0x0000000000010020 0x000000000000ffe0
onchip_memory_nios_arm 0x0000000000050000 0x0000000000008000
*default*        0x0000000000000000 0xffffffffffffffff

Linker script and memory map

LOAD ../rx_fluid_nios_bsp//obj/HAL/src/crt0.o
LOAD obj/default/AMC7891.o
LOAD obj/default/MAX31865.o
LOAD obj/default/adc_thermistor.o
LOAD obj/default/average.o
LOAD obj/default/comm.o
LOAD obj/default/fifo.o
LOAD obj/default/heater.o
LOAD obj/default/i2c.o
LOAD obj/default/ink_ctrl.o
LOAD obj/default/log.o
LOAD obj/default/main.o
LOAD obj/default/pid.o
LOAD obj/default/pres.o
LOAD obj/default/timer.o
LOAD obj/default/trprintf.o
LOAD obj/default/version.o
LOAD f:/tools/bin/altera/15.1/nios2eds/bin/gnu/h-x86_64-mingw32/bin/../lib/gcc/nios2-elf/4.9.2/../../../../../H-x86_64-mingw32/nios2-elf/lib\libstdc++.a
LOAD f:/tools/bin/altera/15.1/nios2eds/bin/gnu/h-x86_64-mingw32/bin/../lib/gcc/nios2-elf/4.9.2/../../../../../H-x86_64-mingw32/nios2-elf/lib\libm.a
LOAD f:/tools/bin/altera/15.1/nios2eds/bin/gnu/h-x86_64-mingw32/bin/../lib/gcc/nios2-elf/4.9.2\libgcc.a
START GROUP
LOAD f:/tools/bin/altera/15.1/nios2eds/bin/gnu/h-x86_64-mingw32/bin/../lib/gcc/nios2-elf/4.9.2/../../../../../H-x86_64-mingw32/nios2-elf/lib\libsmallc.a
LOAD f:/tools/bin/altera/15.1/nios2eds/bin/gnu/h-x86_64-mingw32/bin/../lib/gcc/nios2-elf/4.9.2\libgcc.a
LOAD ../rx_fluid_nios_bsp/\libhal_bsp.a
LOAD f:/tools/bin/altera/15.1/nios2eds/bin/gnu/h-x86_64-mingw32/bin/../lib/gcc/nios2-elf/4.9.2/../../../../../H-x86_64-mingw32/nios2-elf/lib\libm.a
END GROUP
LOAD f:/tools/bin/altera/15.1/nios2eds/bin/gnu/h-x86_64-mingw32/bin/../lib/gcc/nios2-elf/4.9.2\libgcc.a
                0x0000000000010000                __alt_mem_onchip_memory_nios_cpu = 0x10000
                0x0000000000050000                __alt_mem_onchip_memory_nios_arm = 0x50000

.entry          0x0000000000010000       0x20
 *(.entry)
 .entry         0x0000000000010000       0x20 ../rx_fluid_nios_bsp//obj/HAL/src/crt0.o
                0x0000000000010000                __reset
                0x000000000001001c                _exit

.exceptions     0x0000000000010020      0x16c
                0x0000000000010020                PROVIDE (__ram_exceptions_start, ABSOLUTE (.))
                0x0000000000010020                . = ALIGN (0x20)
 *(.irq)
 *(.exceptions.entry.label)
 .exceptions.entry.label
                0x0000000000010020        0x0 ../rx_fluid_nios_bsp/\libhal_bsp.a(alt_irq_entry.o)
                0x0000000000010020                alt_irq_entry
 .exceptions.entry.label
                0x0000000000010020        0x0 ../rx_fluid_nios_bsp/\libhal_bsp.a(alt_exception_entry.o)
                0x0000000000010020                alt_exception
 *(.exceptions.entry.user)
 *(.exceptions.entry.ecc_fatal)
 *(.exceptions.entry)
 .exceptions.entry
                0x0000000000010020       0x54 ../rx_fluid_nios_bsp/\libhal_bsp.a(alt_exception_entry.o)
 *(.exceptions.irqtest.user)
 *(.exceptions.irqtest)
 .exceptions.irqtest
                0x0000000000010074       0x10 ../rx_fluid_nios_bsp/\libhal_bsp.a(alt_irq_entry.o)
 *(.exceptions.irqhandler.user)
 *(.exceptions.irqhandler)
 .exceptions.irqhandler
                0x0000000000010084        0x4 ../rx_fluid_nios_bsp/\libhal_bsp.a(alt_irq_entry.o)
 *(.exceptions.irqreturn.user)
 *(.exceptions.irqreturn)
 .exceptions.irqreturn
                0x0000000000010088        0x4 ../rx_fluid_nios_bsp/\libhal_bsp.a(alt_irq_entry.o)
 *(.exceptions.notirq.label)
 .exceptions.notirq.label
                0x000000000001008c        0x0 ../rx_fluid_nios_bsp/\libhal_bsp.a(alt_irq_entry.o)
 *(.exceptions.notirq.user)
 *(.exceptions.notirq)
 .exceptions.notirq
                0x000000000001008c        0x8 ../rx_fluid_nios_bsp/\libhal_bsp.a(alt_exception_entry.o)
 *(.exceptions.soft.user)
 *(.exceptions.soft)
 *(.exceptions.unknown.user)
 *(.exceptions.unknown)
 .exceptions.unknown
                0x0000000000010094       0x14 ../rx_fluid_nios_bsp/\libhal_bsp.a(alt_exception_entry.o)
 *(.exceptions.exit.label)
 .exceptions.exit.label
                0x00000000000100a8        0x0 ../rx_fluid_nios_bsp/\libhal_bsp.a(alt_irq_entry.o)
 .exceptions.exit.label
                0x00000000000100a8        0x0 ../rx_fluid_nios_bsp/\libhal_bsp.a(alt_exception_entry.o)
 *(.exceptions.exit.user)
 *(.exceptions.exit)
 .exceptions.exit
                0x00000000000100a8       0x54 ../rx_fluid_nios_bsp/\libhal_bsp.a(alt_exception_entry.o)
 *(.exceptions)
 .exceptions    0x00000000000100fc       0x64 ../rx_fluid_nios_bsp/\libhal_bsp.a(alt_irq_handler.o)
                0x00000000000100fc                alt_irq_handler
 .exceptions    0x0000000000010160       0x2c ../rx_fluid_nios_bsp/\libhal_bsp.a(alt_instruction_exception_entry.o)
                0x0000000000010160                alt_instruction_exception_entry
                0x000000000001018c                PROVIDE (__ram_exceptions_end, ABSOLUTE (.))
                0x0000000000010020                PROVIDE (__flash_exceptions_start, LOADADDR (.exceptions))

.text           0x000000000001018c     0x8a28
                0x000000000001018c                PROVIDE (stext, ABSOLUTE (.))
 *(.interp)
 *(.hash)
 *(.dynsym)
 *(.dynstr)
 *(.gnu.version)
 *(.gnu.version_d)
 *(.gnu.version_r)
 *(.rel.init)
 *(.rela.init)
 *(.rel.text .rel.text.* .rel.gnu.linkonce.t.*)
 *(.rela.text .rela.text.* .rela.gnu.linkonce.t.*)
 *(.rel.fini)
 *(.rela.fini)
 *(.rel.rodata .rel.rodata.* .rel.gnu.linkonce.r.*)
 *(.rela.rodata .rela.rodata.* .rela.gnu.linkonce.r.*)
 *(.rel.data .rel.data.* .rel.gnu.linkonce.d.*)
 *(.rela.data .rela.data.* .rela.gnu.linkonce.d.*)
 *(.rel.tdata .rel.tdata.* .rel.gnu.linkonce.td.*)
 *(.rela.tdata .rela.tdata.* .rela.gnu.linkonce.td.*)
 *(.rel.tbss .rel.tbss.* .rel.gnu.linkonce.tb.*)
 *(.rela.tbss .rela.tbss.* .rela.gnu.linkonce.tb.*)
 *(.rel.ctors)
 *(.rela.ctors)
 *(.rel.dtors)
 *(.rela.dtors)
 *(.rel.got)
 *(.rela.got)
 *(.rel.sdata .rel.sdata.* .rel.gnu.linkonce.s.*)
 *(.rela.sdata .rela.sdata.* .rela.gnu.linkonce.s.*)
 *(.rel.sbss .rel.sbss.* .rel.gnu.linkonce.sb.*)
 *(.rela.sbss .rela.sbss.* .rela.gnu.linkonce.sb.*)
 *(.rel.sdata2 .rel.sdata2.* .rel.gnu.linkonce.s2.*)
 *(.rela.sdata2 .rela.sdata2.* .rela.gnu.linkonce.s2.*)
 *(.rel.sbss2 .rel.sbss2.* .rel.gnu.linkonce.sb2.*)
 *(.rela.sbss2 .rela.sbss2.* .rela.gnu.linkonce.sb2.*)
 *(.rel.bss .rel.bss.* .rel.gnu.linkonce.b.*)
 *(.rela.bss .rela.bss.* .rela.gnu.linkonce.b.*)
 *(.rel.plt)
 *(.rela.plt)
 *(.rel.dyn)
 *(.init)
 *(.plt)
 *(.text .stub .text.* .gnu.linkonce.t.*)
 .text          0x000000000001018c       0x3c ../rx_fluid_nios_bsp//obj/HAL/src/crt0.o
                0x000000000001018c                _start
 .text          0x00000000000101c8      0x1e4 obj/default/AMC7891.o
                0x00000000000101c8                init_AMC7891
 .text          0x00000000000103ac       0xac obj/default/MAX31865.o
                0x00000000000103ac                init_MAX31865
 .text          0x0000000000010458      0x270 obj/default/adc_thermistor.o
                0x0000000000010458                Main_adc_polling
 .text          0x00000000000106c8      0x27c obj/default/average.o
                0x00000000000106c8                selection_sort
                0x0000000000010804                average
 .text          0x0000000000010944      0x4b4 obj/default/comm.o
                0x0000000000010944                comm_init
                0x0000000000010990                comm_encode
                0x0000000000010b54                comm_received
                0x0000000000010d4c                comm_get_data
 .text          0x0000000000010df8      0x19c obj/default/fifo.o
                0x0000000000010df8                fifo_init
                0x0000000000010e30                fifo_put
                0x0000000000010ef8                fifo_get
 .text          0x0000000000010f94      0x508 obj/default/heater.o
                0x0000000000010f94                heater_init
                0x0000000000010ff0                heater_tick_10ms
                0x0000000000011474                heater_tick_1000ms
 .text          0x000000000001149c       0x58 obj/default/i2c.o
                0x000000000001149c                init_I2C
 .text          0x00000000000114f4     0x3d44 obj/default/ink_ctrl.o
                0x00000000000114f4                abs
                0x000000000001152c                ink_init
                0x0000000000011800                ink_tick_10ms
                0x0000000000013980                ink_tick_1000ms
 .text          0x0000000000015238      0x558 obj/default/log.o
                0x0000000000015238                log_init
                0x00000000000152dc                log_tick_10ms
 .text          0x0000000000015790      0x438 obj/default/main.o
                0x00000000000157cc                main_error_reset
                0x000000000001584c                main
 .text          0x0000000000015bc8      0x170 obj/default/pid.o
                0x0000000000015bc8                pid_reset
                0x0000000000015bf0                pid_calc
 .text          0x0000000000015d38      0x5b4 obj/default/pres.o
                0x0000000000015d38                pres_init
                0x000000000001624c                pres_valid
                0x0000000000016288                pres_tick_10ms
 .text          0x00000000000162ec      0x508 obj/default/timer.o
                0x00000000000162ec                timer_main
                0x0000000000016728                timer_init
 .text          0x00000000000167f4       0xa8 obj/default/trprintf.o
                0x00000000000167f4                tr_debug
                0x0000000000016818                tr_debug_on
                0x0000000000016838                trprintf
 .text          0x000000000001689c      0x16c obj/default/version.o
                0x000000000001689c                get_version
 .text          0x0000000000016a08      0x620 f:/tools/bin/altera/15.1/nios2eds/bin/gnu/h-x86_64-mingw32/bin/../lib/gcc/nios2-elf/4.9.2\libgcc.a(_divdi3.o)
                0x0000000000016a08                __divdi3
 .text          0x0000000000017028      0x12c f:/tools/bin/altera/15.1/nios2eds/bin/gnu/h-x86_64-mingw32/bin/../lib/gcc/nios2-elf/4.9.2\libgcc.a(lib2-divmod.o)
                0x0000000000017094                __divsi3
                0x00000000000170e8                __modsi3
                0x0000000000017144                __udivsi3
                0x000000000001714c                __umodsi3
 .text          0x0000000000017154        0x0 f:/tools/bin/altera/15.1/nios2eds/bin/gnu/h-x86_64-mingw32/bin/../lib/gcc/nios2-elf/4.9.2\libgcc.a(_clz.o)
 .text          0x0000000000017154        0x0 f:/tools/bin/altera/15.1/nios2eds/bin/gnu/h-x86_64-mingw32/bin/../lib/gcc/nios2-elf/4.9.2/../../../../../H-x86_64-mingw32/nios2-elf/lib\libsmallc.a(lib_a-memcpy.o)
 .text.memcpy   0x0000000000017154       0x28 f:/tools/bin/altera/15.1/nios2eds/bin/gnu/h-x86_64-mingw32/bin/../lib/gcc/nios2-elf/4.9.2/../../../../../H-x86_64-mingw32/nios2-elf/lib\libsmallc.a(lib_a-memcpy.o)
                0x0000000000017154                memcpy
 .text          0x000000000001717c        0x0 f:/tools/bin/altera/15.1/nios2eds/bin/gnu/h-x86_64-mingw32/bin/../lib/gcc/nios2-elf/4.9.2/../../../../../H-x86_64-mingw32/nios2-elf/lib\libsmallc.a(lib_a-memset.o)
 .text.memset   0x000000000001717c       0x20 f:/tools/bin/altera/15.1/nios2eds/bin/gnu/h-x86_64-mingw32/bin/../lib/gcc/nios2-elf/4.9.2/../../../../../H-x86_64-mingw32/nios2-elf/lib\libsmallc.a(lib_a-memset.o)
                0x000000000001717c                memset
 .text          0x000000000001719c        0x0 f:/tools/bin/altera/15.1/nios2eds/bin/gnu/h-x86_64-mingw32/bin/../lib/gcc/nios2-elf/4.9.2/../../../../../H-x86_64-mingw32/nios2-elf/lib\libsmallc.a(lib_a-sprintf.o)
 .text._sprintf_r
                0x000000000001719c       0x64 f:/tools/bin/altera/15.1/nios2eds/bin/gnu/h-x86_64-mingw32/bin/../lib/gcc/nios2-elf/4.9.2/../../../../../H-x86_64-mingw32/nios2-elf/lib\libsmallc.a(lib_a-sprintf.o)
                0x000000000001719c                _sprintf_r
 .text.sprintf  0x0000000000017200       0x78 f:/tools/bin/altera/15.1/nios2eds/bin/gnu/h-x86_64-mingw32/bin/../lib/gcc/nios2-elf/4.9.2/../../../../../H-x86_64-mingw32/nios2-elf/lib\libsmallc.a(lib_a-sprintf.o)
                0x0000000000017200                sprintf
 .text          0x0000000000017278        0x0 f:/tools/bin/altera/15.1/nios2eds/bin/gnu/h-x86_64-mingw32/bin/../lib/gcc/nios2-elf/4.9.2/../../../../../H-x86_64-mingw32/nios2-elf/lib\libsmallc.a(lib_a-svfprintf.o)
 .text.print_repeat
                0x0000000000017278       0x6c f:/tools/bin/altera/15.1/nios2eds/bin/gnu/h-x86_64-mingw32/bin/../lib/gcc/nios2-elf/4.9.2/../../../../../H-x86_64-mingw32/nios2-elf/lib\libsmallc.a(lib_a-svfprintf.o)
 .text.___svfprintf_internal_r
                0x00000000000172e4      0x544 f:/tools/bin/altera/15.1/nios2eds/bin/gnu/h-x86_64-mingw32/bin/../lib/gcc/nios2-elf/4.9.2/../../../../../H-x86_64-mingw32/nios2-elf/lib\libsmallc.a(lib_a-svfprintf.o)
                0x00000000000172e4                ___svfprintf_internal_r
 .text.__vfprintf_internal_unused
                0x0000000000017828       0x24 f:/tools/bin/altera/15.1/nios2eds/bin/gnu/h-x86_64-mingw32/bin/../lib/gcc/nios2-elf/4.9.2/../../../../../H-x86_64-mingw32/nios2-elf/lib\libsmallc.a(lib_a-svfprintf.o)
                0x0000000000017828                __vfprintf_internal_unused
 .text          0x000000000001784c        0x0 f:/tools/bin/altera/15.1/nios2eds/bin/gnu/h-x86_64-mingw32/bin/../lib/gcc/nios2-elf/4.9.2/../../../../../H-x86_64-mingw32/nios2-elf/lib\libsmallc.a(lib_a-vprintf.o)
 .text.vprintf  0x000000000001784c       0x30 f:/tools/bin/altera/15.1/nios2eds/bin/gnu/h-x86_64-mingw32/bin/../lib/gcc/nios2-elf/4.9.2/../../../../../H-x86_64-mingw32/nios2-elf/lib\libsmallc.a(lib_a-vprintf.o)
                0x000000000001784c                vprintf
 .text          0x000000000001787c        0x0 f:/tools/bin/altera/15.1/nios2eds/bin/gnu/h-x86_64-mingw32/bin/../lib/gcc/nios2-elf/4.9.2/../../../../../H-x86_64-mingw32/nios2-elf/lib\libsmallc.a(lib_a-fvwrite_small_dev.o)
 .text.__sfvwrite_small_dev
                0x000000000001787c       0xac f:/tools/bin/altera/15.1/nios2eds/bin/gnu/h-x86_64-mingw32/bin/../lib/gcc/nios2-elf/4.9.2/../../../../../H-x86_64-mingw32/nios2-elf/lib\libsmallc.a(lib_a-fvwrite_small_dev.o)
                0x000000000001787c                __sfvwrite_small_dev
 .text          0x0000000000017928        0x0 f:/tools/bin/altera/15.1/nios2eds/bin/gnu/h-x86_64-mingw32/bin/../lib/gcc/nios2-elf/4.9.2/../../../../../H-x86_64-mingw32/nios2-elf/lib\libsmallc.a(lib_a-fvwrite_small_str.o)
 .text.__sfvwrite_small_str
                0x0000000000017928       0x9c f:/tools/bin/altera/15.1/nios2eds/bin/gnu/h-x86_64-mingw32/bin/../lib/gcc/nios2-elf/4.9.2/../../../../../H-x86_64-mingw32/nios2-elf/lib\libsmallc.a(lib_a-fvwrite_small_str.o)
                0x0000000000017928                __sfvwrite_small_str
 .text          0x00000000000179c4        0x0 f:/tools/bin/altera/15.1/nios2eds/bin/gnu/h-x86_64-mingw32/bin/../lib/gcc/nios2-elf/4.9.2/../../../../../H-x86_64-mingw32/nios2-elf/lib\libsmallc.a(lib_a-impure.o)
 .text          0x00000000000179c4        0x0 f:/tools/bin/altera/15.1/nios2eds/bin/gnu/h-x86_64-mingw32/bin/../lib/gcc/nios2-elf/4.9.2/../../../../../H-x86_64-mingw32/nios2-elf/lib\libsmallc.a(lib_a-memmove.o)
 .text.memmove  0x00000000000179c4       0x60 f:/tools/bin/altera/15.1/nios2eds/bin/gnu/h-x86_64-mingw32/bin/../lib/gcc/nios2-elf/4.9.2/../../../../../H-x86_64-mingw32/nios2-elf/lib\libsmallc.a(lib_a-memmove.o)
                0x00000000000179c4                memmove
 .text          0x0000000000017a24        0x0 f:/tools/bin/altera/15.1/nios2eds/bin/gnu/h-x86_64-mingw32/bin/../lib/gcc/nios2-elf/4.9.2/../../../../../H-x86_64-mingw32/nios2-elf/lib\libsmallc.a(lib_a-strlen.o)
 .text.strlen   0x0000000000017a24       0x1c f:/tools/bin/altera/15.1/nios2eds/bin/gnu/h-x86_64-mingw32/bin/../lib/gcc/nios2-elf/4.9.2/../../../../../H-x86_64-mingw32/nios2-elf/lib\libsmallc.a(lib_a-strlen.o)
                0x0000000000017a24                strlen
 .text          0x0000000000017a40        0x0 f:/tools/bin/altera/15.1/nios2eds/bin/gnu/h-x86_64-mingw32/bin/../lib/gcc/nios2-elf/4.9.2/../../../../../H-x86_64-mingw32/nios2-elf/lib\libsmallc.a(lib_a-vfprintf.o)
 .text.print_repeat
                0x0000000000017a40       0x6c f:/tools/bin/altera/15.1/nios2eds/bin/gnu/h-x86_64-mingw32/bin/../lib/gcc/nios2-elf/4.9.2/../../../../../H-x86_64-mingw32/nios2-elf/lib\libsmallc.a(lib_a-vfprintf.o)
 .text.___vfprintf_internal_r
                0x0000000000017aac      0x544 f:/tools/bin/altera/15.1/nios2eds/bin/gnu/h-x86_64-mingw32/bin/../lib/gcc/nios2-elf/4.9.2/../../../../../H-x86_64-mingw32/nios2-elf/lib\libsmallc.a(lib_a-vfprintf.o)
                0x0000000000017aac                ___vfprintf_internal_r
 .text.__vfprintf_internal
                0x0000000000017ff0       0x24 f:/tools/bin/altera/15.1/nios2eds/bin/gnu/h-x86_64-mingw32/bin/../lib/gcc/nios2-elf/4.9.2/../../../../../H-x86_64-mingw32/nios2-elf/lib\libsmallc.a(lib_a-vfprintf.o)
                0x0000000000017ff0                __vfprintf_internal
 .text          0x0000000000018014        0x0 f:/tools/bin/altera/15.1/nios2eds/bin/gnu/h-x86_64-mingw32/bin/../lib/gcc/nios2-elf/4.9.2/../../../../../H-x86_64-mingw32/nios2-elf/lib\libsmallc.a(lib_a-writer.o)
 .text._write_r
                0x0000000000018014       0x58 f:/tools/bin/altera/15.1/nios2eds/bin/gnu/h-x86_64-mingw32/bin/../lib/gcc/nios2-elf/4.9.2/../../../../../H-x86_64-mingw32/nios2-elf/lib\libsmallc.a(lib_a-writer.o)
                0x0000000000018014                _write_r
 .text          0x000000000001806c        0x0 f:/tools/bin/altera/15.1/nios2eds/bin/gnu/h-x86_64-mingw32/bin/../lib/gcc/nios2-elf/4.9.2/../../../../../H-x86_64-mingw32/nios2-elf/lib\libsmallc.a(lib_a-int_errno.o)
 .text          0x000000000001806c       0x9c ../rx_fluid_nios_bsp/\libhal_bsp.a(alt_irq_register.o)
                0x000000000001806c                alt_irq_register
 .text          0x0000000000018108        0x0 ../rx_fluid_nios_bsp/\libhal_bsp.a(alt_irq_vars.o)
 .text          0x0000000000018108       0xf8 ../rx_fluid_nios_bsp/\libhal_bsp.a(alt_load.o)
                0x0000000000018108                alt_load
 .text          0x0000000000018200       0x2c ../rx_fluid_nios_bsp/\libhal_bsp.a(alt_main.o)
                0x0000000000018200                alt_main
 .text          0x000000000001822c       0x6c ../rx_fluid_nios_bsp/\libhal_bsp.a(alt_write.o)
                0x000000000001822c                write
 .text          0x0000000000018298       0x58 ../rx_fluid_nios_bsp/\libhal_bsp.a(alt_sys_init.o)
                0x0000000000018298                alt_irq_init
                0x00000000000182b8                alt_sys_init
 .text          0x00000000000182f0      0x1e8 ../rx_fluid_nios_bsp/\libhal_bsp.a(altera_avalon_jtag_uart_init.o)
                0x0000000000018428                altera_avalon_jtag_uart_init
                0x00000000000184a8                altera_avalon_jtag_uart_close
 .text          0x00000000000184d8      0x174 ../rx_fluid_nios_bsp/\libhal_bsp.a(altera_avalon_jtag_uart_write.o)
                0x00000000000184d8                altera_avalon_jtag_uart_write
 .text          0x000000000001864c       0x4c ../rx_fluid_nios_bsp/\libhal_bsp.a(altera_avalon_sysid_qsys.o)
                0x000000000001864c                alt_avalon_sysid_qsys_test
 .text          0x0000000000018698       0x8c ../rx_fluid_nios_bsp/\libhal_bsp.a(altera_avalon_timer_sc.o)
                0x00000000000186d4                alt_avalon_timer_sc_init
 .text          0x0000000000018724      0x148 ../rx_fluid_nios_bsp/\libhal_bsp.a(i2c_master.o)
                0x0000000000018724                I2C_init
                0x0000000000018778                I2C_start
                0x00000000000187c4                I2C_read
                0x0000000000018814                I2C_write
 .text          0x000000000001886c       0x94 ../rx_fluid_nios_bsp/\libhal_bsp.a(alt_alarm_start.o)
                0x000000000001886c                alt_alarm_start
 .text          0x0000000000018900        0x4 ../rx_fluid_nios_bsp/\libhal_bsp.a(alt_dcache_flush_all.o)
                0x0000000000018900                alt_dcache_flush_all
 .text          0x0000000000018904        0x0 ../rx_fluid_nios_bsp/\libhal_bsp.a(alt_errno.o)
 .text          0x0000000000018904        0xc ../rx_fluid_nios_bsp/\libhal_bsp.a(alt_icache_flush_all.o)
                0x0000000000018904                alt_icache_flush_all
 .text          0x0000000000018910       0x9c ../rx_fluid_nios_bsp/\libhal_bsp.a(alt_iic.o)
                0x0000000000018910                alt_ic_isr_register
                0x0000000000018914                alt_ic_irq_enable
                0x0000000000018954                alt_ic_irq_disable
                0x0000000000018994                alt_ic_irq_enabled
 .text          0x00000000000189ac       0x68 ../rx_fluid_nios_bsp/\libhal_bsp.a(alt_iic_isr_register.o)
                0x00000000000189ac                alt_iic_isr_register
 .text          0x0000000000018a14        0x0 ../rx_fluid_nios_bsp/\libhal_bsp.a(alt_irq_entry.o)
 .text          0x0000000000018a14        0x0 ../rx_fluid_nios_bsp/\libhal_bsp.a(alt_irq_handler.o)
 .text          0x0000000000018a14       0xec ../rx_fluid_nios_bsp/\libhal_bsp.a(alt_tick.o)
                0x0000000000018a14                alt_alarm_stop
                0x0000000000018a48                alt_tick
 .text          0x0000000000018b00        0x8 ../rx_fluid_nios_bsp/\libhal_bsp.a(altera_nios2_gen2_irq.o)
                0x0000000000018b00                altera_nios2_gen2_irq_init
 .text          0x0000000000018b08        0x0 ../rx_fluid_nios_bsp/\libhal_bsp.a(alt_exception_entry.o)
 .text          0x0000000000018b08       0x38 ../rx_fluid_nios_bsp/\libhal_bsp.a(alt_icache_flush.o)
                0x0000000000018b08                alt_icache_flush
 .text          0x0000000000018b40       0x74 ../rx_fluid_nios_bsp/\libhal_bsp.a(alt_instruction_exception_entry.o)
                0x0000000000018b40                alt_exception_cause_generated_bad_addr
 *(.gnu.warning.*)
 *(.fini)
                0x0000000000018bb4                PROVIDE (__etext, ABSOLUTE (.))
                0x0000000000018bb4                PROVIDE (_etext, ABSOLUTE (.))
                0x0000000000018bb4                PROVIDE (etext, ABSOLUTE (.))
 *(.eh_frame_hdr)
                0x0000000000018bb4                . = ALIGN (0x4)
                0x0000000000018bb4                PROVIDE (__preinit_array_start, ABSOLUTE (.))
 *(.preinit_array)
                0x0000000000018bb4                PROVIDE (__preinit_array_end, ABSOLUTE (.))
                0x0000000000018bb4                PROVIDE (__init_array_start, ABSOLUTE (.))
 *(.init_array)
                0x0000000000018bb4                PROVIDE (__init_array_end, ABSOLUTE (.))
                0x0000000000018bb4                PROVIDE (__fini_array_start, ABSOLUTE (.))
 *(.fini_array)
                0x0000000000018bb4                PROVIDE (__fini_array_end, ABSOLUTE (.))
 *(.eh_frame)
 *(.gcc_except_table .gcc_except_table.*)
 *(.dynamic)
                0x0000000000018bb4                PROVIDE (__CTOR_LIST__, ABSOLUTE (.))
 *(.ctors)
 *(SORT(.ctors.*))
                0x0000000000018bb4                PROVIDE (__CTOR_END__, ABSOLUTE (.))
                0x0000000000018bb4                PROVIDE (__DTOR_LIST__, ABSOLUTE (.))
 *(.dtors)
 *(SORT(.dtors.*))
                0x0000000000018bb4                PROVIDE (__DTOR_END__, ABSOLUTE (.))
 *(.jcr)
                0x0000000000018bb4                . = ALIGN (0x4)

.rodata         0x0000000000018bb4      0x19c
                0x0000000000018bb4                PROVIDE (__ram_rodata_start, ABSOLUTE (.))
                0x0000000000018bb4                . = ALIGN (0x4)
 *(.rodata .rodata.* .gnu.linkonce.r.*)
 .rodata        0x0000000000018bb4       0x18 obj/default/ink_ctrl.o
 .rodata        0x0000000000018bcc       0x48 obj/default/log.o
 .rodata        0x0000000000018c14       0x1c obj/default/timer.o
 .rodata        0x0000000000018c30       0x20 obj/default/version.o
                0x0000000000018c30                version
 .rodata        0x0000000000018c50      0x100 f:/tools/bin/altera/15.1/nios2eds/bin/gnu/h-x86_64-mingw32/bin/../lib/gcc/nios2-elf/4.9.2\libgcc.a(_clz.o)
                0x0000000000018c50                __clz_tab
 *(.rodata1)
                0x0000000000018d50                . = ALIGN (0x4)
                0x0000000000018d50                PROVIDE (__ram_rodata_end, ABSOLUTE (.))
                0x0000000000018bb4                PROVIDE (__flash_rodata_start, LOADADDR (.rodata))

.rwdata         0x0000000000018d50     0x131c load address 0x000000000001a06c
                0x0000000000018d50                PROVIDE (__ram_rwdata_start, ABSOLUTE (.))
                0x0000000000018d50                . = ALIGN (0x4)
 *(.got.plt)
 *(.got)
 *(.data1)
 *(.data .data.* .gnu.linkonce.d.*)
 .data          0x0000000000018d50        0x0 ../rx_fluid_nios_bsp//obj/HAL/src/crt0.o
 .data          0x0000000000018d50        0x0 obj/default/AMC7891.o
 .data          0x0000000000018d50        0x0 obj/default/MAX31865.o
 .data          0x0000000000018d50      0x1e0 obj/default/adc_thermistor.o
                0x0000000000018d50                my_table
 .data          0x0000000000018f30        0x0 obj/default/average.o
 .data          0x0000000000018f30        0x0 obj/default/comm.o
 .data          0x0000000000018f30        0x0 obj/default/fifo.o
 .data          0x0000000000018f30        0x0 obj/default/heater.o
 .data          0x0000000000018f30        0x0 obj/default/i2c.o
 .data          0x0000000000018f30        0x0 obj/default/ink_ctrl.o
 .data          0x0000000000018f30        0x0 obj/default/log.o
 .data          0x0000000000018f30        0x0 obj/default/main.o
 .data          0x0000000000018f30        0x0 obj/default/pid.o
 .data          0x0000000000018f30        0x0 obj/default/pres.o
 .data          0x0000000000018f30        0x0 obj/default/timer.o
 .data          0x0000000000018f30        0x0 obj/default/trprintf.o
 .data          0x0000000000018f30        0x0 obj/default/version.o
 .data          0x0000000000018f30        0x0 f:/tools/bin/altera/15.1/nios2eds/bin/gnu/h-x86_64-mingw32/bin/../lib/gcc/nios2-elf/4.9.2\libgcc.a(_divdi3.o)
 .data          0x0000000000018f30        0x0 f:/tools/bin/altera/15.1/nios2eds/bin/gnu/h-x86_64-mingw32/bin/../lib/gcc/nios2-elf/4.9.2\libgcc.a(lib2-divmod.o)
 .data          0x0000000000018f30        0x0 f:/tools/bin/altera/15.1/nios2eds/bin/gnu/h-x86_64-mingw32/bin/../lib/gcc/nios2-elf/4.9.2\libgcc.a(_clz.o)
 .data          0x0000000000018f30        0x0 f:/tools/bin/altera/15.1/nios2eds/bin/gnu/h-x86_64-mingw32/bin/../lib/gcc/nios2-elf/4.9.2/../../../../../H-x86_64-mingw32/nios2-elf/lib\libsmallc.a(lib_a-memcpy.o)
 .data          0x0000000000018f30        0x0 f:/tools/bin/altera/15.1/nios2eds/bin/gnu/h-x86_64-mingw32/bin/../lib/gcc/nios2-elf/4.9.2/../../../../../H-x86_64-mingw32/nios2-elf/lib\libsmallc.a(lib_a-memset.o)
 .data          0x0000000000018f30        0x0 f:/tools/bin/altera/15.1/nios2eds/bin/gnu/h-x86_64-mingw32/bin/../lib/gcc/nios2-elf/4.9.2/../../../../../H-x86_64-mingw32/nios2-elf/lib\libsmallc.a(lib_a-sprintf.o)
 .data          0x0000000000018f30        0x0 f:/tools/bin/altera/15.1/nios2eds/bin/gnu/h-x86_64-mingw32/bin/../lib/gcc/nios2-elf/4.9.2/../../../../../H-x86_64-mingw32/nios2-elf/lib\libsmallc.a(lib_a-svfprintf.o)
 .data          0x0000000000018f30        0x0 f:/tools/bin/altera/15.1/nios2eds/bin/gnu/h-x86_64-mingw32/bin/../lib/gcc/nios2-elf/4.9.2/../../../../../H-x86_64-mingw32/nios2-elf/lib\libsmallc.a(lib_a-vprintf.o)
 .data          0x0000000000018f30        0x0 f:/tools/bin/altera/15.1/nios2eds/bin/gnu/h-x86_64-mingw32/bin/../lib/gcc/nios2-elf/4.9.2/../../../../../H-x86_64-mingw32/nios2-elf/lib\libsmallc.a(lib_a-fvwrite_small_dev.o)
 .data          0x0000000000018f30        0x0 f:/tools/bin/altera/15.1/nios2eds/bin/gnu/h-x86_64-mingw32/bin/../lib/gcc/nios2-elf/4.9.2/../../../../../H-x86_64-mingw32/nios2-elf/lib\libsmallc.a(lib_a-fvwrite_small_str.o)
 .data          0x0000000000018f30        0x0 f:/tools/bin/altera/15.1/nios2eds/bin/gnu/h-x86_64-mingw32/bin/../lib/gcc/nios2-elf/4.9.2/../../../../../H-x86_64-mingw32/nios2-elf/lib\libsmallc.a(lib_a-impure.o)
 .data.impure_data
                0x0000000000018f30       0xe0 f:/tools/bin/altera/15.1/nios2eds/bin/gnu/h-x86_64-mingw32/bin/../lib/gcc/nios2-elf/4.9.2/../../../../../H-x86_64-mingw32/nios2-elf/lib\libsmallc.a(lib_a-impure.o)
 .data          0x0000000000019010        0x0 f:/tools/bin/altera/15.1/nios2eds/bin/gnu/h-x86_64-mingw32/bin/../lib/gcc/nios2-elf/4.9.2/../../../../../H-x86_64-mingw32/nios2-elf/lib\libsmallc.a(lib_a-memmove.o)
 .data          0x0000000000019010        0x0 f:/tools/bin/altera/15.1/nios2eds/bin/gnu/h-x86_64-mingw32/bin/../lib/gcc/nios2-elf/4.9.2/../../../../../H-x86_64-mingw32/nios2-elf/lib\libsmallc.a(lib_a-strlen.o)
 .data          0x0000000000019010        0x0 f:/tools/bin/altera/15.1/nios2eds/bin/gnu/h-x86_64-mingw32/bin/../lib/gcc/nios2-elf/4.9.2/../../../../../H-x86_64-mingw32/nios2-elf/lib\libsmallc.a(lib_a-vfprintf.o)
 .data          0x0000000000019010        0x0 f:/tools/bin/altera/15.1/nios2eds/bin/gnu/h-x86_64-mingw32/bin/../lib/gcc/nios2-elf/4.9.2/../../../../../H-x86_64-mingw32/nios2-elf/lib\libsmallc.a(lib_a-writer.o)
 .data          0x0000000000019010        0x0 f:/tools/bin/altera/15.1/nios2eds/bin/gnu/h-x86_64-mingw32/bin/../lib/gcc/nios2-elf/4.9.2/../../../../../H-x86_64-mingw32/nios2-elf/lib\libsmallc.a(lib_a-int_errno.o)
 .data          0x0000000000019010        0x0 ../rx_fluid_nios_bsp/\libhal_bsp.a(alt_irq_register.o)
 .data          0x0000000000019010        0x0 ../rx_fluid_nios_bsp/\libhal_bsp.a(alt_irq_vars.o)
 .data          0x0000000000019010        0x0 ../rx_fluid_nios_bsp/\libhal_bsp.a(alt_load.o)
 .data          0x0000000000019010        0x0 ../rx_fluid_nios_bsp/\libhal_bsp.a(alt_main.o)
 .data          0x0000000000019010        0x0 ../rx_fluid_nios_bsp/\libhal_bsp.a(alt_write.o)
 .data          0x0000000000019010     0x1038 ../rx_fluid_nios_bsp/\libhal_bsp.a(alt_sys_init.o)
                0x0000000000019010                jtag_uart
 .data          0x000000000001a048        0x0 ../rx_fluid_nios_bsp/\libhal_bsp.a(altera_avalon_jtag_uart_init.o)
 .data          0x000000000001a048        0x0 ../rx_fluid_nios_bsp/\libhal_bsp.a(altera_avalon_jtag_uart_write.o)
 .data          0x000000000001a048        0x0 ../rx_fluid_nios_bsp/\libhal_bsp.a(altera_avalon_sysid_qsys.o)
 .data          0x000000000001a048        0x0 ../rx_fluid_nios_bsp/\libhal_bsp.a(altera_avalon_timer_sc.o)
 .data          0x000000000001a048        0x0 ../rx_fluid_nios_bsp/\libhal_bsp.a(i2c_master.o)
 .data          0x000000000001a048        0x0 ../rx_fluid_nios_bsp/\libhal_bsp.a(alt_alarm_start.o)
 .data          0x000000000001a048        0x0 ../rx_fluid_nios_bsp/\libhal_bsp.a(alt_dcache_flush_all.o)
 .data          0x000000000001a048        0x0 ../rx_fluid_nios_bsp/\libhal_bsp.a(alt_errno.o)
 .data          0x000000000001a048        0x0 ../rx_fluid_nios_bsp/\libhal_bsp.a(alt_icache_flush_all.o)
 .data          0x000000000001a048        0x0 ../rx_fluid_nios_bsp/\libhal_bsp.a(alt_iic.o)
 .data          0x000000000001a048        0x0 ../rx_fluid_nios_bsp/\libhal_bsp.a(alt_iic_isr_register.o)
 .data          0x000000000001a048        0x0 ../rx_fluid_nios_bsp/\libhal_bsp.a(alt_irq_entry.o)
 .data          0x000000000001a048        0x0 ../rx_fluid_nios_bsp/\libhal_bsp.a(alt_irq_handler.o)
 .data          0x000000000001a048        0x0 ../rx_fluid_nios_bsp/\libhal_bsp.a(alt_tick.o)
 .data          0x000000000001a048        0x0 ../rx_fluid_nios_bsp/\libhal_bsp.a(altera_nios2_gen2_irq.o)
 .data          0x000000000001a048        0x0 ../rx_fluid_nios_bsp/\libhal_bsp.a(alt_exception_entry.o)
 .data          0x000000000001a048        0x0 ../rx_fluid_nios_bsp/\libhal_bsp.a(alt_icache_flush.o)
 .data          0x000000000001a048        0x0 ../rx_fluid_nios_bsp/\libhal_bsp.a(alt_instruction_exception_entry.o)
                0x0000000000022048                _gp = ABSOLUTE ((. + 0x8000))
                0x0000000000022048                PROVIDE (gp, _gp)
 *(.rwdata .rwdata.*)
 *(.sdata .sdata.* .gnu.linkonce.s.*)
 .sdata         0x000000000001a048        0x4 obj/default/main.o
 .sdata         0x000000000001a04c        0x8 obj/default/timer.o
 .sdata._global_impure_ptr
                0x000000000001a054        0x4 f:/tools/bin/altera/15.1/nios2eds/bin/gnu/h-x86_64-mingw32/bin/../lib/gcc/nios2-elf/4.9.2/../../../../../H-x86_64-mingw32/nios2-elf/lib\libsmallc.a(lib_a-impure.o)
                0x000000000001a054                _global_impure_ptr
 .sdata._impure_ptr
                0x000000000001a058        0x4 f:/tools/bin/altera/15.1/nios2eds/bin/gnu/h-x86_64-mingw32/bin/../lib/gcc/nios2-elf/4.9.2/../../../../../H-x86_64-mingw32/nios2-elf/lib\libsmallc.a(lib_a-impure.o)
                0x000000000001a058                _impure_ptr
 .sdata         0x000000000001a05c        0x4 ../rx_fluid_nios_bsp/\libhal_bsp.a(alt_irq_vars.o)
                0x000000000001a05c                alt_priority_mask
 .sdata         0x000000000001a060        0x4 ../rx_fluid_nios_bsp/\libhal_bsp.a(alt_errno.o)
                0x000000000001a060                alt_errno
 .sdata         0x000000000001a064        0x8 ../rx_fluid_nios_bsp/\libhal_bsp.a(alt_tick.o)
                0x000000000001a064                alt_alarm_list
 *(.sdata2 .sdata2.* .gnu.linkonce.s2.*)
                0x000000000001a06c                . = ALIGN (0x4)
                0x000000000001a06c                _edata = ABSOLUTE (.)
                0x000000000001a06c                PROVIDE (edata, ABSOLUTE (.))
                0x000000000001a06c                PROVIDE (__ram_rwdata_end, ABSOLUTE (.))
                0x000000000001a06c                PROVIDE (__flash_rwdata_start, LOADADDR (.rwdata))

.bss            0x000000000001b388      0xdbc
                0x000000000001b388                __bss_start = ABSOLUTE (.)
                0x000000000001b388                PROVIDE (__sbss_start, ABSOLUTE (.))
                0x000000000001b388                PROVIDE (___sbss_start, ABSOLUTE (.))
 *(.dynsbss)
 *(.sbss .sbss.* .gnu.linkonce.sb.*)
 .sbss          0x000000000001b388       0x1c obj/default/ink_ctrl.o
 .sbss          0x000000000001b3a4        0x8 obj/default/ink_ctrl.o
                0x000000000001b3a4                _PumpOFFTime
                0x000000000001b3a8                _PumpBeforeOFF
 .sbss          0x000000000001b3ac        0x4 obj/default/log.o
 .sbss          0x000000000001b3b0       0x10 obj/default/main.o
                0x000000000001b3b8                pRX_Status
                0x000000000001b3bc                pRX_Config
 .sbss          0x000000000001b3c0       0x10 obj/default/timer.o
 .sbss          0x000000000001b3d0        0x4 obj/default/trprintf.o
 .sbss          0x000000000001b3d4        0x4 f:/tools/bin/altera/15.1/nios2eds/bin/gnu/h-x86_64-mingw32/bin/../lib/gcc/nios2-elf/4.9.2/../../../../../H-x86_64-mingw32/nios2-elf/lib\libsmallc.a(lib_a-int_errno.o)
                0x000000000001b3d4                errno
 .sbss          0x000000000001b3d8        0x4 ../rx_fluid_nios_bsp/\libhal_bsp.a(alt_irq_vars.o)
                0x000000000001b3d8                alt_irq_active
 .sbss          0x000000000001b3dc        0xc ../rx_fluid_nios_bsp/\libhal_bsp.a(alt_main.o)
                0x000000000001b3dc                alt_envp
                0x000000000001b3e0                alt_argv
                0x000000000001b3e4                alt_argc
 .sbss          0x000000000001b3e8        0x8 ../rx_fluid_nios_bsp/\libhal_bsp.a(i2c_master.o)
 .sbss          0x000000000001b3f0        0x8 ../rx_fluid_nios_bsp/\libhal_bsp.a(alt_tick.o)
                0x000000000001b3f0                _alt_nticks
                0x000000000001b3f4                _alt_tick_rate
 .sbss          0x000000000001b3f8        0x4 ../rx_fluid_nios_bsp/\libhal_bsp.a(alt_instruction_exception_entry.o)
                0x000000000001b3f8                alt_instruction_exception_handler
 *(.sbss2 .sbss2.* .gnu.linkonce.sb2.*)
 *(.scommon)
                0x000000000001b3fc                PROVIDE (__sbss_end, ABSOLUTE (.))
                0x000000000001b3fc                PROVIDE (___sbss_end, ABSOLUTE (.))
 *(.dynbss)
 *(.bss .bss.* .gnu.linkonce.b.*)
 .bss           0x000000000001b3fc        0x0 ../rx_fluid_nios_bsp//obj/HAL/src/crt0.o
 .bss           0x000000000001b3fc        0x0 obj/default/AMC7891.o
 .bss           0x000000000001b3fc        0x0 obj/default/MAX31865.o
 .bss           0x000000000001b3fc        0x0 obj/default/adc_thermistor.o
 .bss           0x000000000001b3fc        0x0 obj/default/average.o
 .bss           0x000000000001b3fc      0x830 obj/default/comm.o
 .bss           0x000000000001bc2c        0x0 obj/default/fifo.o
 .bss           0x000000000001bc2c        0x0 obj/default/heater.o
 .bss           0x000000000001bc2c        0x0 obj/default/i2c.o
 .bss           0x000000000001bc2c      0x280 obj/default/ink_ctrl.o
 .bss           0x000000000001beac        0x0 obj/default/log.o
 .bss           0x000000000001beac        0x0 obj/default/main.o
 .bss           0x000000000001beac        0x0 obj/default/pid.o
 .bss           0x000000000001beac      0x188 obj/default/pres.o
 .bss           0x000000000001c034       0x10 obj/default/timer.o
 .bss           0x000000000001c044        0x0 obj/default/trprintf.o
 .bss           0x000000000001c044        0x0 obj/default/version.o
 .bss           0x000000000001c044        0x0 f:/tools/bin/altera/15.1/nios2eds/bin/gnu/h-x86_64-mingw32/bin/../lib/gcc/nios2-elf/4.9.2\libgcc.a(_divdi3.o)
 .bss           0x000000000001c044        0x0 f:/tools/bin/altera/15.1/nios2eds/bin/gnu/h-x86_64-mingw32/bin/../lib/gcc/nios2-elf/4.9.2\libgcc.a(lib2-divmod.o)
 .bss           0x000000000001c044        0x0 f:/tools/bin/altera/15.1/nios2eds/bin/gnu/h-x86_64-mingw32/bin/../lib/gcc/nios2-elf/4.9.2\libgcc.a(_clz.o)
 .bss           0x000000000001c044        0x0 f:/tools/bin/altera/15.1/nios2eds/bin/gnu/h-x86_64-mingw32/bin/../lib/gcc/nios2-elf/4.9.2/../../../../../H-x86_64-mingw32/nios2-elf/lib\libsmallc.a(lib_a-memcpy.o)
 .bss           0x000000000001c044        0x0 f:/tools/bin/altera/15.1/nios2eds/bin/gnu/h-x86_64-mingw32/bin/../lib/gcc/nios2-elf/4.9.2/../../../../../H-x86_64-mingw32/nios2-elf/lib\libsmallc.a(lib_a-memset.o)
 .bss           0x000000000001c044        0x0 f:/tools/bin/altera/15.1/nios2eds/bin/gnu/h-x86_64-mingw32/bin/../lib/gcc/nios2-elf/4.9.2/../../../../../H-x86_64-mingw32/nios2-elf/lib\libsmallc.a(lib_a-sprintf.o)
 .bss           0x000000000001c044        0x0 f:/tools/bin/altera/15.1/nios2eds/bin/gnu/h-x86_64-mingw32/bin/../lib/gcc/nios2-elf/4.9.2/../../../../../H-x86_64-mingw32/nios2-elf/lib\libsmallc.a(lib_a-svfprintf.o)
 .bss           0x000000000001c044        0x0 f:/tools/bin/altera/15.1/nios2eds/bin/gnu/h-x86_64-mingw32/bin/../lib/gcc/nios2-elf/4.9.2/../../../../../H-x86_64-mingw32/nios2-elf/lib\libsmallc.a(lib_a-vprintf.o)
 .bss           0x000000000001c044        0x0 f:/tools/bin/altera/15.1/nios2eds/bin/gnu/h-x86_64-mingw32/bin/../lib/gcc/nios2-elf/4.9.2/../../../../../H-x86_64-mingw32/nios2-elf/lib\libsmallc.a(lib_a-fvwrite_small_dev.o)
 .bss           0x000000000001c044        0x0 f:/tools/bin/altera/15.1/nios2eds/bin/gnu/h-x86_64-mingw32/bin/../lib/gcc/nios2-elf/4.9.2/../../../../../H-x86_64-mingw32/nios2-elf/lib\libsmallc.a(lib_a-fvwrite_small_str.o)
 .bss           0x000000000001c044        0x0 f:/tools/bin/altera/15.1/nios2eds/bin/gnu/h-x86_64-mingw32/bin/../lib/gcc/nios2-elf/4.9.2/../../../../../H-x86_64-mingw32/nios2-elf/lib\libsmallc.a(lib_a-impure.o)
 .bss           0x000000000001c044        0x0 f:/tools/bin/altera/15.1/nios2eds/bin/gnu/h-x86_64-mingw32/bin/../lib/gcc/nios2-elf/4.9.2/../../../../../H-x86_64-mingw32/nios2-elf/lib\libsmallc.a(lib_a-memmove.o)
 .bss           0x000000000001c044        0x0 f:/tools/bin/altera/15.1/nios2eds/bin/gnu/h-x86_64-mingw32/bin/../lib/gcc/nios2-elf/4.9.2/../../../../../H-x86_64-mingw32/nios2-elf/lib\libsmallc.a(lib_a-strlen.o)
 .bss           0x000000000001c044        0x0 f:/tools/bin/altera/15.1/nios2eds/bin/gnu/h-x86_64-mingw32/bin/../lib/gcc/nios2-elf/4.9.2/../../../../../H-x86_64-mingw32/nios2-elf/lib\libsmallc.a(lib_a-vfprintf.o)
 .bss           0x000000000001c044        0x0 f:/tools/bin/altera/15.1/nios2eds/bin/gnu/h-x86_64-mingw32/bin/../lib/gcc/nios2-elf/4.9.2/../../../../../H-x86_64-mingw32/nios2-elf/lib\libsmallc.a(lib_a-writer.o)
 .bss           0x000000000001c044        0x0 f:/tools/bin/altera/15.1/nios2eds/bin/gnu/h-x86_64-mingw32/bin/../lib/gcc/nios2-elf/4.9.2/../../../../../H-x86_64-mingw32/nios2-elf/lib\libsmallc.a(lib_a-int_errno.o)
 .bss           0x000000000001c044        0x0 ../rx_fluid_nios_bsp/\libhal_bsp.a(alt_irq_register.o)
 .bss           0x000000000001c044        0x0 ../rx_fluid_nios_bsp/\libhal_bsp.a(alt_irq_vars.o)
 .bss           0x000000000001c044        0x0 ../rx_fluid_nios_bsp/\libhal_bsp.a(alt_load.o)
 .bss           0x000000000001c044        0x0 ../rx_fluid_nios_bsp/\libhal_bsp.a(alt_main.o)
 .bss           0x000000000001c044        0x0 ../rx_fluid_nios_bsp/\libhal_bsp.a(alt_write.o)
 .bss           0x000000000001c044        0x0 ../rx_fluid_nios_bsp/\libhal_bsp.a(alt_sys_init.o)
 .bss           0x000000000001c044        0x0 ../rx_fluid_nios_bsp/\libhal_bsp.a(altera_avalon_jtag_uart_init.o)
 .bss           0x000000000001c044        0x0 ../rx_fluid_nios_bsp/\libhal_bsp.a(altera_avalon_jtag_uart_write.o)
 .bss           0x000000000001c044        0x0 ../rx_fluid_nios_bsp/\libhal_bsp.a(altera_avalon_sysid_qsys.o)
 .bss           0x000000000001c044        0x0 ../rx_fluid_nios_bsp/\libhal_bsp.a(altera_avalon_timer_sc.o)
 .bss           0x000000000001c044        0x0 ../rx_fluid_nios_bsp/\libhal_bsp.a(i2c_master.o)
 .bss           0x000000000001c044        0x0 ../rx_fluid_nios_bsp/\libhal_bsp.a(alt_alarm_start.o)
 .bss           0x000000000001c044        0x0 ../rx_fluid_nios_bsp/\libhal_bsp.a(alt_dcache_flush_all.o)
 .bss           0x000000000001c044        0x0 ../rx_fluid_nios_bsp/\libhal_bsp.a(alt_errno.o)
 .bss           0x000000000001c044        0x0 ../rx_fluid_nios_bsp/\libhal_bsp.a(alt_icache_flush_all.o)
 .bss           0x000000000001c044        0x0 ../rx_fluid_nios_bsp/\libhal_bsp.a(alt_iic.o)
 .bss           0x000000000001c044        0x0 ../rx_fluid_nios_bsp/\libhal_bsp.a(alt_iic_isr_register.o)
 .bss           0x000000000001c044        0x0 ../rx_fluid_nios_bsp/\libhal_bsp.a(alt_irq_entry.o)
 .bss           0x000000000001c044        0x0 ../rx_fluid_nios_bsp/\libhal_bsp.a(alt_irq_handler.o)
 .bss           0x000000000001c044        0x0 ../rx_fluid_nios_bsp/\libhal_bsp.a(alt_tick.o)
 .bss           0x000000000001c044        0x0 ../rx_fluid_nios_bsp/\libhal_bsp.a(altera_nios2_gen2_irq.o)
 .bss           0x000000000001c044        0x0 ../rx_fluid_nios_bsp/\libhal_bsp.a(alt_exception_entry.o)
 .bss           0x000000000001c044        0x0 ../rx_fluid_nios_bsp/\libhal_bsp.a(alt_icache_flush.o)
 .bss           0x000000000001c044        0x0 ../rx_fluid_nios_bsp/\libhal_bsp.a(alt_instruction_exception_entry.o)
 *(COMMON)
 COMMON         0x000000000001c044      0x100 ../rx_fluid_nios_bsp/\libhal_bsp.a(alt_irq_handler.o)
                0x000000000001c044                alt_irq
                0x000000000001c144                . = ALIGN (0x4)
                0x000000000001c144                __bss_end = ABSOLUTE (.)

.onchip_memory_nios_cpu
                0x000000000001c144        0x0
                0x000000000001c144                PROVIDE (_alt_partition_onchip_memory_nios_cpu_start, ABSOLUTE (.))
 *(.onchip_memory_nios_cpu .onchip_memory_nios_cpu. onchip_memory_nios_cpu.*)
                0x000000000001c144                . = ALIGN (0x4)
                0x000000000001c144                PROVIDE (_alt_partition_onchip_memory_nios_cpu_end, ABSOLUTE (.))
                0x000000000001c144                _end = ABSOLUTE (.)
                0x000000000001c144                end = ABSOLUTE (.)
                0x000000000001c144                __alt_stack_base = ABSOLUTE (.)
                0x000000000001c144                PROVIDE (_alt_partition_onchip_memory_nios_cpu_load_addr, LOADADDR (.onchip_memory_nios_cpu))

.onchip_memory_nios_arm
                0x0000000000050000        0x0 load address 0x000000000001c144
                0x0000000000050000                PROVIDE (_alt_partition_onchip_memory_nios_arm_start, ABSOLUTE (.))
 *(.onchip_memory_nios_arm .onchip_memory_nios_arm. onchip_memory_nios_arm.*)
                0x0000000000050000                . = ALIGN (0x4)
                0x0000000000050000                PROVIDE (_alt_partition_onchip_memory_nios_arm_end, ABSOLUTE (.))
                0x000000000001c144                PROVIDE (_alt_partition_onchip_memory_nios_arm_load_addr, LOADADDR (.onchip_memory_nios_arm))

.stab
 *(.stab)

.stabstr
 *(.stabstr)

.stab.excl
 *(.stab.excl)

.stab.exclstr
 *(.stab.exclstr)

.stab.index
 *(.stab.index)

.stab.indexstr
 *(.stab.indexstr)

.comment        0x0000000000000000       0x23
 *(.comment)
 .comment       0x0000000000000000       0x23 obj/default/AMC7891.o
                                         0x24 (size before relaxing)
 .comment       0x0000000000000000       0x24 obj/default/MAX31865.o
 .comment       0x0000000000000000       0x24 obj/default/adc_thermistor.o
 .comment       0x0000000000000000       0x24 obj/default/average.o
 .comment       0x0000000000000000       0x24 obj/default/comm.o
 .comment       0x0000000000000000       0x24 obj/default/fifo.o
 .comment       0x0000000000000000       0x24 obj/default/heater.o
 .comment       0x0000000000000000       0x24 obj/default/i2c.o
 .comment       0x0000000000000000       0x24 obj/default/ink_ctrl.o
 .comment       0x0000000000000000       0x24 obj/default/log.o
 .comment       0x0000000000000000       0x24 obj/default/main.o
 .comment       0x0000000000000000       0x24 obj/default/pid.o
 .comment       0x0000000000000000       0x24 obj/default/pres.o
 .comment       0x0000000000000000       0x24 obj/default/timer.o
 .comment       0x0000000000000000       0x24 obj/default/trprintf.o
 .comment       0x0000000000000000       0x24 obj/default/version.o
 .comment       0x0000000000000000       0x24 f:/tools/bin/altera/15.1/nios2eds/bin/gnu/h-x86_64-mingw32/bin/../lib/gcc/nios2-elf/4.9.2\libgcc.a(_divdi3.o)
 .comment       0x0000000000000000       0x24 f:/tools/bin/altera/15.1/nios2eds/bin/gnu/h-x86_64-mingw32/bin/../lib/gcc/nios2-elf/4.9.2\libgcc.a(lib2-divmod.o)
 .comment       0x0000000000000000       0x24 f:/tools/bin/altera/15.1/nios2eds/bin/gnu/h-x86_64-mingw32/bin/../lib/gcc/nios2-elf/4.9.2\libgcc.a(_clz.o)
 .comment       0x0000000000000000       0x24 f:/tools/bin/altera/15.1/nios2eds/bin/gnu/h-x86_64-mingw32/bin/../lib/gcc/nios2-elf/4.9.2/../../../../../H-x86_64-mingw32/nios2-elf/lib\libsmallc.a(lib_a-memcpy.o)
 .comment       0x0000000000000000       0x24 f:/tools/bin/altera/15.1/nios2eds/bin/gnu/h-x86_64-mingw32/bin/../lib/gcc/nios2-elf/4.9.2/../../../../../H-x86_64-mingw32/nios2-elf/lib\libsmallc.a(lib_a-memset.o)
 .comment       0x0000000000000000       0x24 f:/tools/bin/altera/15.1/nios2eds/bin/gnu/h-x86_64-mingw32/bin/../lib/gcc/nios2-elf/4.9.2/../../../../../H-x86_64-mingw32/nios2-elf/lib\libsmallc.a(lib_a-sprintf.o)
 .comment       0x0000000000000000       0x24 f:/tools/bin/altera/15.1/nios2eds/bin/gnu/h-x86_64-mingw32/bin/../lib/gcc/nios2-elf/4.9.2/../../../../../H-x86_64-mingw32/nios2-elf/lib\libsmallc.a(lib_a-svfprintf.o)
 .comment       0x0000000000000000       0x24 f:/tools/bin/altera/15.1/nios2eds/bin/gnu/h-x86_64-mingw32/bin/../lib/gcc/nios2-elf/4.9.2/../../../../../H-x86_64-mingw32/nios2-elf/lib\libsmallc.a(lib_a-vprintf.o)
 .comment       0x0000000000000000       0x24 f:/tools/bin/altera/15.1/nios2eds/bin/gnu/h-x86_64-mingw32/bin/../lib/gcc/nios2-elf/4.9.2/../../../../../H-x86_64-mingw32/nios2-elf/lib\libsmallc.a(lib_a-fvwrite_small_dev.o)
 .comment       0x0000000000000000       0x24 f:/tools/bin/altera/15.1/nios2eds/bin/gnu/h-x86_64-mingw32/bin/../lib/gcc/nios2-elf/4.9.2/../../../../../H-x86_64-mingw32/nios2-elf/lib\libsmallc.a(lib_a-fvwrite_small_str.o)
 .comment       0x0000000000000000       0x24 f:/tools/bin/altera/15.1/nios2eds/bin/gnu/h-x86_64-mingw32/bin/../lib/gcc/nios2-elf/4.9.2/../../../../../H-x86_64-mingw32/nios2-elf/lib\libsmallc.a(lib_a-impure.o)
 .comment       0x0000000000000000       0x24 f:/tools/bin/altera/15.1/nios2eds/bin/gnu/h-x86_64-mingw32/bin/../lib/gcc/nios2-elf/4.9.2/../../../../../H-x86_64-mingw32/nios2-elf/lib\libsmallc.a(lib_a-memmove.o)
 .comment       0x0000000000000000       0x24 f:/tools/bin/altera/15.1/nios2eds/bin/gnu/h-x86_64-mingw32/bin/../lib/gcc/nios2-elf/4.9.2/../../../../../H-x86_64-mingw32/nios2-elf/lib\libsmallc.a(lib_a-strlen.o)
 .comment       0x0000000000000000       0x24 f:/tools/bin/altera/15.1/nios2eds/bin/gnu/h-x86_64-mingw32/bin/../lib/gcc/nios2-elf/4.9.2/../../../../../H-x86_64-mingw32/nios2-elf/lib\libsmallc.a(lib_a-vfprintf.o)
 .comment       0x0000000000000000       0x24 f:/tools/bin/altera/15.1/nios2eds/bin/gnu/h-x86_64-mingw32/bin/../lib/gcc/nios2-elf/4.9.2/../../../../../H-x86_64-mingw32/nios2-elf/lib\libsmallc.a(lib_a-writer.o)
 .comment       0x0000000000000000       0x24 f:/tools/bin/altera/15.1/nios2eds/bin/gnu/h-x86_64-mingw32/bin/../lib/gcc/nios2-elf/4.9.2/../../../../../H-x86_64-mingw32/nios2-elf/lib\libsmallc.a(lib_a-int_errno.o)
 .comment       0x0000000000000000       0x24 ../rx_fluid_nios_bsp/\libhal_bsp.a(alt_irq_register.o)
 .comment       0x0000000000000000       0x24 ../rx_fluid_nios_bsp/\libhal_bsp.a(alt_irq_vars.o)
 .comment       0x0000000000000000       0x24 ../rx_fluid_nios_bsp/\libhal_bsp.a(alt_load.o)
 .comment       0x0000000000000000       0x24 ../rx_fluid_nios_bsp/\libhal_bsp.a(alt_main.o)
 .comment       0x0000000000000000       0x24 ../rx_fluid_nios_bsp/\libhal_bsp.a(alt_write.o)
 .comment       0x0000000000000000       0x24 ../rx_fluid_nios_bsp/\libhal_bsp.a(alt_sys_init.o)
 .comment       0x0000000000000000       0x24 ../rx_fluid_nios_bsp/\libhal_bsp.a(altera_avalon_jtag_uart_init.o)
 .comment       0x0000000000000000       0x24 ../rx_fluid_nios_bsp/\libhal_bsp.a(altera_avalon_jtag_uart_write.o)
 .comment       0x0000000000000000       0x24 ../rx_fluid_nios_bsp/\libhal_bsp.a(altera_avalon_sysid_qsys.o)
 .comment       0x0000000000000000       0x24 ../rx_fluid_nios_bsp/\libhal_bsp.a(altera_avalon_timer_sc.o)
 .comment       0x0000000000000000       0x24 ../rx_fluid_nios_bsp/\libhal_bsp.a(i2c_master.o)
 .comment       0x0000000000000000       0x24 ../rx_fluid_nios_bsp/\libhal_bsp.a(alt_alarm_start.o)
 .comment       0x0000000000000000       0x24 ../rx_fluid_nios_bsp/\libhal_bsp.a(alt_dcache_flush_all.o)
 .comment       0x0000000000000000       0x24 ../rx_fluid_nios_bsp/\libhal_bsp.a(alt_errno.o)
 .comment       0x0000000000000000       0x24 ../rx_fluid_nios_bsp/\libhal_bsp.a(alt_icache_flush_all.o)
 .comment       0x0000000000000000       0x24 ../rx_fluid_nios_bsp/\libhal_bsp.a(alt_iic.o)
 .comment       0x0000000000000000       0x24 ../rx_fluid_nios_bsp/\libhal_bsp.a(alt_iic_isr_register.o)
 .comment       0x0000000000000000       0x24 ../rx_fluid_nios_bsp/\libhal_bsp.a(alt_irq_handler.o)
 .comment       0x0000000000000000       0x24 ../rx_fluid_nios_bsp/\libhal_bsp.a(alt_tick.o)
 .comment       0x0000000000000000       0x24 ../rx_fluid_nios_bsp/\libhal_bsp.a(altera_nios2_gen2_irq.o)
 .comment       0x0000000000000000       0x24 ../rx_fluid_nios_bsp/\libhal_bsp.a(alt_icache_flush.o)
 .comment       0x0000000000000000       0x24 ../rx_fluid_nios_bsp/\libhal_bsp.a(alt_instruction_exception_entry.o)

.debug
 *(.debug)

.line
 *(.line)

.debug_srcinfo
 *(.debug_srcinfo)

.debug_sfnames
 *(.debug_sfnames)

.debug_aranges  0x0000000000000000      0x758
 *(.debug_aranges)
 .debug_aranges
                0x0000000000000000       0x28 ../rx_fluid_nios_bsp//obj/HAL/src/crt0.o
 .debug_aranges
                0x0000000000000028       0x20 obj/default/AMC7891.o
 .debug_aranges
                0x0000000000000048       0x20 obj/default/MAX31865.o
 .debug_aranges
                0x0000000000000068       0x20 obj/default/adc_thermistor.o
 .debug_aranges
                0x0000000000000088       0x20 obj/default/average.o
 .debug_aranges
                0x00000000000000a8       0x20 obj/default/comm.o
 .debug_aranges
                0x00000000000000c8       0x20 obj/default/fifo.o
 .debug_aranges
                0x00000000000000e8       0x20 obj/default/heater.o
 .debug_aranges
                0x0000000000000108       0x20 obj/default/i2c.o
 .debug_aranges
                0x0000000000000128       0x20 obj/default/ink_ctrl.o
 .debug_aranges
                0x0000000000000148       0x20 obj/default/log.o
 .debug_aranges
                0x0000000000000168       0x20 obj/default/main.o
 .debug_aranges
                0x0000000000000188       0x20 obj/default/pid.o
 .debug_aranges
                0x00000000000001a8       0x20 obj/default/pres.o
 .debug_aranges
                0x00000000000001c8       0x20 obj/default/timer.o
 .debug_aranges
                0x00000000000001e8       0x20 obj/default/trprintf.o
 .debug_aranges
                0x0000000000000208       0x20 obj/default/version.o
 .debug_aranges
                0x0000000000000228       0x20 f:/tools/bin/altera/15.1/nios2eds/bin/gnu/h-x86_64-mingw32/bin/../lib/gcc/nios2-elf/4.9.2\libgcc.a(_divdi3.o)
 .debug_aranges
                0x0000000000000248       0x20 f:/tools/bin/altera/15.1/nios2eds/bin/gnu/h-x86_64-mingw32/bin/../lib/gcc/nios2-elf/4.9.2\libgcc.a(lib2-divmod.o)
 .debug_aranges
                0x0000000000000268       0x18 f:/tools/bin/altera/15.1/nios2eds/bin/gnu/h-x86_64-mingw32/bin/../lib/gcc/nios2-elf/4.9.2\libgcc.a(_clz.o)
 .debug_aranges
                0x0000000000000280       0x20 f:/tools/bin/altera/15.1/nios2eds/bin/gnu/h-x86_64-mingw32/bin/../lib/gcc/nios2-elf/4.9.2/../../../../../H-x86_64-mingw32/nios2-elf/lib\libsmallc.a(lib_a-memcpy.o)
 .debug_aranges
                0x00000000000002a0       0x20 f:/tools/bin/altera/15.1/nios2eds/bin/gnu/h-x86_64-mingw32/bin/../lib/gcc/nios2-elf/4.9.2/../../../../../H-x86_64-mingw32/nios2-elf/lib\libsmallc.a(lib_a-memset.o)
 .debug_aranges
                0x00000000000002c0       0x28 f:/tools/bin/altera/15.1/nios2eds/bin/gnu/h-x86_64-mingw32/bin/../lib/gcc/nios2-elf/4.9.2/../../../../../H-x86_64-mingw32/nios2-elf/lib\libsmallc.a(lib_a-sprintf.o)
 .debug_aranges
                0x00000000000002e8       0x30 f:/tools/bin/altera/15.1/nios2eds/bin/gnu/h-x86_64-mingw32/bin/../lib/gcc/nios2-elf/4.9.2/../../../../../H-x86_64-mingw32/nios2-elf/lib\libsmallc.a(lib_a-svfprintf.o)
 .debug_aranges
                0x0000000000000318       0x20 f:/tools/bin/altera/15.1/nios2eds/bin/gnu/h-x86_64-mingw32/bin/../lib/gcc/nios2-elf/4.9.2/../../../../../H-x86_64-mingw32/nios2-elf/lib\libsmallc.a(lib_a-vprintf.o)
 .debug_aranges
                0x0000000000000338       0x20 f:/tools/bin/altera/15.1/nios2eds/bin/gnu/h-x86_64-mingw32/bin/../lib/gcc/nios2-elf/4.9.2/../../../../../H-x86_64-mingw32/nios2-elf/lib\libsmallc.a(lib_a-fvwrite_small_dev.o)
 .debug_aranges
                0x0000000000000358       0x20 f:/tools/bin/altera/15.1/nios2eds/bin/gnu/h-x86_64-mingw32/bin/../lib/gcc/nios2-elf/4.9.2/../../../../../H-x86_64-mingw32/nios2-elf/lib\libsmallc.a(lib_a-fvwrite_small_str.o)
 .debug_aranges
                0x0000000000000378       0x18 f:/tools/bin/altera/15.1/nios2eds/bin/gnu/h-x86_64-mingw32/bin/../lib/gcc/nios2-elf/4.9.2/../../../../../H-x86_64-mingw32/nios2-elf/lib\libsmallc.a(lib_a-impure.o)
 .debug_aranges
                0x0000000000000390       0x20 f:/tools/bin/altera/15.1/nios2eds/bin/gnu/h-x86_64-mingw32/bin/../lib/gcc/nios2-elf/4.9.2/../../../../../H-x86_64-mingw32/nios2-elf/lib\libsmallc.a(lib_a-memmove.o)
 .debug_aranges
                0x00000000000003b0       0x20 f:/tools/bin/altera/15.1/nios2eds/bin/gnu/h-x86_64-mingw32/bin/../lib/gcc/nios2-elf/4.9.2/../../../../../H-x86_64-mingw32/nios2-elf/lib\libsmallc.a(lib_a-strlen.o)
 .debug_aranges
                0x00000000000003d0       0x30 f:/tools/bin/altera/15.1/nios2eds/bin/gnu/h-x86_64-mingw32/bin/../lib/gcc/nios2-elf/4.9.2/../../../../../H-x86_64-mingw32/nios2-elf/lib\libsmallc.a(lib_a-vfprintf.o)
 .debug_aranges
                0x0000000000000400       0x20 f:/tools/bin/altera/15.1/nios2eds/bin/gnu/h-x86_64-mingw32/bin/../lib/gcc/nios2-elf/4.9.2/../../../../../H-x86_64-mingw32/nios2-elf/lib\libsmallc.a(lib_a-writer.o)
 .debug_aranges
                0x0000000000000420       0x18 f:/tools/bin/altera/15.1/nios2eds/bin/gnu/h-x86_64-mingw32/bin/../lib/gcc/nios2-elf/4.9.2/../../../../../H-x86_64-mingw32/nios2-elf/lib\libsmallc.a(lib_a-int_errno.o)
 .debug_aranges
                0x0000000000000438       0x20 ../rx_fluid_nios_bsp/\libhal_bsp.a(alt_irq_register.o)
 .debug_aranges
                0x0000000000000458       0x18 ../rx_fluid_nios_bsp/\libhal_bsp.a(alt_irq_vars.o)
 .debug_aranges
                0x0000000000000470       0x20 ../rx_fluid_nios_bsp/\libhal_bsp.a(alt_load.o)
 .debug_aranges
                0x0000000000000490       0x20 ../rx_fluid_nios_bsp/\libhal_bsp.a(alt_main.o)
 .debug_aranges
                0x00000000000004b0       0x20 ../rx_fluid_nios_bsp/\libhal_bsp.a(alt_write.o)
 .debug_aranges
                0x00000000000004d0       0x20 ../rx_fluid_nios_bsp/\libhal_bsp.a(alt_sys_init.o)
 .debug_aranges
                0x00000000000004f0       0x20 ../rx_fluid_nios_bsp/\libhal_bsp.a(altera_avalon_jtag_uart_init.o)
 .debug_aranges
                0x0000000000000510       0x20 ../rx_fluid_nios_bsp/\libhal_bsp.a(altera_avalon_jtag_uart_write.o)
 .debug_aranges
                0x0000000000000530       0x20 ../rx_fluid_nios_bsp/\libhal_bsp.a(altera_avalon_sysid_qsys.o)
 .debug_aranges
                0x0000000000000550       0x20 ../rx_fluid_nios_bsp/\libhal_bsp.a(altera_avalon_timer_sc.o)
 .debug_aranges
                0x0000000000000570       0x20 ../rx_fluid_nios_bsp/\libhal_bsp.a(i2c_master.o)
 .debug_aranges
                0x0000000000000590       0x20 ../rx_fluid_nios_bsp/\libhal_bsp.a(alt_alarm_start.o)
 .debug_aranges
                0x00000000000005b0       0x20 ../rx_fluid_nios_bsp/\libhal_bsp.a(alt_dcache_flush_all.o)
 .debug_aranges
                0x00000000000005d0       0x18 ../rx_fluid_nios_bsp/\libhal_bsp.a(alt_errno.o)
 .debug_aranges
                0x00000000000005e8       0x20 ../rx_fluid_nios_bsp/\libhal_bsp.a(alt_icache_flush_all.o)
 .debug_aranges
                0x0000000000000608       0x20 ../rx_fluid_nios_bsp/\libhal_bsp.a(alt_iic.o)
 .debug_aranges
                0x0000000000000628       0x20 ../rx_fluid_nios_bsp/\libhal_bsp.a(alt_iic_isr_register.o)
 .debug_aranges
                0x0000000000000648       0x30 ../rx_fluid_nios_bsp/\libhal_bsp.a(alt_irq_entry.o)
 .debug_aranges
                0x0000000000000678       0x20 ../rx_fluid_nios_bsp/\libhal_bsp.a(alt_irq_handler.o)
 .debug_aranges
                0x0000000000000698       0x20 ../rx_fluid_nios_bsp/\libhal_bsp.a(alt_tick.o)
 .debug_aranges
                0x00000000000006b8       0x20 ../rx_fluid_nios_bsp/\libhal_bsp.a(altera_nios2_gen2_irq.o)
 .debug_aranges
                0x00000000000006d8       0x38 ../rx_fluid_nios_bsp/\libhal_bsp.a(alt_exception_entry.o)
 .debug_aranges
                0x0000000000000710       0x20 ../rx_fluid_nios_bsp/\libhal_bsp.a(alt_icache_flush.o)
 .debug_aranges
                0x0000000000000730       0x28 ../rx_fluid_nios_bsp/\libhal_bsp.a(alt_instruction_exception_entry.o)

.debug_pubnames
 *(.debug_pubnames)

.debug_info     0x0000000000000000     0xd8df
 *(.debug_info .gnu.linkonce.wi.*)
 .debug_info    0x0000000000000000       0x73 ../rx_fluid_nios_bsp//obj/HAL/src/crt0.o
 .debug_info    0x0000000000000073      0x12e obj/default/AMC7891.o
 .debug_info    0x00000000000001a1      0x110 obj/default/MAX31865.o
 .debug_info    0x00000000000002b1      0x193 obj/default/adc_thermistor.o
 .debug_info    0x0000000000000444      0x153 obj/default/average.o
 .debug_info    0x0000000000000597      0x282 obj/default/comm.o
 .debug_info    0x0000000000000819      0x19b obj/default/fifo.o
 .debug_info    0x00000000000009b4      0xd33 obj/default/heater.o
 .debug_info    0x00000000000016e7      0x105 obj/default/i2c.o
 .debug_info    0x00000000000017ec     0x125c obj/default/ink_ctrl.o
 .debug_info    0x0000000000002a48      0xceb obj/default/log.o
 .debug_info    0x0000000000003733      0xdff obj/default/main.o
 .debug_info    0x0000000000004532      0x15d obj/default/pid.o
 .debug_info    0x000000000000468f      0xa18 obj/default/pres.o
 .debug_info    0x00000000000050a7      0xe40 obj/default/timer.o
 .debug_info    0x0000000000005ee7      0x126 obj/default/trprintf.o
 .debug_info    0x000000000000600d      0x15f obj/default/version.o
 .debug_info    0x000000000000616c      0x741 f:/tools/bin/altera/15.1/nios2eds/bin/gnu/h-x86_64-mingw32/bin/../lib/gcc/nios2-elf/4.9.2\libgcc.a(_divdi3.o)
 .debug_info    0x00000000000068ad      0x234 f:/tools/bin/altera/15.1/nios2eds/bin/gnu/h-x86_64-mingw32/bin/../lib/gcc/nios2-elf/4.9.2\libgcc.a(lib2-divmod.o)
 .debug_info    0x0000000000006ae1       0xab f:/tools/bin/altera/15.1/nios2eds/bin/gnu/h-x86_64-mingw32/bin/../lib/gcc/nios2-elf/4.9.2\libgcc.a(_clz.o)
 .debug_info    0x0000000000006b8c      0x106 f:/tools/bin/altera/15.1/nios2eds/bin/gnu/h-x86_64-mingw32/bin/../lib/gcc/nios2-elf/4.9.2/../../../../../H-x86_64-mingw32/nios2-elf/lib\libsmallc.a(lib_a-memcpy.o)
 .debug_info    0x0000000000006c92       0xd5 f:/tools/bin/altera/15.1/nios2eds/bin/gnu/h-x86_64-mingw32/bin/../lib/gcc/nios2-elf/4.9.2/../../../../../H-x86_64-mingw32/nios2-elf/lib\libsmallc.a(lib_a-memset.o)
 .debug_info    0x0000000000006d67      0x7ca f:/tools/bin/altera/15.1/nios2eds/bin/gnu/h-x86_64-mingw32/bin/../lib/gcc/nios2-elf/4.9.2/../../../../../H-x86_64-mingw32/nios2-elf/lib\libsmallc.a(lib_a-sprintf.o)
 .debug_info    0x0000000000007531      0xb38 f:/tools/bin/altera/15.1/nios2eds/bin/gnu/h-x86_64-mingw32/bin/../lib/gcc/nios2-elf/4.9.2/../../../../../H-x86_64-mingw32/nios2-elf/lib\libsmallc.a(lib_a-svfprintf.o)
 .debug_info    0x0000000000008069      0x632 f:/tools/bin/altera/15.1/nios2eds/bin/gnu/h-x86_64-mingw32/bin/../lib/gcc/nios2-elf/4.9.2/../../../../../H-x86_64-mingw32/nios2-elf/lib\libsmallc.a(lib_a-vprintf.o)
 .debug_info    0x000000000000869b      0x656 f:/tools/bin/altera/15.1/nios2eds/bin/gnu/h-x86_64-mingw32/bin/../lib/gcc/nios2-elf/4.9.2/../../../../../H-x86_64-mingw32/nios2-elf/lib\libsmallc.a(lib_a-fvwrite_small_dev.o)
 .debug_info    0x0000000000008cf1      0x710 f:/tools/bin/altera/15.1/nios2eds/bin/gnu/h-x86_64-mingw32/bin/../lib/gcc/nios2-elf/4.9.2/../../../../../H-x86_64-mingw32/nios2-elf/lib\libsmallc.a(lib_a-fvwrite_small_str.o)
 .debug_info    0x0000000000009401      0x5a7 f:/tools/bin/altera/15.1/nios2eds/bin/gnu/h-x86_64-mingw32/bin/../lib/gcc/nios2-elf/4.9.2/../../../../../H-x86_64-mingw32/nios2-elf/lib\libsmallc.a(lib_a-impure.o)
 .debug_info    0x00000000000099a8      0x104 f:/tools/bin/altera/15.1/nios2eds/bin/gnu/h-x86_64-mingw32/bin/../lib/gcc/nios2-elf/4.9.2/../../../../../H-x86_64-mingw32/nios2-elf/lib\libsmallc.a(lib_a-memmove.o)
 .debug_info    0x0000000000009aac       0xc2 f:/tools/bin/altera/15.1/nios2eds/bin/gnu/h-x86_64-mingw32/bin/../lib/gcc/nios2-elf/4.9.2/../../../../../H-x86_64-mingw32/nios2-elf/lib\libsmallc.a(lib_a-strlen.o)
 .debug_info    0x0000000000009b6e      0xb38 f:/tools/bin/altera/15.1/nios2eds/bin/gnu/h-x86_64-mingw32/bin/../lib/gcc/nios2-elf/4.9.2/../../../../../H-x86_64-mingw32/nios2-elf/lib\libsmallc.a(lib_a-vfprintf.o)
 .debug_info    0x000000000000a6a6      0x639 f:/tools/bin/altera/15.1/nios2eds/bin/gnu/h-x86_64-mingw32/bin/../lib/gcc/nios2-elf/4.9.2/../../../../../H-x86_64-mingw32/nios2-elf/lib\libsmallc.a(lib_a-writer.o)
 .debug_info    0x000000000000acdf       0x83 f:/tools/bin/altera/15.1/nios2eds/bin/gnu/h-x86_64-mingw32/bin/../lib/gcc/nios2-elf/4.9.2/../../../../../H-x86_64-mingw32/nios2-elf/lib\libsmallc.a(lib_a-int_errno.o)
 .debug_info    0x000000000000ad62      0x307 ../rx_fluid_nios_bsp/\libhal_bsp.a(alt_irq_register.o)
 .debug_info    0x000000000000b069       0x88 ../rx_fluid_nios_bsp/\libhal_bsp.a(alt_irq_vars.o)
 .debug_info    0x000000000000b0f1      0x1ba ../rx_fluid_nios_bsp/\libhal_bsp.a(alt_load.o)
 .debug_info    0x000000000000b2ab      0x17b ../rx_fluid_nios_bsp/\libhal_bsp.a(alt_main.o)
 .debug_info    0x000000000000b426      0x1d5 ../rx_fluid_nios_bsp/\libhal_bsp.a(alt_write.o)
 .debug_info    0x000000000000b5fb      0x31e ../rx_fluid_nios_bsp/\libhal_bsp.a(alt_sys_init.o)
 .debug_info    0x000000000000b919      0x439 ../rx_fluid_nios_bsp/\libhal_bsp.a(altera_avalon_jtag_uart_init.o)
 .debug_info    0x000000000000bd52      0x374 ../rx_fluid_nios_bsp/\libhal_bsp.a(altera_avalon_jtag_uart_write.o)
 .debug_info    0x000000000000c0c6       0xaf ../rx_fluid_nios_bsp/\libhal_bsp.a(altera_avalon_sysid_qsys.o)
 .debug_info    0x000000000000c175      0x2a6 ../rx_fluid_nios_bsp/\libhal_bsp.a(altera_avalon_timer_sc.o)
 .debug_info    0x000000000000c41b      0x1bc ../rx_fluid_nios_bsp/\libhal_bsp.a(i2c_master.o)
 .debug_info    0x000000000000c5d7      0x2c5 ../rx_fluid_nios_bsp/\libhal_bsp.a(alt_alarm_start.o)
 .debug_info    0x000000000000c89c       0x8b ../rx_fluid_nios_bsp/\libhal_bsp.a(alt_dcache_flush_all.o)
 .debug_info    0x000000000000c927       0x9f ../rx_fluid_nios_bsp/\libhal_bsp.a(alt_errno.o)
 .debug_info    0x000000000000c9c6       0xc5 ../rx_fluid_nios_bsp/\libhal_bsp.a(alt_icache_flush_all.o)
 .debug_info    0x000000000000ca8b      0x39d ../rx_fluid_nios_bsp/\libhal_bsp.a(alt_iic.o)
 .debug_info    0x000000000000ce28      0x249 ../rx_fluid_nios_bsp/\libhal_bsp.a(alt_iic_isr_register.o)
 .debug_info    0x000000000000d071       0x7c ../rx_fluid_nios_bsp/\libhal_bsp.a(alt_irq_entry.o)
 .debug_info    0x000000000000d0ed      0x185 ../rx_fluid_nios_bsp/\libhal_bsp.a(alt_irq_handler.o)
 .debug_info    0x000000000000d272      0x2a0 ../rx_fluid_nios_bsp/\libhal_bsp.a(alt_tick.o)
 .debug_info    0x000000000000d512       0x8b ../rx_fluid_nios_bsp/\libhal_bsp.a(altera_nios2_gen2_irq.o)
 .debug_info    0x000000000000d59d       0x82 ../rx_fluid_nios_bsp/\libhal_bsp.a(alt_exception_entry.o)
 .debug_info    0x000000000000d61f       0xd7 ../rx_fluid_nios_bsp/\libhal_bsp.a(alt_icache_flush.o)
 .debug_info    0x000000000000d6f6      0x1e9 ../rx_fluid_nios_bsp/\libhal_bsp.a(alt_instruction_exception_entry.o)

.debug_abbrev   0x0000000000000000     0x3dfb
 *(.debug_abbrev)
 .debug_abbrev  0x0000000000000000       0x12 ../rx_fluid_nios_bsp//obj/HAL/src/crt0.o
 .debug_abbrev  0x0000000000000012       0xbf obj/default/AMC7891.o
 .debug_abbrev  0x00000000000000d1       0x9f obj/default/MAX31865.o
 .debug_abbrev  0x0000000000000170       0xf8 obj/default/adc_thermistor.o
 .debug_abbrev  0x0000000000000268       0xb2 obj/default/average.o
 .debug_abbrev  0x000000000000031a      0x12a obj/default/comm.o
 .debug_abbrev  0x0000000000000444       0xe5 obj/default/fifo.o
 .debug_abbrev  0x0000000000000529      0x17c obj/default/heater.o
 .debug_abbrev  0x00000000000006a5       0x9f obj/default/i2c.o
 .debug_abbrev  0x0000000000000744      0x20a obj/default/ink_ctrl.o
 .debug_abbrev  0x000000000000094e      0x16e obj/default/log.o
 .debug_abbrev  0x0000000000000abc      0x1cd obj/default/main.o
 .debug_abbrev  0x0000000000000c89       0xc8 obj/default/pid.o
 .debug_abbrev  0x0000000000000d51      0x191 obj/default/pres.o
 .debug_abbrev  0x0000000000000ee2      0x1c4 obj/default/timer.o
 .debug_abbrev  0x00000000000010a6       0xd9 obj/default/trprintf.o
 .debug_abbrev  0x000000000000117f       0xc0 obj/default/version.o
 .debug_abbrev  0x000000000000123f      0x176 f:/tools/bin/altera/15.1/nios2eds/bin/gnu/h-x86_64-mingw32/bin/../lib/gcc/nios2-elf/4.9.2\libgcc.a(_divdi3.o)
 .debug_abbrev  0x00000000000013b5       0xd9 f:/tools/bin/altera/15.1/nios2eds/bin/gnu/h-x86_64-mingw32/bin/../lib/gcc/nios2-elf/4.9.2\libgcc.a(lib2-divmod.o)
 .debug_abbrev  0x000000000000148e       0x5d f:/tools/bin/altera/15.1/nios2eds/bin/gnu/h-x86_64-mingw32/bin/../lib/gcc/nios2-elf/4.9.2\libgcc.a(_clz.o)
 .debug_abbrev  0x00000000000014eb       0xa4 f:/tools/bin/altera/15.1/nios2eds/bin/gnu/h-x86_64-mingw32/bin/../lib/gcc/nios2-elf/4.9.2/../../../../../H-x86_64-mingw32/nios2-elf/lib\libsmallc.a(lib_a-memcpy.o)
 .debug_abbrev  0x000000000000158f       0x8e f:/tools/bin/altera/15.1/nios2eds/bin/gnu/h-x86_64-mingw32/bin/../lib/gcc/nios2-elf/4.9.2/../../../../../H-x86_64-mingw32/nios2-elf/lib\libsmallc.a(lib_a-memset.o)
 .debug_abbrev  0x000000000000161d      0x1d1 f:/tools/bin/altera/15.1/nios2eds/bin/gnu/h-x86_64-mingw32/bin/../lib/gcc/nios2-elf/4.9.2/../../../../../H-x86_64-mingw32/nios2-elf/lib\libsmallc.a(lib_a-sprintf.o)
 .debug_abbrev  0x00000000000017ee      0x2a1 f:/tools/bin/altera/15.1/nios2eds/bin/gnu/h-x86_64-mingw32/bin/../lib/gcc/nios2-elf/4.9.2/../../../../../H-x86_64-mingw32/nios2-elf/lib\libsmallc.a(lib_a-svfprintf.o)
 .debug_abbrev  0x0000000000001a8f      0x1af f:/tools/bin/altera/15.1/nios2eds/bin/gnu/h-x86_64-mingw32/bin/../lib/gcc/nios2-elf/4.9.2/../../../../../H-x86_64-mingw32/nios2-elf/lib\libsmallc.a(lib_a-vprintf.o)
 .debug_abbrev  0x0000000000001c3e      0x1c3 f:/tools/bin/altera/15.1/nios2eds/bin/gnu/h-x86_64-mingw32/bin/../lib/gcc/nios2-elf/4.9.2/../../../../../H-x86_64-mingw32/nios2-elf/lib\libsmallc.a(lib_a-fvwrite_small_dev.o)
 .debug_abbrev  0x0000000000001e01      0x1bc f:/tools/bin/altera/15.1/nios2eds/bin/gnu/h-x86_64-mingw32/bin/../lib/gcc/nios2-elf/4.9.2/../../../../../H-x86_64-mingw32/nios2-elf/lib\libsmallc.a(lib_a-fvwrite_small_str.o)
 .debug_abbrev  0x0000000000001fbd      0x14a f:/tools/bin/altera/15.1/nios2eds/bin/gnu/h-x86_64-mingw32/bin/../lib/gcc/nios2-elf/4.9.2/../../../../../H-x86_64-mingw32/nios2-elf/lib\libsmallc.a(lib_a-impure.o)
 .debug_abbrev  0x0000000000002107       0x8d f:/tools/bin/altera/15.1/nios2eds/bin/gnu/h-x86_64-mingw32/bin/../lib/gcc/nios2-elf/4.9.2/../../../../../H-x86_64-mingw32/nios2-elf/lib\libsmallc.a(lib_a-memmove.o)
 .debug_abbrev  0x0000000000002194       0x7f f:/tools/bin/altera/15.1/nios2eds/bin/gnu/h-x86_64-mingw32/bin/../lib/gcc/nios2-elf/4.9.2/../../../../../H-x86_64-mingw32/nios2-elf/lib\libsmallc.a(lib_a-strlen.o)
 .debug_abbrev  0x0000000000002213      0x2a1 f:/tools/bin/altera/15.1/nios2eds/bin/gnu/h-x86_64-mingw32/bin/../lib/gcc/nios2-elf/4.9.2/../../../../../H-x86_64-mingw32/nios2-elf/lib\libsmallc.a(lib_a-vfprintf.o)
 .debug_abbrev  0x00000000000024b4      0x1a8 f:/tools/bin/altera/15.1/nios2eds/bin/gnu/h-x86_64-mingw32/bin/../lib/gcc/nios2-elf/4.9.2/../../../../../H-x86_64-mingw32/nios2-elf/lib\libsmallc.a(lib_a-writer.o)
 .debug_abbrev  0x000000000000265c       0x37 f:/tools/bin/altera/15.1/nios2eds/bin/gnu/h-x86_64-mingw32/bin/../lib/gcc/nios2-elf/4.9.2/../../../../../H-x86_64-mingw32/nios2-elf/lib\libsmallc.a(lib_a-int_errno.o)
 .debug_abbrev  0x0000000000002693      0x18f ../rx_fluid_nios_bsp/\libhal_bsp.a(alt_irq_register.o)
 .debug_abbrev  0x0000000000002822       0x40 ../rx_fluid_nios_bsp/\libhal_bsp.a(alt_irq_vars.o)
 .debug_abbrev  0x0000000000002862       0xd8 ../rx_fluid_nios_bsp/\libhal_bsp.a(alt_load.o)
 .debug_abbrev  0x000000000000293a      0x120 ../rx_fluid_nios_bsp/\libhal_bsp.a(alt_main.o)
 .debug_abbrev  0x0000000000002a5a      0x130 ../rx_fluid_nios_bsp/\libhal_bsp.a(alt_write.o)
 .debug_abbrev  0x0000000000002b8a      0x172 ../rx_fluid_nios_bsp/\libhal_bsp.a(alt_sys_init.o)
 .debug_abbrev  0x0000000000002cfc      0x209 ../rx_fluid_nios_bsp/\libhal_bsp.a(altera_avalon_jtag_uart_init.o)
 .debug_abbrev  0x0000000000002f05      0x1e2 ../rx_fluid_nios_bsp/\libhal_bsp.a(altera_avalon_jtag_uart_write.o)
 .debug_abbrev  0x00000000000030e7       0x55 ../rx_fluid_nios_bsp/\libhal_bsp.a(altera_avalon_sysid_qsys.o)
 .debug_abbrev  0x000000000000313c      0x1ad ../rx_fluid_nios_bsp/\libhal_bsp.a(altera_avalon_timer_sc.o)
 .debug_abbrev  0x00000000000032e9       0xd2 ../rx_fluid_nios_bsp/\libhal_bsp.a(i2c_master.o)
 .debug_abbrev  0x00000000000033bb      0x187 ../rx_fluid_nios_bsp/\libhal_bsp.a(alt_alarm_start.o)
 .debug_abbrev  0x0000000000003542       0x42 ../rx_fluid_nios_bsp/\libhal_bsp.a(alt_dcache_flush_all.o)
 .debug_abbrev  0x0000000000003584       0x5a ../rx_fluid_nios_bsp/\libhal_bsp.a(alt_errno.o)
 .debug_abbrev  0x00000000000035de       0x8a ../rx_fluid_nios_bsp/\libhal_bsp.a(alt_icache_flush_all.o)
 .debug_abbrev  0x0000000000003668      0x17d ../rx_fluid_nios_bsp/\libhal_bsp.a(alt_iic.o)
 .debug_abbrev  0x00000000000037e5      0x1a6 ../rx_fluid_nios_bsp/\libhal_bsp.a(alt_iic_isr_register.o)
 .debug_abbrev  0x000000000000398b       0x12 ../rx_fluid_nios_bsp/\libhal_bsp.a(alt_irq_entry.o)
 .debug_abbrev  0x000000000000399d      0x122 ../rx_fluid_nios_bsp/\libhal_bsp.a(alt_irq_handler.o)
 .debug_abbrev  0x0000000000003abf      0x180 ../rx_fluid_nios_bsp/\libhal_bsp.a(alt_tick.o)
 .debug_abbrev  0x0000000000003c3f       0x42 ../rx_fluid_nios_bsp/\libhal_bsp.a(altera_nios2_gen2_irq.o)
 .debug_abbrev  0x0000000000003c81       0x12 ../rx_fluid_nios_bsp/\libhal_bsp.a(alt_exception_entry.o)
 .debug_abbrev  0x0000000000003c93       0x9b ../rx_fluid_nios_bsp/\libhal_bsp.a(alt_icache_flush.o)
 .debug_abbrev  0x0000000000003d2e       0xcd ../rx_fluid_nios_bsp/\libhal_bsp.a(alt_instruction_exception_entry.o)

.debug_line     0x0000000000000000     0x4269
 *(.debug_line)
 .debug_line    0x0000000000000000       0x6c ../rx_fluid_nios_bsp//obj/HAL/src/crt0.o
 .debug_line    0x000000000000006c      0x109 obj/default/AMC7891.o
 .debug_line    0x0000000000000175      0x107 obj/default/MAX31865.o
 .debug_line    0x000000000000027c       0xb5 obj/default/adc_thermistor.o
 .debug_line    0x0000000000000331       0xc6 obj/default/average.o
 .debug_line    0x00000000000003f7       0xfb obj/default/comm.o
 .debug_line    0x00000000000004f2       0xa7 obj/default/fifo.o
 .debug_line    0x0000000000000599      0x120 obj/default/heater.o
 .debug_line    0x00000000000006b9       0xd8 obj/default/i2c.o
 .debug_line    0x0000000000000791      0x68d obj/default/ink_ctrl.o
 .debug_line    0x0000000000000e1e      0x12e obj/default/log.o
 .debug_line    0x0000000000000f4c      0x1ba obj/default/main.o
 .debug_line    0x0000000000001106       0xa6 obj/default/pid.o
 .debug_line    0x00000000000011ac      0x136 obj/default/pres.o
 .debug_line    0x00000000000012e2      0x19d obj/default/timer.o
 .debug_line    0x000000000000147f       0xb3 obj/default/trprintf.o
 .debug_line    0x0000000000001532       0xaa obj/default/version.o
 .debug_line    0x00000000000015dc      0x14e f:/tools/bin/altera/15.1/nios2eds/bin/gnu/h-x86_64-mingw32/bin/../lib/gcc/nios2-elf/4.9.2\libgcc.a(_divdi3.o)
 .debug_line    0x000000000000172a       0xc4 f:/tools/bin/altera/15.1/nios2eds/bin/gnu/h-x86_64-mingw32/bin/../lib/gcc/nios2-elf/4.9.2\libgcc.a(lib2-divmod.o)
 .debug_line    0x00000000000017ee       0x53 f:/tools/bin/altera/15.1/nios2eds/bin/gnu/h-x86_64-mingw32/bin/../lib/gcc/nios2-elf/4.9.2\libgcc.a(_clz.o)
 .debug_line    0x0000000000001841      0x15b f:/tools/bin/altera/15.1/nios2eds/bin/gnu/h-x86_64-mingw32/bin/../lib/gcc/nios2-elf/4.9.2/../../../../../H-x86_64-mingw32/nios2-elf/lib\libsmallc.a(lib_a-memcpy.o)
 .debug_line    0x000000000000199c      0x15a f:/tools/bin/altera/15.1/nios2eds/bin/gnu/h-x86_64-mingw32/bin/../lib/gcc/nios2-elf/4.9.2/../../../../../H-x86_64-mingw32/nios2-elf/lib\libsmallc.a(lib_a-memset.o)
 .debug_line    0x0000000000001af6      0x213 f:/tools/bin/altera/15.1/nios2eds/bin/gnu/h-x86_64-mingw32/bin/../lib/gcc/nios2-elf/4.9.2/../../../../../H-x86_64-mingw32/nios2-elf/lib\libsmallc.a(lib_a-sprintf.o)
 .debug_line    0x0000000000001d09      0x353 f:/tools/bin/altera/15.1/nios2eds/bin/gnu/h-x86_64-mingw32/bin/../lib/gcc/nios2-elf/4.9.2/../../../../../H-x86_64-mingw32/nios2-elf/lib\libsmallc.a(lib_a-svfprintf.o)
 .debug_line    0x000000000000205c      0x1ed f:/tools/bin/altera/15.1/nios2eds/bin/gnu/h-x86_64-mingw32/bin/../lib/gcc/nios2-elf/4.9.2/../../../../../H-x86_64-mingw32/nios2-elf/lib\libsmallc.a(lib_a-vprintf.o)
 .debug_line    0x0000000000002249      0x1ef f:/tools/bin/altera/15.1/nios2eds/bin/gnu/h-x86_64-mingw32/bin/../lib/gcc/nios2-elf/4.9.2/../../../../../H-x86_64-mingw32/nios2-elf/lib\libsmallc.a(lib_a-fvwrite_small_dev.o)
 .debug_line    0x0000000000002438      0x1fb f:/tools/bin/altera/15.1/nios2eds/bin/gnu/h-x86_64-mingw32/bin/../lib/gcc/nios2-elf/4.9.2/../../../../../H-x86_64-mingw32/nios2-elf/lib\libsmallc.a(lib_a-fvwrite_small_str.o)
 .debug_line    0x0000000000002633      0x153 f:/tools/bin/altera/15.1/nios2eds/bin/gnu/h-x86_64-mingw32/bin/../lib/gcc/nios2-elf/4.9.2/../../../../../H-x86_64-mingw32/nios2-elf/lib\libsmallc.a(lib_a-impure.o)
 .debug_line    0x0000000000002786      0x168 f:/tools/bin/altera/15.1/nios2eds/bin/gnu/h-x86_64-mingw32/bin/../lib/gcc/nios2-elf/4.9.2/../../../../../H-x86_64-mingw32/nios2-elf/lib\libsmallc.a(lib_a-memmove.o)
 .debug_line    0x00000000000028ee      0x159 f:/tools/bin/altera/15.1/nios2eds/bin/gnu/h-x86_64-mingw32/bin/../lib/gcc/nios2-elf/4.9.2/../../../../../H-x86_64-mingw32/nios2-elf/lib\libsmallc.a(lib_a-strlen.o)
 .debug_line    0x0000000000002a47      0x353 f:/tools/bin/altera/15.1/nios2eds/bin/gnu/h-x86_64-mingw32/bin/../lib/gcc/nios2-elf/4.9.2/../../../../../H-x86_64-mingw32/nios2-elf/lib\libsmallc.a(lib_a-vfprintf.o)
 .debug_line    0x0000000000002d9a      0x1ea f:/tools/bin/altera/15.1/nios2eds/bin/gnu/h-x86_64-mingw32/bin/../lib/gcc/nios2-elf/4.9.2/../../../../../H-x86_64-mingw32/nios2-elf/lib\libsmallc.a(lib_a-writer.o)
 .debug_line    0x0000000000002f84       0x5c f:/tools/bin/altera/15.1/nios2eds/bin/gnu/h-x86_64-mingw32/bin/../lib/gcc/nios2-elf/4.9.2/../../../../../H-x86_64-mingw32/nios2-elf/lib\libsmallc.a(lib_a-int_errno.o)
 .debug_line    0x0000000000002fe0       0xed ../rx_fluid_nios_bsp/\libhal_bsp.a(alt_irq_register.o)
 .debug_line    0x00000000000030cd       0x50 ../rx_fluid_nios_bsp/\libhal_bsp.a(alt_irq_vars.o)
 .debug_line    0x000000000000311d       0xa6 ../rx_fluid_nios_bsp/\libhal_bsp.a(alt_load.o)
 .debug_line    0x00000000000031c3       0xbd ../rx_fluid_nios_bsp/\libhal_bsp.a(alt_main.o)
 .debug_line    0x0000000000003280      0x16e ../rx_fluid_nios_bsp/\libhal_bsp.a(alt_write.o)
 .debug_line    0x00000000000033ee      0x133 ../rx_fluid_nios_bsp/\libhal_bsp.a(alt_sys_init.o)
 .debug_line    0x0000000000003521      0x17b ../rx_fluid_nios_bsp/\libhal_bsp.a(altera_avalon_jtag_uart_init.o)
 .debug_line    0x000000000000369c      0x177 ../rx_fluid_nios_bsp/\libhal_bsp.a(altera_avalon_jtag_uart_write.o)
 .debug_line    0x0000000000003813       0x84 ../rx_fluid_nios_bsp/\libhal_bsp.a(altera_avalon_sysid_qsys.o)
 .debug_line    0x0000000000003897      0x103 ../rx_fluid_nios_bsp/\libhal_bsp.a(altera_avalon_timer_sc.o)
 .debug_line    0x000000000000399a       0x95 ../rx_fluid_nios_bsp/\libhal_bsp.a(i2c_master.o)
 .debug_line    0x0000000000003a2f       0xf2 ../rx_fluid_nios_bsp/\libhal_bsp.a(alt_alarm_start.o)
 .debug_line    0x0000000000003b21       0x4e ../rx_fluid_nios_bsp/\libhal_bsp.a(alt_dcache_flush_all.o)
 .debug_line    0x0000000000003b6f       0x51 ../rx_fluid_nios_bsp/\libhal_bsp.a(alt_errno.o)
 .debug_line    0x0000000000003bc0       0x87 ../rx_fluid_nios_bsp/\libhal_bsp.a(alt_icache_flush_all.o)
 .debug_line    0x0000000000003c47       0xf1 ../rx_fluid_nios_bsp/\libhal_bsp.a(alt_iic.o)
 .debug_line    0x0000000000003d38       0xd6 ../rx_fluid_nios_bsp/\libhal_bsp.a(alt_iic_isr_register.o)
 .debug_line    0x0000000000003e0e       0x6b ../rx_fluid_nios_bsp/\libhal_bsp.a(alt_irq_entry.o)
 .debug_line    0x0000000000003e79       0xa5 ../rx_fluid_nios_bsp/\libhal_bsp.a(alt_irq_handler.o)
 .debug_line    0x0000000000003f1e      0x104 ../rx_fluid_nios_bsp/\libhal_bsp.a(alt_tick.o)
 .debug_line    0x0000000000004022       0x50 ../rx_fluid_nios_bsp/\libhal_bsp.a(altera_nios2_gen2_irq.o)
 .debug_line    0x0000000000004072       0xb3 ../rx_fluid_nios_bsp/\libhal_bsp.a(alt_exception_entry.o)
 .debug_line    0x0000000000004125       0x7d ../rx_fluid_nios_bsp/\libhal_bsp.a(alt_icache_flush.o)
 .debug_line    0x00000000000041a2       0xc7 ../rx_fluid_nios_bsp/\libhal_bsp.a(alt_instruction_exception_entry.o)

.debug_frame    0x0000000000000000     0x1170
 *(.debug_frame)
 .debug_frame   0x0000000000000000       0x34 obj/default/AMC7891.o
 .debug_frame   0x0000000000000034       0x34 obj/default/MAX31865.o
 .debug_frame   0x0000000000000068       0x60 obj/default/adc_thermistor.o
 .debug_frame   0x00000000000000c8       0x70 obj/default/average.o
 .debug_frame   0x0000000000000138       0xac obj/default/comm.o
 .debug_frame   0x00000000000001e4       0x80 obj/default/fifo.o
 .debug_frame   0x0000000000000264       0xb0 obj/default/heater.o
 .debug_frame   0x0000000000000314       0x38 obj/default/i2c.o
 .debug_frame   0x000000000000034c      0x260 obj/default/ink_ctrl.o
 .debug_frame   0x00000000000005ac       0x8c obj/default/log.o
 .debug_frame   0x0000000000000638       0x78 obj/default/main.o
 .debug_frame   0x00000000000006b0       0x64 obj/default/pid.o
 .debug_frame   0x0000000000000714       0xd8 obj/default/pres.o
 .debug_frame   0x00000000000007ec       0xf8 obj/default/timer.o
 .debug_frame   0x00000000000008e4       0x80 obj/default/trprintf.o
 .debug_frame   0x0000000000000964       0x38 obj/default/version.o
 .debug_frame   0x000000000000099c       0x54 f:/tools/bin/altera/15.1/nios2eds/bin/gnu/h-x86_64-mingw32/bin/../lib/gcc/nios2-elf/4.9.2\libgcc.a(_divdi3.o)
 .debug_frame   0x00000000000009f0       0x8c f:/tools/bin/altera/15.1/nios2eds/bin/gnu/h-x86_64-mingw32/bin/../lib/gcc/nios2-elf/4.9.2\libgcc.a(lib2-divmod.o)
 .debug_frame   0x0000000000000a7c       0x20 f:/tools/bin/altera/15.1/nios2eds/bin/gnu/h-x86_64-mingw32/bin/../lib/gcc/nios2-elf/4.9.2/../../../../../H-x86_64-mingw32/nios2-elf/lib\libsmallc.a(lib_a-memcpy.o)
 .debug_frame   0x0000000000000a9c       0x20 f:/tools/bin/altera/15.1/nios2eds/bin/gnu/h-x86_64-mingw32/bin/../lib/gcc/nios2-elf/4.9.2/../../../../../H-x86_64-mingw32/nios2-elf/lib\libsmallc.a(lib_a-memset.o)
 .debug_frame   0x0000000000000abc       0x48 f:/tools/bin/altera/15.1/nios2eds/bin/gnu/h-x86_64-mingw32/bin/../lib/gcc/nios2-elf/4.9.2/../../../../../H-x86_64-mingw32/nios2-elf/lib\libsmallc.a(lib_a-sprintf.o)
 .debug_frame   0x0000000000000b04       0x8c f:/tools/bin/altera/15.1/nios2eds/bin/gnu/h-x86_64-mingw32/bin/../lib/gcc/nios2-elf/4.9.2/../../../../../H-x86_64-mingw32/nios2-elf/lib\libsmallc.a(lib_a-svfprintf.o)
 .debug_frame   0x0000000000000b90       0x20 f:/tools/bin/altera/15.1/nios2eds/bin/gnu/h-x86_64-mingw32/bin/../lib/gcc/nios2-elf/4.9.2/../../../../../H-x86_64-mingw32/nios2-elf/lib\libsmallc.a(lib_a-vprintf.o)
 .debug_frame   0x0000000000000bb0       0x40 f:/tools/bin/altera/15.1/nios2eds/bin/gnu/h-x86_64-mingw32/bin/../lib/gcc/nios2-elf/4.9.2/../../../../../H-x86_64-mingw32/nios2-elf/lib\libsmallc.a(lib_a-fvwrite_small_dev.o)
 .debug_frame   0x0000000000000bf0       0x34 f:/tools/bin/altera/15.1/nios2eds/bin/gnu/h-x86_64-mingw32/bin/../lib/gcc/nios2-elf/4.9.2/../../../../../H-x86_64-mingw32/nios2-elf/lib\libsmallc.a(lib_a-fvwrite_small_str.o)
 .debug_frame   0x0000000000000c24       0x20 f:/tools/bin/altera/15.1/nios2eds/bin/gnu/h-x86_64-mingw32/bin/../lib/gcc/nios2-elf/4.9.2/../../../../../H-x86_64-mingw32/nios2-elf/lib\libsmallc.a(lib_a-memmove.o)
 .debug_frame   0x0000000000000c44       0x20 f:/tools/bin/altera/15.1/nios2eds/bin/gnu/h-x86_64-mingw32/bin/../lib/gcc/nios2-elf/4.9.2/../../../../../H-x86_64-mingw32/nios2-elf/lib\libsmallc.a(lib_a-strlen.o)
 .debug_frame   0x0000000000000c64       0x8c f:/tools/bin/altera/15.1/nios2eds/bin/gnu/h-x86_64-mingw32/bin/../lib/gcc/nios2-elf/4.9.2/../../../../../H-x86_64-mingw32/nios2-elf/lib\libsmallc.a(lib_a-vfprintf.o)
 .debug_frame   0x0000000000000cf0       0x38 f:/tools/bin/altera/15.1/nios2eds/bin/gnu/h-x86_64-mingw32/bin/../lib/gcc/nios2-elf/4.9.2/../../../../../H-x86_64-mingw32/nios2-elf/lib\libsmallc.a(lib_a-writer.o)
 .debug_frame   0x0000000000000d28       0x20 ../rx_fluid_nios_bsp/\libhal_bsp.a(alt_irq_register.o)
 .debug_frame   0x0000000000000d48       0x30 ../rx_fluid_nios_bsp/\libhal_bsp.a(alt_load.o)
 .debug_frame   0x0000000000000d78       0x2c ../rx_fluid_nios_bsp/\libhal_bsp.a(alt_main.o)
 .debug_frame   0x0000000000000da4       0x2c ../rx_fluid_nios_bsp/\libhal_bsp.a(alt_write.o)
 .debug_frame   0x0000000000000dd0       0x48 ../rx_fluid_nios_bsp/\libhal_bsp.a(alt_sys_init.o)
 .debug_frame   0x0000000000000e18       0x64 ../rx_fluid_nios_bsp/\libhal_bsp.a(altera_avalon_jtag_uart_init.o)
 .debug_frame   0x0000000000000e7c       0x54 ../rx_fluid_nios_bsp/\libhal_bsp.a(altera_avalon_jtag_uart_write.o)
 .debug_frame   0x0000000000000ed0       0x20 ../rx_fluid_nios_bsp/\libhal_bsp.a(altera_avalon_sysid_qsys.o)
 .debug_frame   0x0000000000000ef0       0x4c ../rx_fluid_nios_bsp/\libhal_bsp.a(altera_avalon_timer_sc.o)
 .debug_frame   0x0000000000000f3c       0x60 ../rx_fluid_nios_bsp/\libhal_bsp.a(i2c_master.o)
 .debug_frame   0x0000000000000f9c       0x20 ../rx_fluid_nios_bsp/\libhal_bsp.a(alt_alarm_start.o)
 .debug_frame   0x0000000000000fbc       0x20 ../rx_fluid_nios_bsp/\libhal_bsp.a(alt_dcache_flush_all.o)
 .debug_frame   0x0000000000000fdc       0x20 ../rx_fluid_nios_bsp/\libhal_bsp.a(alt_icache_flush_all.o)
 .debug_frame   0x0000000000000ffc       0x50 ../rx_fluid_nios_bsp/\libhal_bsp.a(alt_iic.o)
 .debug_frame   0x000000000000104c       0x30 ../rx_fluid_nios_bsp/\libhal_bsp.a(alt_iic_isr_register.o)
 .debug_frame   0x000000000000107c       0x34 ../rx_fluid_nios_bsp/\libhal_bsp.a(alt_irq_handler.o)
 .debug_frame   0x00000000000010b0       0x50 ../rx_fluid_nios_bsp/\libhal_bsp.a(alt_tick.o)
 .debug_frame   0x0000000000001100       0x20 ../rx_fluid_nios_bsp/\libhal_bsp.a(altera_nios2_gen2_irq.o)
 .debug_frame   0x0000000000001120       0x20 ../rx_fluid_nios_bsp/\libhal_bsp.a(alt_icache_flush.o)
 .debug_frame   0x0000000000001140       0x30 ../rx_fluid_nios_bsp/\libhal_bsp.a(alt_instruction_exception_entry.o)

.debug_str      0x0000000000000000     0x2f1c
 *(.debug_str)
 .debug_str     0x0000000000000000      0x13f obj/default/AMC7891.o
                                        0x182 (size before relaxing)
 .debug_str     0x000000000000013f       0x19 obj/default/MAX31865.o
                                        0x17c (size before relaxing)
 .debug_str     0x0000000000000158       0x6e obj/default/adc_thermistor.o
                                        0x179 (size before relaxing)
 .debug_str     0x00000000000001c6       0x3c obj/default/average.o
                                        0x13e (size before relaxing)
 .debug_str     0x0000000000000202       0x85 obj/default/comm.o
                                        0x193 (size before relaxing)
 .debug_str     0x0000000000000287       0x3b obj/default/fifo.o
                                        0x14f (size before relaxing)
 .debug_str     0x00000000000002c2      0xcae obj/default/heater.o
                                        0xe1c (size before relaxing)
 .debug_str     0x0000000000000f70        0xf obj/default/i2c.o
                                        0x16a (size before relaxing)
 .debug_str     0x0000000000000f7f      0x2d8 obj/default/ink_ctrl.o
                                       0x10ae (size before relaxing)
 .debug_str     0x0000000000001257       0x24 obj/default/log.o
                                        0xdc0 (size before relaxing)
 .debug_str     0x000000000000127b       0x6e obj/default/main.o
                                        0xe64 (size before relaxing)
 .debug_str     0x00000000000012e9       0x25 obj/default/pid.o
                                        0x15b (size before relaxing)
 .debug_str     0x000000000000130e       0x97 obj/default/pres.o
                                        0xb2e (size before relaxing)
 .debug_str     0x00000000000013a5       0xcb obj/default/timer.o
                                        0xecb (size before relaxing)
 .debug_str     0x0000000000001470       0x58 obj/default/trprintf.o
                                        0x162 (size before relaxing)
 .debug_str     0x00000000000014c8       0x1f obj/default/version.o
                                        0x155 (size before relaxing)
 .debug_str     0x00000000000014e7      0x1e6 f:/tools/bin/altera/15.1/nios2eds/bin/gnu/h-x86_64-mingw32/bin/../lib/gcc/nios2-elf/4.9.2\libgcc.a(_divdi3.o)
                                        0x273 (size before relaxing)
 .debug_str     0x00000000000016cd       0xee f:/tools/bin/altera/15.1/nios2eds/bin/gnu/h-x86_64-mingw32/bin/../lib/gcc/nios2-elf/4.9.2\libgcc.a(lib2-divmod.o)
                                        0x1b6 (size before relaxing)
 .debug_str     0x0000000000000000      0x1bb f:/tools/bin/altera/15.1/nios2eds/bin/gnu/h-x86_64-mingw32/bin/../lib/gcc/nios2-elf/4.9.2\libgcc.a(_clz.o)
 .debug_str     0x00000000000017bb      0x132 f:/tools/bin/altera/15.1/nios2eds/bin/gnu/h-x86_64-mingw32/bin/../lib/gcc/nios2-elf/4.9.2/../../../../../H-x86_64-mingw32/nios2-elf/lib\libsmallc.a(lib_a-memcpy.o)
                                        0x1cb (size before relaxing)
 .debug_str     0x00000000000018ed       0x41 f:/tools/bin/altera/15.1/nios2eds/bin/gnu/h-x86_64-mingw32/bin/../lib/gcc/nios2-elf/4.9.2/../../../../../H-x86_64-mingw32/nios2-elf/lib\libsmallc.a(lib_a-memset.o)
                                        0x1b7 (size before relaxing)
 .debug_str     0x000000000000192e      0x3ba f:/tools/bin/altera/15.1/nios2eds/bin/gnu/h-x86_64-mingw32/bin/../lib/gcc/nios2-elf/4.9.2/../../../../../H-x86_64-mingw32/nios2-elf/lib\libsmallc.a(lib_a-sprintf.o)
                                        0x501 (size before relaxing)
 .debug_str     0x0000000000001ce8      0x20f f:/tools/bin/altera/15.1/nios2eds/bin/gnu/h-x86_64-mingw32/bin/../lib/gcc/nios2-elf/4.9.2/../../../../../H-x86_64-mingw32/nios2-elf/lib\libsmallc.a(lib_a-svfprintf.o)
                                        0x672 (size before relaxing)
 .debug_str     0x0000000000001ef7       0x56 f:/tools/bin/altera/15.1/nios2eds/bin/gnu/h-x86_64-mingw32/bin/../lib/gcc/nios2-elf/4.9.2/../../../../../H-x86_64-mingw32/nios2-elf/lib\libsmallc.a(lib_a-vprintf.o)
                                        0x4c2 (size before relaxing)
 .debug_str     0x0000000000001f4d       0x7e f:/tools/bin/altera/15.1/nios2eds/bin/gnu/h-x86_64-mingw32/bin/../lib/gcc/nios2-elf/4.9.2/../../../../../H-x86_64-mingw32/nios2-elf/lib\libsmallc.a(lib_a-fvwrite_small_dev.o)
                                        0x4bc (size before relaxing)
 .debug_str     0x0000000000001fcb       0x61 f:/tools/bin/altera/15.1/nios2eds/bin/gnu/h-x86_64-mingw32/bin/../lib/gcc/nios2-elf/4.9.2/../../../../../H-x86_64-mingw32/nios2-elf/lib\libsmallc.a(lib_a-fvwrite_small_str.o)
                                        0x4cf (size before relaxing)
 .debug_str     0x000000000000202c       0xe1 f:/tools/bin/altera/15.1/nios2eds/bin/gnu/h-x86_64-mingw32/bin/../lib/gcc/nios2-elf/4.9.2/../../../../../H-x86_64-mingw32/nios2-elf/lib\libsmallc.a(lib_a-impure.o)
                                        0x496 (size before relaxing)
 .debug_str     0x000000000000210d       0x54 f:/tools/bin/altera/15.1/nios2eds/bin/gnu/h-x86_64-mingw32/bin/../lib/gcc/nios2-elf/4.9.2/../../../../../H-x86_64-mingw32/nios2-elf/lib\libsmallc.a(lib_a-memmove.o)
                                        0x1d2 (size before relaxing)
 .debug_str     0x0000000000002161       0x3a f:/tools/bin/altera/15.1/nios2eds/bin/gnu/h-x86_64-mingw32/bin/../lib/gcc/nios2-elf/4.9.2/../../../../../H-x86_64-mingw32/nios2-elf/lib\libsmallc.a(lib_a-strlen.o)
                                        0x1bd (size before relaxing)
 .debug_str     0x000000000000219b       0x17 f:/tools/bin/altera/15.1/nios2eds/bin/gnu/h-x86_64-mingw32/bin/../lib/gcc/nios2-elf/4.9.2/../../../../../H-x86_64-mingw32/nios2-elf/lib\libsmallc.a(lib_a-vfprintf.o)
                                        0x66a (size before relaxing)
 .debug_str     0x00000000000021b2       0x39 f:/tools/bin/altera/15.1/nios2eds/bin/gnu/h-x86_64-mingw32/bin/../lib/gcc/nios2-elf/4.9.2/../../../../../H-x86_64-mingw32/nios2-elf/lib\libsmallc.a(lib_a-writer.o)
                                        0x490 (size before relaxing)
 .debug_str     0x00000000000021eb       0x3c f:/tools/bin/altera/15.1/nios2eds/bin/gnu/h-x86_64-mingw32/bin/../lib/gcc/nios2-elf/4.9.2/../../../../../H-x86_64-mingw32/nios2-elf/lib\libsmallc.a(lib_a-int_errno.o)
                                        0x1b0 (size before relaxing)
 .debug_str     0x0000000000002227      0x143 ../rx_fluid_nios_bsp/\libhal_bsp.a(alt_irq_register.o)
                                        0x1ed (size before relaxing)
 .debug_str     0x000000000000236a       0x17 ../rx_fluid_nios_bsp/\libhal_bsp.a(alt_irq_vars.o)
                                        0x12b (size before relaxing)
 .debug_str     0x0000000000002381      0x113 ../rx_fluid_nios_bsp/\libhal_bsp.a(alt_load.o)
                                        0x221 (size before relaxing)
 .debug_str     0x0000000000002494       0x5e ../rx_fluid_nios_bsp/\libhal_bsp.a(alt_main.o)
                                        0x19a (size before relaxing)
 .debug_str     0x00000000000024f2       0x74 ../rx_fluid_nios_bsp/\libhal_bsp.a(alt_write.o)
                                        0x1c3 (size before relaxing)
 .debug_str     0x0000000000002566      0x129 ../rx_fluid_nios_bsp/\libhal_bsp.a(alt_sys_init.o)
                                        0x308 (size before relaxing)
 .debug_str     0x000000000000268f       0xde ../rx_fluid_nios_bsp/\libhal_bsp.a(altera_avalon_jtag_uart_init.o)
                                        0x34e (size before relaxing)
 .debug_str     0x000000000000276d       0x2c ../rx_fluid_nios_bsp/\libhal_bsp.a(altera_avalon_jtag_uart_write.o)
                                        0x2d5 (size before relaxing)
 .debug_str     0x0000000000002799       0x61 ../rx_fluid_nios_bsp/\libhal_bsp.a(altera_avalon_sysid_qsys.o)
                                        0x162 (size before relaxing)
 .debug_str     0x00000000000027fa       0x5d ../rx_fluid_nios_bsp/\libhal_bsp.a(altera_avalon_timer_sc.o)
                                        0x25a (size before relaxing)