<html>
<body>
<pre>
<h1>µVision Build Log</h1>
<h2>Tool Versions:</h2>
IDE-Version: µVision V5.17.0.0
Copyright (C) 2015 ARM Ltd and ARM Germany GmbH. All rights reserved.
License Information: Marcel Galliker, Radex AG, LIC=----
 
Tool Versions:
Toolchain:       MDK-Lite  Version: 5.17
Toolchain Path:  C:\Keil_v5_spansion\ARM\ARMCC\Bin
C Compiler:      Armcc.exe V5.06 update 1 (build 61)
Assembler:       Armasm.exe V5.06 update 1 (build 61)
Linker/Locator:  ArmLink.exe V5.06 update 1 (build 61)
Library Manager: ArmAr.exe V5.06 update 1 (build 61)
Hex Converter:   FromElf.exe V5.06 update 1 (build 61)
CPU DLL:         SARMCM3.DLL V5.17
Dialog DLL:      DCM.DLL V1.13.4.0
Target DLL:      UL2CM3.DLL V1.156.1.0
Dialog DLL:      TCM.DLL V1.14.6.0
 
<h2>Project:</h2>
C:\Develop\PrintEngine-TX80x\rx_head_cond\rx_head_cond.uvprojx
Project File Date:  01/23/2020

<h2>Output:</h2>
*** Using Compiler 'V5.06 update 1 (build 61)', folder: 'C:\Keil_v5_spansion\ARM\ARMCC\Bin'
Build target 'MB9BFxx4_Release'
Clean started - Project: 'rx_head_cond'
   deleting intermediate output files for target 'MB9BFxx4_Release'
Before Build - User command #1: ..\VersionUpdate.exe .\source\version.c
update >>.\source\version.c<<
txt file >>.\source\version.txt<<
compiling system_mb9abxxx.c...
compiling main.c...
compiling iomux.c...
compiling i2c.c...
compiling debug_printf.c...
compiling uart.c...
compiling version.c...
compiling watchdog.c...
compiling temp_ctrl.c...
compiling pres.c...
compiling pump_ctrl.c...
assembling startup_mb9bf16xl.s...
compiling eeprom.c...
compiling average.c...
compiling pid.c...
compiling i2c_bitbang.c...
compiling ctr.c...
compiling pdl.c...
compiling clk.c...
compiling work_flash.c...
compiling comm.c...
compiling fifo.c...
compiling rx_ink_common.c...
linking...
Program Size: Code=28536 RO-data=1664 RW-data=336 ZI-data=5464  
".\_out\Release-cond\rx_head_cond.axf" - 0 Error(s), 0 Warning(s).

*** Performing Cross-Module-Optimization:
compiling system_mb9abxxx.c...
compiling main.c...
compiling iomux.c...
compiling i2c.c...
compiling debug_printf.c...
compiling uart.c...
compiling watchdog.c...
compiling temp_ctrl.c...
compiling pres.c...
compiling pump_ctrl.c...
compiling eeprom.c...
compiling i2c_bitbang.c...
compiling pdl.c...
compiling clk.c...
compiling work_flash.c...
compiling rx_ink_common.c...
linking...
Program Size: Code=17192 RO-data=1664 RW-data=336 ZI-data=5296  
compiling system_mb9abxxx.c...
compiling main.c...
compiling iomux.c...
compiling i2c.c...
compiling debug_printf.c...
compiling uart.c...
compiling watchdog.c...
compiling temp_ctrl.c...
compiling pres.c...
compiling pump_ctrl.c...
compiling eeprom.c...
compiling i2c_bitbang.c...
compiling pdl.c...
compiling clk.c...
compiling work_flash.c...
compiling rx_ink_common.c...
linking...
Program Size: Code=17192 RO-data=1664 RW-data=336 ZI-data=5296  
FromELF: creating hex file...
After Build - User command #1: fromelf.exe --bin --output=_out\Release-cond\rx_head_cond.bin _out\Release-cond\rx_head_cond.axf
After Build - User command #2: C:\Windows\System32\cmd.exe /C copy /B _out\Release-cond\rx_head_cond.bin+.\source\version.txt ..\bin\head\rx_head_cond
_out\Release-cond\rx_head_cond.bin
.\source\version.txt
        1 Datei(en) kopiert.
".\_out\Release-cond\rx_head_cond.axf" - 0 Error(s), 0 Warning(s).
*** Completed Cross-Module-Optimization after 3 iteration(s).

<h2>Software Packages used:</h2>

Package Vendor: ARM
                http://www.keil.com/pack/ARM.CMSIS.4.5.0.pack
                ARM::CMSIS:CORE:4.3.0
                CMSIS (Cortex Microcontroller Software Interface Standard)
   * Component: CORE Version: 4.3.0

<h2>Collection of Component include folders:</h2>
  C:\Develop\PrintEngine-TX80x\rx_head_cond\RTE
  C:\Keil_v5_spansion\ARM\PACK\ARM\CMSIS\4.5.0\CMSIS\Include
  C:\Keil_v5_spansion\ARM\PACK\Keil\FM4_DFP\1.5.0\Device\MB9B160L\Include

<h2>Collection of Component Files used:</h2>

   * Component: ARM::CMSIS:CORE:4.3.0
Build Time Elapsed:  00:01:17
</pre>
</body>
</html>
